08-30 16:47:01.089  1164  1209 I chatty  : uid=1000(system) android.bg expire 1 line
08-30 16:54:54.125 22184 26581 E ActivityThread: Failed to find provider info for com.facebook.mlite.sso.MessengerLoggedInUserProvider
08-30 17:00:49.612  1164  1220 I chatty  : uid=1000(system) PowerManagerSer expire 11 lines
08-30 17:00:49.646  1164  1218 I chatty  : uid=1000(system) android.display expire 4 lines
08-30 17:00:49.668  1164  1212 I chatty  : uid=1000(system) ActivityManager expire 9 lines
08-30 17:00:49.696  1164  1164 I chatty  : uid=1000 system_server expire 14 lines
08-30 17:00:50.079  1164  3385 I chatty  : uid=1000(system) Binder:1164_17 expire 3 lines
08-30 17:00:50.112  1164  1210 I chatty  : uid=1000(system) ActivityManager expire 17 lines
08-30 17:00:50.121  1164  3396 I chatty  : uid=1000(system) Binder:1164_19 expire 5 lines
08-30 17:00:50.133  1164  4965 I chatty  : uid=1000(system) Binder:1164_1D expire 9 lines
08-30 17:00:50.916  1164  1192 I chatty  : uid=1000(system) Binder:1164_2 expire 5 lines
08-30 17:00:51.014  1164  3277 I chatty  : uid=1000(system) Binder:1164_11 expire 2 lines
08-30 17:00:54.279  1164  1560 I chatty  : uid=1000(system) Binder:1164_3 expire 5 lines
08-30 17:00:57.449  1164  1677 I chatty  : uid=1000(system) Binder:1164_4 expire 3 lines
08-30 17:01:01.695  1164  3363 I chatty  : uid=1000(system) Binder:1164_14 expire 4 lines
08-30 17:01:04.140  1688  1688 V DeadZone: consuming errant click: (816.0,14.0)
08-30 17:01:04.144  1688  1688 V DeadZone: consuming errant click: (816.0,14.0)
08-30 17:01:09.751  1164  1506 I chatty  : uid=1000(system) InputReader expire 4 lines
08-30 17:01:09.752  1164  1164 I chatty  : uid=1000 system_server expire 20 lines
08-30 17:01:10.487  1164  1216 I chatty  : uid=1000(system) android.fg expire 9 lines
08-30 17:01:10.982  1164  2003 I chatty  : uid=1000(system) Binder:1164_8 expire 1 line
08-30 17:01:11.184  1164  3347 I chatty  : uid=1000(system) Binder:1164_12 expire 4 lines
08-30 17:01:52.610  1164  1217 I chatty  : uid=1000(system) android.io expire 2 lines
08-30 17:03:18.069  1164  1546 I chatty  : uid=1000(system) ConnectivitySer expire 11 lines
08-30 17:04:55.126  1164  1680 I chatty  : uid=1000(system) Binder:1164_5 expire 4 lines
08-30 17:04:56.130  1164  1994 I chatty  : uid=1000(system) Binder:1164_6 expire 2 lines
08-30 17:04:56.418 19467 19467 E SchedPolicy: set_timerslack_ns write failed: Operation not permitted
08-30 17:04:59.603  1164  1164 I chatty  : uid=1000 system_server expire 8 lines
08-30 17:05:10.027  1164  1220 I chatty  : uid=1000(system) PowerManagerSer expire 5 lines
08-30 17:05:10.151  1164  1210 I chatty  : uid=1000(system) ActivityManager expire 12 lines
08-30 17:05:10.369  1164  3723 I chatty  : uid=1000(system) Binder:1164_1B expire 1 line
08-30 17:05:10.649  1164  6197 I chatty  : uid=1000(system) Binder:1164_1E expire 2 lines
08-30 17:06:19.334  1164  1214 I chatty  : uid=1000(system) batterystats-wo expire 1 line
08-30 17:07:19.562   922   922 W wificond: Skip match ssid for pno scan: 201Lobby, One Medical Guest, BOXPARK FREE WIFI, Marriott_CONFERENCE, Madelines iPhone, wifi43-5G, De Brabantse Aap, De Prins, _Kefairport-FreeWifi, Gatwick FREE Wi-Fi, JOE & THE JUICE, _ST PANCRAS FREE, Anne Frank House, Verona Guest, Blacksheep FREE WiFi, OnePlus3, DerwentGuest, _Free Islington, ChaiFi, TheContinentalBar_FREE_WIFI, EurostarTrainsWiFi, Free Wifi Heineken, Amstelring_Gast, Phutakun, ARKET Free WiFi, Mocomuseum Guest, Airport_Free_WiFi_, ATT088, EVA-WiFi, OCEAN GARDEN, YURIS APARTEMENT1, WARE WARE, Viroth-Hotel, V-Design Downstair, Saint-Honore, serene4, Tocotoco Free Wifi, serene2, NIA-MegaNet FreeWifi, visigoth
08-30 17:07:19.562   922   922 I wificond: Pno scan started
08-30 17:07:19.599  1164  1210 I chatty  : uid=1000(system) ActivityManager expire 8 lines
08-30 17:07:19.601  1164  1530 I chatty  : uid=1000(system) NetworkPolicy expire 3 lines
08-30 17:07:20.251  1164  1546 I chatty  : uid=1000(system) ConnectivitySer expire 13 lines
08-30 17:07:24.402  1164  1210 I chatty  : uid=1000(system) ActivityManager expire 11 lines
08-30 17:07:25.703  1164  8174 I chatty  : uid=1000(system) Binder:1164_1F expire 4 lines
08-30 17:07:25.807  1164  4965 I chatty  : uid=1000(system) Binder:1164_1D expire 4 lines
08-30 17:07:26.864  1164  1212 I chatty  : uid=1000(system) ActivityManager expire 1 line
08-30 17:07:30.740  1164  3363 I chatty  : uid=1000(system) Binder:1164_14 expire 6 lines
08-30 17:09:15.166  1164  1164 I chatty  : uid=1000 system_server expire 20 lines
08-30 17:09:15.181  1164 18099 I chatty  : uid=1000(system) Binder:1164_20 expire 6 lines
08-30 17:09:15.188  1164  1220 I chatty  : uid=1000(system) PowerManagerSer expire 10 lines
08-30 17:09:15.212  1164  1218 I chatty  : uid=1000(system) android.display expire 5 lines
08-30 17:09:15.565  1164  1211 I chatty  : uid=1000(system) android.ui expire 4 lines
08-30 17:09:15.608   922   922 I wificond: Pno scan stopped
08-30 17:09:15.672  1164  6197 I chatty  : uid=1000(system) Binder:1164_1E expire 2 lines
08-30 17:09:16.523  1164  3725 I chatty  : uid=1000(system) Binder:1164_1C expire 5 lines
08-30 17:09:18.389  1164  3723 I chatty  : uid=1000(system) Binder:1164_1B expire 10 lines
08-30 17:09:26.737  1164  1505 I chatty  : uid=1000(system) InputDispatcher expire 1 line
08-30 17:09:27.776  1164  1506 I chatty  : uid=1000(system) InputReader expire 5 lines
08-30 17:09:28.527  1164  1216 I chatty  : uid=1000(system) android.fg expire 6 lines
08-30 17:09:28.691   922   922 W wificond: Skip match ssid for pno scan: 201Lobby, One Medical Guest, BOXPARK FREE WIFI, Marriott_CONFERENCE, Madelines iPhone, wifi43-5G, De Brabantse Aap, De Prins, _Kefairport-FreeWifi, Gatwick FREE Wi-Fi, JOE & THE JUICE, _ST PANCRAS FREE, Anne Frank House, Verona Guest, Blacksheep FREE WiFi, OnePlus3, DerwentGuest, _Free Islington, ChaiFi, TheContinentalBar_FREE_WIFI, EurostarTrainsWiFi, Free Wifi Heineken, Amstelring_Gast, Phutakun, ARKET Free WiFi, Mocomuseum Guest, Airport_Free_WiFi_, ATT088, EVA-WiFi, OCEAN GARDEN, YURIS APARTEMENT1, WARE WARE, Viroth-Hotel, V-Design Downstair, Saint-Honore, serene4, Tocotoco Free Wifi, serene2, NIA-MegaNet FreeWifi, visigoth
08-30 17:09:28.691   922   922 I wificond: Pno scan started
08-30 17:09:28.757  1164  1164 I chatty  : uid=1000 system_server expire 23 lines
08-30 17:09:28.943  1164  3396 I chatty  : uid=1000(system) Binder:1164_19 expire 6 lines
08-30 17:09:28.950  1164  1677 I chatty  : uid=1000(system) Binder:1164_4 expire 3 lines
08-30 17:12:31.192   922   922 I wificond: Pno scan stopped
08-30 17:12:31.210  1164  1210 I chatty  : uid=1000(system) ActivityManager expire 11 lines
08-30 17:12:31.429  1164  1220 I chatty  : uid=1000(system) PowerManagerSer expire 9 lines
08-30 17:12:33.913   922   922 I wificond: Unexpected empty scan result!
08-30 17:12:49.994   922   922 W wificond: Skip match ssid for pno scan: 201Lobby, One Medical Guest, BOXPARK FREE WIFI, Marriott_CONFERENCE, Madelines iPhone, wifi43-5G, De Brabantse Aap, De Prins, _Kefairport-FreeWifi, Gatwick FREE Wi-Fi, JOE & THE JUICE, _ST PANCRAS FREE, Anne Frank House, Verona Guest, Blacksheep FREE WiFi, OnePlus3, DerwentGuest, _Free Islington, ChaiFi, TheContinentalBar_FREE_WIFI, EurostarTrainsWiFi, Free Wifi Heineken, Amstelring_Gast, Phutakun, ARKET Free WiFi, Mocomuseum Guest, Airport_Free_WiFi_, ATT088, EVA-WiFi, OCEAN GARDEN, YURIS APARTEMENT1, WARE WARE, Viroth-Hotel, V-Design Downstair, Saint-Honore, serene4, Tocotoco Free Wifi, serene2, NIA-MegaNet FreeWifi, visigoth
08-30 17:12:49.994   922   922 I wificond: Pno scan started
08-30 17:12:50.037  1164  1164 I chatty  : uid=1000 system_server expire 11 lines
08-30 17:14:33.981   922   922 I wificond: Pno scan stopped
08-30 17:14:34.286 32550 32550 W ViewRootImpl[NexusLauncherActivity]: Cancelling event due to no window focus: KeyEvent { action=ACTION_UP, keyCode=KEYCODE_UNKNOWN, scanCode=203, metaState=0, flags=0x28, repeatCount=0, eventTime=303167763, downTime=303167763, deviceId=0, source=0x101 }
08-30 17:14:34.294 32550 32550 I chatty  : uid=10029(com.google.android.apps.nexuslauncher) identical 5 lines
08-30 17:14:34.294 32550 32550 W ViewRootImpl[NexusLauncherActivity]: Cancelling event due to no window focus: KeyEvent { action=ACTION_UP, keyCode=KEYCODE_UNKNOWN, scanCode=203, metaState=0, flags=0x28, repeatCount=0, eventTime=303167763, downTime=303167763, deviceId=0, source=0x101 }
08-30 17:14:34.294 32550 32550 W ViewRootImpl[NexusLauncherActivity]: Cancelling event due to no window focus: KeyEvent { action=ACTION_UP, keyCode=KEYCODE_UNKNOWN, scanCode=203, metaState=0, flags=0x228, repeatCount=0, eventTime=303167763, downTime=303167763, deviceId=0, source=0x101 }
08-30 17:14:34.294 32550 32550 W ViewRootImpl[NexusLauncherActivity]: Cancelling event due to no window focus: KeyEvent { action=ACTION_UP, keyCode=KEYCODE_UNKNOWN, scanCode=203, metaState=0, flags=0x228, repeatCount=0, eventTime=303167763, downTime=303167763, deviceId=0, source=0x101 }
08-30 17:14:34.474  1164  1210 I chatty  : uid=1000(system) ActivityManager expire 12 lines
08-30 17:14:34.715  1164  3381 I chatty  : uid=1000(system) Binder:1164_16 expire 3 lines
08-30 17:14:51.697  1164  1546 I chatty  : uid=1000(system) ConnectivitySer expire 20 lines
08-30 17:14:51.868   703   718 D NetlinkEvent: Unknown ifindex 79 in RTM_DELADDR
08-30 17:14:51.918  1164  1210 I chatty  : uid=1000(system) ActivityManager expire 11 lines
08-30 17:14:51.920  1164  3725 I chatty  : uid=1000(system) Binder:1164_1C expire 1 line
08-30 17:14:55.058  1164  1209 I chatty  : uid=1000(system) android.bg expire 1 line
08-30 17:14:55.202  1164  3723 I chatty  : uid=1000(system) Binder:1164_1B expire 1 line
08-30 17:14:55.928  1164  1164 I chatty  : uid=1000 system_server expire 11 lines
08-30 17:15:00.259  1164  3396 I chatty  : uid=1000(system) Binder:1164_19 expire 4 lines
08-30 17:15:02.343  1164  8174 I chatty  : uid=1000(system) Binder:1164_1F expire 5 lines
08-30 17:15:02.487  1164  3241 I chatty  : uid=1000(system) Binder:1164_10 expire 3 lines
08-30 17:15:04.104  1164  1220 I chatty  : uid=1000(system) PowerManagerSer expire 9 lines
08-30 17:15:04.688  1164  1218 I chatty  : uid=1000(system) android.display expire 7 lines
08-30 17:15:04.840  1164  1216 I chatty  : uid=1000(system) android.fg expire 3 lines
08-30 17:15:04.939  1164  1680 I chatty  : uid=1000(system) Binder:1164_5 expire 2 lines
08-30 17:15:04.968   922   922 W wificond: Skip match ssid for pno scan: 201Lobby, One Medical Guest, BOXPARK FREE WIFI, Marriott_CONFERENCE, Madelines iPhone, wifi43-5G, De Brabantse Aap, De Prins, _Kefairport-FreeWifi, Gatwick FREE Wi-Fi, JOE & THE JUICE, _ST PANCRAS FREE, Anne Frank House, Verona Guest, Blacksheep FREE WiFi, OnePlus3, DerwentGuest, _Free Islington, ChaiFi, TheContinentalBar_FREE_WIFI, EurostarTrainsWiFi, Free Wifi Heineken, Amstelring_Gast, Phutakun, ARKET Free WiFi, Mocomuseum Guest, Airport_Free_WiFi_, ATT088, EVA-WiFi, OCEAN GARDEN, YURIS APARTEMENT1, WARE WARE, Viroth-Hotel, V-Design Downstair, Saint-Honore, serene4, Tocotoco Free Wifi, serene2, NIA-MegaNet FreeWifi, visigoth
08-30 17:15:04.969   922   922 I wificond: Pno scan started
08-30 17:15:05.120  1164  1190 I chatty  : uid=1000(system) Binder:1164_1 expire 16 lines
08-30 17:15:05.275  1164  2855 I chatty  : uid=1000(system) Binder:1164_B expire 1 line
08-30 17:15:08.473  1164  1192 I chatty  : uid=1000(system) Binder:1164_2 expire 1 line
08-30 17:16:06.775  1164  3363 I chatty  : uid=1000(system) Binder:1164_14 expire 7 lines
08-30 17:16:06.851   922   922 I wificond: Pno scan stopped
08-30 17:16:06.856  1164  1164 I chatty  : uid=1000 system_server expire 37 lines
08-30 17:16:06.865  1164  1210 I chatty  : uid=1000(system) ActivityManager expire 6 lines
08-30 17:16:07.178  1164  1211 I chatty  : uid=1000(system) android.ui expire 2 lines
08-30 17:16:07.205 32550 32550 W ViewRootImpl[NexusLauncherActivity]: Dropping event due to no window focus: KeyEvent { action=ACTION_DOWN, keyCode=KEYCODE_UNKNOWN, scanCode=203, metaState=0, flags=0x8, repeatCount=0, eventTime=303260852, downTime=303260852, deviceId=0, source=0x101 }
08-30 17:16:07.205 32550 32550 W ViewRootImpl[NexusLauncherActivity]: Cancelling event due to no window focus: KeyEvent { action=ACTION_UP, keyCode=KEYCODE_UNKNOWN, scanCode=203, metaState=0, flags=0x28, repeatCount=0, eventTime=303260852, downTime=303260852, deviceId=0, source=0x101 }
08-30 17:16:07.209 32550 32550 I chatty  : uid=10029(com.google.android.apps.nexuslauncher) identical 5 lines
08-30 17:16:07.209 32550 32550 W ViewRootImpl[NexusLauncherActivity]: Cancelling event due to no window focus: KeyEvent { action=ACTION_UP, keyCode=KEYCODE_UNKNOWN, scanCode=203, metaState=0, flags=0x28, repeatCount=0, eventTime=303260852, downTime=303260852, deviceId=0, source=0x101 }
08-30 17:16:07.209 32550 32550 W ViewRootImpl[NexusLauncherActivity]: Cancelling event due to no window focus: KeyEvent { action=ACTION_UP, keyCode=KEYCODE_UNKNOWN, scanCode=203, metaState=0, flags=0x228, repeatCount=0, eventTime=303260852, downTime=303260852, deviceId=0, source=0x101 }
08-30 17:16:07.209 32550 32550 W ViewRootImpl[NexusLauncherActivity]: Cancelling event due to no window focus: KeyEvent { action=ACTION_UP, keyCode=KEYCODE_UNKNOWN, scanCode=203, metaState=0, flags=0x228, repeatCount=0, eventTime=303260852, downTime=303260852, deviceId=0, source=0x101 }
08-30 17:16:07.229  1164  1994 I chatty  : uid=1000(system) Binder:1164_6 expire 5 lines
08-30 17:16:07.286  1164  1677 I chatty  : uid=1000(system) Binder:1164_4 expire 1 line
08-30 17:16:07.493  1164  2176 I chatty  : uid=1000(system) Binder:1164_9 expire 2 lines
08-30 17:16:15.815  1164  1985 I chatty  : uid=1000(system) BluetoothRouteM expire 1 line
08-30 17:16:15.821  1164  1990 I chatty  : uid=1000(system) uteStateMachine expire 10 lines
08-30 17:17:03.867  1164  1212 I chatty  : uid=1000(system) ActivityManager expire 6 lines
08-30 17:17:06.062  1164  3277 I chatty  : uid=1000(system) Binder:1164_11 expire 6 lines
08-30 17:17:11.940  1164  1505 I chatty  : uid=1000(system) InputDispatcher expire 2 lines
08-30 17:17:13.044  1164  2858 I chatty  : uid=1000(system) Binder:1164_C expire 1 line
08-30 17:17:14.348  1164  3347 I chatty  : uid=1000(system) Binder:1164_12 expire 3 lines
08-30 17:17:21.287  1164  1456 I chatty  : uid=1000(system) android.anim expire 4 lines
08-30 17:22:06.750  1164  1164 I chatty  : uid=1000 system_server expire 25 lines
08-30 17:22:37.840  1164  4965 I chatty  : uid=1000(system) Binder:1164_1D expire 11 lines
08-30 17:23:05.944  1164  8174 I chatty  : uid=1000(system) Binder:1164_1F expire 8 lines
08-30 17:24:08.957  1164  1210 I chatty  : uid=1000(system) ActivityManager expire 16 lines
08-30 17:24:46.999  1164  1994 I chatty  : uid=1000(system) Binder:1164_6 expire 6 lines
08-30 17:24:47.031  1164  3723 I chatty  : uid=1000(system) Binder:1164_1B expire 3 lines
08-30 17:24:47.923  1164  1209 I chatty  : uid=1000(system) android.bg expire 4 lines
08-30 17:24:47.924  1164  1546 I chatty  : uid=1000(system) ConnectivitySer expire 3 lines
08-30 17:24:49.140  1164  1530 I chatty  : uid=1000(system) NetworkPolicy expire 1 line
08-30 17:24:49.150  1164  3347 I chatty  : uid=1000(system) Binder:1164_12 expire 4 lines
08-30 17:24:49.162  1164  1677 I chatty  : uid=1000(system) Binder:1164_4 expire 6 lines
08-30 17:25:00.255  1164  1192 I chatty  : uid=1000(system) Binder:1164_2 expire 2 lines
08-30 17:26:24.134  1164  1211 I chatty  : uid=1000(system) android.ui expire 5 lines
08-30 17:26:24.362  1164 18099 I chatty  : uid=1000(system) Binder:1164_20 expire 1 line
08-30 17:26:24.603  1164  3381 I chatty  : uid=1000(system) Binder:1164_16 expire 1 line
08-30 17:26:27.513  1164  1218 I chatty  : uid=1000(system) android.display expire 5 lines
08-30 17:30:20.633  1164  1212 I chatty  : uid=1000(system) ActivityManager expire 6 lines
08-30 17:30:21.013  1164  3385 I chatty  : uid=1000(system) Binder:1164_17 expire 3 lines
08-30 17:32:01.567  1164  1505 I chatty  : uid=1000(system) InputDispatcher expire 5 lines
08-30 17:32:10.065  1164  3362 I chatty  : uid=1000(system) Binder:1164_13 expire 4 lines
08-30 17:32:11.088  1164  1190 I chatty  : uid=1000(system) Binder:1164_1 expire 3 lines
08-30 17:32:11.287  1164  2855 I chatty  : uid=1000(system) Binder:1164_B expire 4 lines
08-30 17:32:18.725  1164  1216 I chatty  : uid=1000(system) android.fg expire 8 lines
08-30 17:32:33.162  1164  1506 I chatty  : uid=1000(system) InputReader expire 2 lines
08-30 17:32:33.674  1164  1220 I chatty  : uid=1000(system) PowerManagerSer expire 14 lines
08-30 17:32:34.118   922   922 W wificond: Skip match ssid for pno scan: 201Lobby, One Medical Guest, BOXPARK FREE WIFI, Marriott_CONFERENCE, Madelines iPhone, wifi43-5G, De Brabantse Aap, De Prins, _Kefairport-FreeWifi, Gatwick FREE Wi-Fi, JOE & THE JUICE, _ST PANCRAS FREE, Anne Frank House, Verona Guest, Blacksheep FREE WiFi, OnePlus3, DerwentGuest, _Free Islington, ChaiFi, TheContinentalBar_FREE_WIFI, EurostarTrainsWiFi, Free Wifi Heineken, Amstelring_Gast, Phutakun, ARKET Free WiFi, Mocomuseum Guest, Airport_Free_WiFi_, ATT088, EVA-WiFi, OCEAN GARDEN, YURIS APARTEMENT1, WARE WARE, Viroth-Hotel, V-Design Downstair, Saint-Honore, serene4, Tocotoco Free Wifi, serene2, NIA-MegaNet FreeWifi, visigoth
08-30 17:32:34.118   922   922 I wificond: Pno scan started
08-30 17:32:35.844  1164  1164 I chatty  : uid=1000 system_server expire 34 lines
08-30 17:34:12.421   922   922 I wificond: Pno scan stopped
08-30 17:34:12.583  1164  4965 I chatty  : uid=1000(system) Binder:1164_1D expire 2 lines
08-30 17:34:12.603  1164  1210 I chatty  : uid=1000(system) ActivityManager expire 6 lines
08-30 17:34:12.927  1164  2858 I chatty  : uid=1000(system) Binder:1164_C expire 1 line
08-30 17:35:05.156   922   922 W wificond: Skip match ssid for pno scan: 201Lobby, One Medical Guest, BOXPARK FREE WIFI, Marriott_CONFERENCE, Madelines iPhone, wifi43-5G, De Brabantse Aap, De Prins, _Kefairport-FreeWifi, Gatwick FREE Wi-Fi, JOE & THE JUICE, _ST PANCRAS FREE, Anne Frank House, Verona Guest, Blacksheep FREE WiFi, OnePlus3, DerwentGuest, _Free Islington, ChaiFi, TheContinentalBar_FREE_WIFI, EurostarTrainsWiFi, Free Wifi Heineken, Amstelring_Gast, Phutakun, ARKET Free WiFi, Mocomuseum Guest, Airport_Free_WiFi_, ATT088, EVA-WiFi, OCEAN GARDEN, YURIS APARTEMENT1, WARE WARE, Viroth-Hotel, V-Design Downstair, Saint-Honore, serene4, Tocotoco Free Wifi, serene2, NIA-MegaNet FreeWifi, visigoth
08-30 17:35:05.156   922   922 I wificond: Pno scan started
08-30 17:35:05.161  1164  1164 I chatty  : uid=1000 system_server expire 15 lines
08-30 17:35:05.511  1164  8174 I chatty  : uid=1000(system) Binder:1164_1F expire 3 lines
08-30 17:35:05.551  1164 18099 I chatty  : uid=1000(system) Binder:1164_20 expire 2 lines
08-30 17:35:05.552  1164  1210 I chatty  : uid=1000(system) ActivityManager expire 11 lines
08-30 17:35:09.162  1164  3385 I chatty  : uid=1000(system) Binder:1164_17 expire 4 lines
08-30 17:36:04.416  1164  3723 I chatty  : uid=1000(system) Binder:1164_1B expire 4 lines
08-30 17:37:49.136  1164  3362 I chatty  : uid=1000(system) Binder:1164_13 expire 2 lines
08-30 17:37:49.149  1164  1220 I chatty  : uid=1000(system) PowerManagerSer expire 10 lines
08-30 17:37:49.170  1164  1218 I chatty  : uid=1000(system) android.display expire 5 lines
08-30 17:37:49.211   922   922 I wificond: Pno scan stopped
08-30 17:37:49.597  1164  1190 I chatty  : uid=1000(system) Binder:1164_1 expire 8 lines
08-30 17:37:49.620  1164  2176 I chatty  : uid=1000(system) Binder:1164_9 expire 2 lines
08-30 17:37:49.897  1164  2858 I chatty  : uid=1000(system) Binder:1164_C expire 3 lines
08-30 17:38:40.502  1164  1505 I chatty  : uid=1000(system) InputDispatcher expire 1 line
08-30 17:38:40.514 19467 19467 E SchedPolicy: set_timerslack_ns write failed: Operation not permitted
08-30 17:38:59.933  1164  3235 I chatty  : uid=1000(system) Binder:1164_F expire 5 lines
08-30 17:39:10.500  1164  1164 I chatty  : uid=1000 system_server expire 22 lines
08-30 17:39:11.280  1164  1216 I chatty  : uid=1000(system) android.fg expire 8 lines
08-30 17:39:11.395  1164  3363 I chatty  : uid=1000(system) Binder:1164_14 expire 7 lines
08-30 17:39:11.492   922   922 W wificond: Skip match ssid for pno scan: 201Lobby, One Medical Guest, BOXPARK FREE WIFI, Marriott_CONFERENCE, Madelines iPhone, wifi43-5G, De Brabantse Aap, De Prins, _Kefairport-FreeWifi, Gatwick FREE Wi-Fi, JOE & THE JUICE, _ST PANCRAS FREE, Anne Frank House, Verona Guest, Blacksheep FREE WiFi, OnePlus3, DerwentGuest, _Free Islington, ChaiFi, TheContinentalBar_FREE_WIFI, EurostarTrainsWiFi, Free Wifi Heineken, Amstelring_Gast, Phutakun, ARKET Free WiFi, Mocomuseum Guest, Airport_Free_WiFi_, ATT088, EVA-WiFi, OCEAN GARDEN, YURIS APARTEMENT1, WARE WARE, Viroth-Hotel, V-Design Downstair, Saint-Honore, serene4, Tocotoco Free Wifi, serene2, NIA-MegaNet FreeWifi, visigoth
08-30 17:39:11.492   922   922 I wificond: Pno scan started
08-30 17:39:11.616  1164  1994 I chatty  : uid=1000(system) Binder:1164_6 expire 3 lines
08-30 17:39:15.618  1164  2861 I chatty  : uid=1000(system) Binder:1164_E expire 3 lines
08-30 17:39:58.565  1164  1506 I chatty  : uid=1000(system) InputReader expire 3 lines
08-30 17:39:58.642  1164  1677 I chatty  : uid=1000(system) Binder:1164_4 expire 8 lines
08-30 17:39:58.654   922   922 I wificond: Pno scan stopped
08-30 17:39:58.665  1164  1210 I chatty  : uid=1000(system) ActivityManager expire 10 lines
08-30 17:39:58.694  1164  1220 I chatty  : uid=1000(system) PowerManagerSer expire 10 lines
08-30 17:39:58.702  1164  2845 I chatty  : uid=1000(system) Binder:1164_A expire 6 lines
08-30 17:39:59.856  1164  3371 I chatty  : uid=1000(system) Binder:1164_15 expire 1 line
08-30 17:39:59.995  1164  6197 I chatty  : uid=1000(system) Binder:1164_1E expire 2 lines
08-30 17:40:05.694   922   922 W wificond: Skip match ssid for pno scan: 201Lobby, One Medical Guest, BOXPARK FREE WIFI, Marriott_CONFERENCE, Madelines iPhone, wifi43-5G, De Brabantse Aap, De Prins, _Kefairport-FreeWifi, Gatwick FREE Wi-Fi, JOE & THE JUICE, _ST PANCRAS FREE, Anne Frank House, Verona Guest, Blacksheep FREE WiFi, OnePlus3, DerwentGuest, _Free Islington, ChaiFi, TheContinentalBar_FREE_WIFI, EurostarTrainsWiFi, Free Wifi Heineken, Amstelring_Gast, Phutakun, ARKET Free WiFi, Mocomuseum Guest, Airport_Free_WiFi_, ATT088, EVA-WiFi, OCEAN GARDEN, YURIS APARTEMENT1, WARE WARE, Viroth-Hotel, V-Design Downstair, Saint-Honore, serene4, Tocotoco Free Wifi, serene2, NIA-MegaNet FreeWifi, visigoth
08-30 17:40:05.694   922   922 I wificond: Pno scan started
08-30 17:40:05.695  1164  1164 I chatty  : uid=1000 system_server expire 13 lines
08-30 17:40:26.960   922   922 I wificond: Pno scan stopped
08-30 17:40:26.972  1164  1210 I chatty  : uid=1000(system) ActivityManager expire 6 lines
08-30 17:40:27.057  1164  2003 I chatty  : uid=1000(system) Binder:1164_8 expire 3 lines
08-30 17:40:28.924  1164  1212 I chatty  : uid=1000(system) ActivityManager expire 7 lines
08-30 17:40:44.781  1164  3395 I chatty  : uid=1000(system) Binder:1164_18 expire 4 lines
08-30 17:40:44.787  1164  2859 I chatty  : uid=1000(system) Binder:1164_D expire 1 line
08-30 17:40:44.806  1164  2858 I chatty  : uid=1000(system) Binder:1164_C expire 1 line
08-30 17:40:44.810  1164  3371 I chatty  : uid=1000(system) Binder:1164_15 expire 1 line
08-30 17:40:44.814  1164  1995 I chatty  : uid=1000(system) Binder:1164_7 expire 1 line
08-30 17:40:44.820  1164  1677 I chatty  : uid=1000(system) Binder:1164_4 expire 2 lines
08-30 17:40:44.865  1164  3723 I chatty  : uid=1000(system) Binder:1164_1B expire 2 lines
08-30 17:40:44.872  1164  3241 I chatty  : uid=1000(system) Binder:1164_10 expire 2 lines
08-30 17:40:44.876  1164  2861 I chatty  : uid=1000(system) Binder:1164_E expire 2 lines
08-30 17:40:44.878  1164  1218 I chatty  : uid=1000(system) android.display expire 5 lines
08-30 17:40:44.976  1164  4965 I chatty  : uid=1000(system) Binder:1164_1D expire 5 lines
08-30 17:40:44.977  1164  2003 I chatty  : uid=1000(system) Binder:1164_8 expire 4 lines
08-30 17:40:45.282  1164  1164 I chatty  : uid=1000 system_server expire 30 lines
08-30 17:40:46.975  1164  1212 I chatty  : uid=1000(system) ActivityManager expire 8 lines
08-30 17:40:47.590  1164  1210 I chatty  : uid=1000(system) ActivityManager expire 15 lines
08-30 17:41:03.838  1164  3397 I chatty  : uid=1000(system) Binder:1164_1A expire 20 lines
08-30 17:41:04.080 32342 32342 E SchedPolicy: set_timerslack_ns write failed: Operation not permitted
08-30 17:41:04.128  1164  6197 I chatty  : uid=1000(system) Binder:1164_1E expire 1 line
08-30 17:41:04.444  1164  1990 I chatty  : uid=1000(system) uteStateMachine expire 20 lines
08-30 17:41:04.444  1164  1992 I chatty  : uid=1000(system) CallAudioModeSt expire 6 lines
08-30 17:41:04.493  1164  1985 I chatty  : uid=1000(system) BluetoothRouteM expire 2 lines
08-30 17:41:05.193  1164  1680 I chatty  : uid=1000(system) Binder:1164_5 expire 1 line
08-30 17:41:05.196  1913  1913 I Telephony: TelephonyConnectionService: onCreateOutgoingConnection, request: ConnectionRequest xxxxxxxxxxxxxxxxxx Bundle[{android.telecom.extra.START_CALL_WITH_VIDEO_STATE=0, android.telecom.extra.CALL_TELECOM_ROUTING_END_TIME_MILLIS=354897317, android.telecom.extra.CALL_CREATED_TIME_MILLIS=354897300, android.telecom.extra.CALL_TELECOM_ROUTING_START_TIME_MILLIS=354897317, com.android.dialer.callintent.CALL_SPECIFIC_APP_DATA=[B@e7d50dd}]: (SBC.oSC)->CS.crCo->H.CS.crCo->H.CS.crCo.pICR@E-uU4
08-30 17:41:05.219  1164  3396 I chatty  : uid=1000(system) Binder:1164_19 expire 26 lines
08-30 17:41:05.219  1164  1546 I chatty  : uid=1000(system) ConnectivitySer expire 3 lines
08-30 17:41:05.267  1164  1164 I chatty  : uid=1000 system_server expire 4 lines
08-30 17:41:05.289  1164 18099 I chatty  : uid=1000(system) Binder:1164_20 expire 5 lines
08-30 17:41:05.302  1913  1913 I Telephony: TelephonyConnectionService: notifyCreateConnectionComplete TC@25_1: (...->CSW.hCCC)->CS.crCoC->H.CS.crCoC@E-E-E-uU4
08-30 17:41:05.331  1164  1192 I chatty  : uid=1000(system) Binder:1164_2 expire 2 lines
08-30 17:41:05.483  1164  1210 I chatty  : uid=1000(system) ActivityManager expire 3 lines
08-30 17:41:06.799  1164  3347 I chatty  : uid=1000(system) Binder:1164_12 expire 13 lines
08-30 17:41:06.809  1164  1992 I chatty  : uid=1000(system) CallAudioModeSt expire 6 lines
08-30 17:41:06.817  1164  6197 I chatty  : uid=1000(system) Binder:1164_1E expire 4 lines
08-30 17:41:10.116  1164  1990 I chatty  : uid=1000(system) uteStateMachine expire 11 lines
08-30 17:41:10.117  1164  1985 I chatty  : uid=1000(system) BluetoothRouteM expire 6 lines
08-30 17:41:10.142  1164  1164 I chatty  : uid=1000 system_server expire 21 lines
08-30 17:41:10.556  1164  1214 I chatty  : uid=1000(system) batterystats-wo expire 2 lines
08-30 17:41:10.570  1164  1218 I chatty  : uid=1000(system) android.display expire 3 lines
08-30 17:41:11.781  1164  1680 I chatty  : uid=1000(system) Binder:1164_5 expire 2 lines
08-30 17:41:15.544  1164  1546 I chatty  : uid=1000(system) ConnectivitySer expire 17 lines
08-30 17:41:15.551  1164  1210 I chatty  : uid=1000(system) ActivityManager expire 18 lines
08-30 17:41:27.996  1164  1192 I chatty  : uid=1000(system) Binder:1164_2 expire 3 lines
08-30 17:41:28.017  1913  1913 I Telephony: : onDisconnect: callId=TC@25_1, cause=LOCAL
08-30 17:41:28.024  1164  3397 I chatty  : uid=1000(system) Binder:1164_1A expire 2 lines
08-30 17:41:28.025  1164  1677 I chatty  : uid=1000(system) Binder:1164_4 expire 14 lines
08-30 17:41:28.040  1164  3347 I chatty  : uid=1000(system) Binder:1164_12 expire 4 lines
08-30 17:41:28.058  1164  1990 I chatty  : uid=1000(system) uteStateMachine expire 12 lines
08-30 17:41:28.063  1164  1560 I chatty  : uid=1000(system) Binder:1164_3 expire 9 lines
08-30 17:41:29.633   922   922 W wificond: Scan is not started. Ignore abort request
08-30 17:41:29.666  1164  1210 I chatty  : uid=1000(system) ActivityManager expire 10 lines
08-30 17:41:31.980   922   922 E wificond: NL80211_CMD_TRIGGER_SCAN failed: Device or resource busy
08-30 17:41:32.008  1164  1212 I chatty  : uid=1000(system) ActivityManager expire 3 lines
08-30 17:41:33.132  1164  4965 I chatty  : uid=1000(system) Binder:1164_1D expire 1 line
08-30 17:41:39.215  1164  2859 I chatty  : uid=1000(system) Binder:1164_D expire 5 lines
08-30 17:41:45.237  1164  3723 I chatty  : uid=1000(system) Binder:1164_1B expire 1 line
08-30 17:42:29.650  1164  1209 I chatty  : uid=1000(system) android.bg expire 1 line
08-30 17:43:02.648  1164 18099 I chatty  : uid=1000(system) Binder:1164_20 expire 2 lines
08-30 17:43:31.361   922   922 I wificond: Unexpected empty scan result!
08-30 17:43:33.856  1164  1164 I chatty  : uid=1000 system_server expire 8 lines
08-30 17:43:38.479  1164  1546 I chatty  : uid=1000(system) ConnectivitySer expire 6 lines
08-30 17:43:40.110  1164  1506 I chatty  : uid=1000(system) InputReader expire 2 lines
08-30 17:43:40.630  1164  1220 I chatty  : uid=1000(system) PowerManagerSer expire 5 lines
08-30 17:43:40.870  1164  1216 I chatty  : uid=1000(system) android.fg expire 3 lines
08-30 17:43:40.980  1164  3395 I chatty  : uid=1000(system) Binder:1164_18 expire 5 lines
08-30 17:43:41.042   922   922 W wificond: Skip match ssid for pno scan: 201Lobby, One Medical Guest, BOXPARK FREE WIFI, Marriott_CONFERENCE, Madelines iPhone, wifi43-5G, De Brabantse Aap, De Prins, _Kefairport-FreeWifi, Gatwick FREE Wi-Fi, JOE & THE JUICE, _ST PANCRAS FREE, Anne Frank House, Verona Guest, Blacksheep FREE WiFi, OnePlus3, DerwentGuest, _Free Islington, ChaiFi, TheContinentalBar_FREE_WIFI, EurostarTrainsWiFi, Free Wifi Heineken, Amstelring_Gast, Phutakun, ARKET Free WiFi, Mocomuseum Guest, Airport_Free_WiFi_, ATT088, EVA-WiFi, OCEAN GARDEN, YURIS APARTEMENT1, WARE WARE, Viroth-Hotel, V-Design Downstair, Saint-Honore, serene4, Tocotoco Free Wifi, serene2, NIA-MegaNet FreeWifi, visigoth
08-30 17:43:41.043   922   922 I wificond: Pno scan started
08-30 17:43:41.057  1164  1210 I chatty  : uid=1000(system) ActivityManager expire 5 lines
08-30 17:43:41.345  1164  3396 I chatty  : uid=1000(system) Binder:1164_19 expire 1 line
08-30 17:44:32.698  1164  1530 I chatty  : uid=1000(system) NetworkPolicy expire 3 lines
08-30 17:44:32.745  1913  1913 I Telephony: PstnIncomingCallNotifier: Unregistering: Handler (com.android.internal.telephony.GsmCdmaPhone) {3b6034e}
08-30 17:44:32.779  1913  1913 I Telephony: AccountEntry: Registered phoneAccount: [[ ] PhoneAccount: ComponentInfo{com.android.phone/com.android.services.telephony.TelephonyConnectionService}, ***, UserHandle{0} Capabilities: CallProvider MultiUser PlaceEmerg SimSub  Audio Routes: BESW Schemes: tel voicemail  Extras: Bundle[{android.telecom.extra.SUPPORTS_VIDEO_CALLING_FALLBACK=true, android.telecom.extra.SUPPORTS_HANDOVER_FROM=true}] GroupId: ***] with handle: ComponentInfo{com.android.phone/com.android.services.telephony.TelephonyConnectionService}, ***, UserHandle{0}
08-30 17:44:32.779  1913  1913 I Telephony: PstnIncomingCallNotifier: Registering: Handler (com.android.internal.telephony.GsmCdmaPhone) {3b6034e}
08-30 17:44:32.791  1913  1913 I Telephony: PstnPhoneCapabilitiesNotifier: handleVideoCapabilitesChanged. Video capability - false
08-30 17:44:33.345  1913  1913 I Telephony: PstnIncomingCallNotifier: Unregistering: Handler (com.android.internal.telephony.GsmCdmaPhone) {3b6034e}
08-30 17:44:33.368  1913  1913 I Telephony: AccountEntry: Registered phoneAccount: [[ ] PhoneAccount: ComponentInfo{com.android.phone/com.android.services.telephony.TelephonyConnectionService}, ***, UserHandle{0} Capabilities: CallProvider MultiUser PlaceEmerg SimSub  Audio Routes: BESW Schemes: tel voicemail  Extras: Bundle[{android.telecom.extra.SUPPORTS_VIDEO_CALLING_FALLBACK=true, android.telecom.extra.SUPPORTS_HANDOVER_FROM=true}] GroupId: ***] with handle: ComponentInfo{com.android.phone/com.android.services.telephony.TelephonyConnectionService}, ***, UserHandle{0}
08-30 17:44:33.368  1913  1913 I Telephony: PstnIncomingCallNotifier: Registering: Handler (com.android.internal.telephony.GsmCdmaPhone) {3b6034e}
08-30 17:44:33.372  1913  1913 I Telephony: PstnIncomingCallNotifier: Unregistering: Handler (com.android.internal.telephony.GsmCdmaPhone) {3b6034e}
08-30 17:44:33.385  1913  1913 I Telephony: AccountEntry: Registered phoneAccount: [[ ] PhoneAccount: ComponentInfo{com.android.phone/com.android.services.telephony.TelephonyConnectionService}, ***, UserHandle{0} Capabilities: CallProvider MultiUser PlaceEmerg SimSub  Audio Routes: BESW Schemes: tel voicemail  Extras: Bundle[{android.telecom.extra.SUPPORTS_VIDEO_CALLING_FALLBACK=true, android.telecom.extra.SUPPORTS_HANDOVER_FROM=true}] GroupId: ***] with handle: ComponentInfo{com.android.phone/com.android.services.telephony.TelephonyConnectionService}, ***, UserHandle{0}
08-30 17:44:33.385  1913  1913 I Telephony: PstnIncomingCallNotifier: Registering: Handler (com.android.internal.telephony.GsmCdmaPhone) {3b6034e}
08-30 17:44:33.418  1913  1913 I Telephony: PstnPhoneCapabilitiesNotifier: handleVideoCapabilitesChanged. Video capability - false
08-30 17:44:33.418  1913  1913 I Telephony: PstnPhoneCapabilitiesNotifier: handleVideoCapabilitesChanged. Video capability - false
08-30 17:45:34.135  1164  1210 I chatty  : uid=1000(system) ActivityManager expire 12 lines
08-30 17:45:34.149  1164  4965 I chatty  : uid=1000(system) Binder:1164_1D expire 1 line
08-30 17:45:34.178  1164  1546 I chatty  : uid=1000(system) ConnectivitySer expire 5 lines
08-30 17:45:34.551  1164  3363 I chatty  : uid=1000(system) Binder:1164_14 expire 1 line
08-30 17:45:37.729  1164  1214 I chatty  : uid=1000(system) batterystats-wo expire 2 lines
08-30 17:45:52.945  1164  1164 I chatty  : uid=1000 system_server expire 26 lines
08-30 17:45:52.957  1164  3241 I chatty  : uid=1000(system) Binder:1164_10 expire 1 line
08-30 17:45:52.969  1164  1220 I chatty  : uid=1000(system) PowerManagerSer expire 17 lines
08-30 17:45:52.999  1164  1218 I chatty  : uid=1000(system) android.display expire 4 lines
08-30 17:45:53.377  1164  1216 I chatty  : uid=1000(system) android.fg expire 11 lines
08-30 17:45:53.410  1164  2859 I chatty  : uid=1000(system) Binder:1164_D expire 4 lines
08-30 17:45:53.433   922   922 I wificond: Pno scan stopped
08-30 17:45:53.459  1164  3347 I chatty  : uid=1000(system) Binder:1164_12 expire 5 lines
08-30 17:45:53.488  1164  3395 I chatty  : uid=1000(system) Binder:1164_18 expire 2 lines
08-30 17:45:53.541  1164  3277 I chatty  : uid=1000(system) Binder:1164_11 expire 8 lines
08-30 17:45:53.691  1164  3723 I chatty  : uid=1000(system) Binder:1164_1B expire 8 lines
08-30 17:45:53.740  1164  3371 I chatty  : uid=1000(system) Binder:1164_15 expire 4 lines
08-30 17:45:54.298  1164  1212 I chatty  : uid=1000(system) ActivityManager expire 6 lines
08-30 17:45:56.077  1164  3235 I chatty  : uid=1000(system) Binder:1164_F expire 1 line
08-30 17:45:57.167  1164  3385 I chatty  : uid=1000(system) Binder:1164_17 expire 7 lines
08-30 17:45:57.551 32460  1869 D TextClassificationManager: Initialized SystemTextClassifier
08-30 17:45:59.884  1164  1506 I chatty  : uid=1000(system) InputReader expire 2 lines
08-30 17:46:00.623  1164  2861 I chatty  : uid=1000(system) Binder:1164_E expire 6 lines
08-30 17:46:00.653   922   922 W wificond: Skip match ssid for pno scan: 201Lobby, One Medical Guest, BOXPARK FREE WIFI, Marriott_CONFERENCE, Madelines iPhone, wifi43-5G, De Brabantse Aap, De Prins, _Kefairport-FreeWifi, Gatwick FREE Wi-Fi, JOE & THE JUICE, _ST PANCRAS FREE, Anne Frank House, Verona Guest, Blacksheep FREE WiFi, OnePlus3, DerwentGuest, _Free Islington, ChaiFi, TheContinentalBar_FREE_WIFI, EurostarTrainsWiFi, Free Wifi Heineken, Amstelring_Gast, Phutakun, ARKET Free WiFi, Mocomuseum Guest, Airport_Free_WiFi_, ATT088, EVA-WiFi, OCEAN GARDEN, YURIS APARTEMENT1, WARE WARE, Viroth-Hotel, V-Design Downstair, Saint-Honore, serene4, Tocotoco Free Wifi, serene2, NIA-MegaNet FreeWifi, visigoth
08-30 17:46:00.653   922   922 I wificond: Pno scan started
08-30 17:46:00.679  1164  1210 I chatty  : uid=1000(system) ActivityManager expire 13 lines
08-30 17:46:00.737  1164  6197 I chatty  : uid=1000(system) Binder:1164_1E expire 3 lines
08-30 17:47:30.218   922   922 I wificond: Pno scan stopped
08-30 17:47:30.224  1164  1164 I chatty  : uid=1000 system_server expire 15 lines
08-30 17:48:00.482  1164  1216 I chatty  : uid=1000(system) android.fg expire 3 lines
08-30 17:48:00.588   922   922 W wificond: Skip match ssid for pno scan: 201Lobby, One Medical Guest, BOXPARK FREE WIFI, Marriott_CONFERENCE, Madelines iPhone, wifi43-5G, De Brabantse Aap, De Prins, _Kefairport-FreeWifi, Gatwick FREE Wi-Fi, JOE & THE JUICE, _ST PANCRAS FREE, Anne Frank House, Verona Guest, Blacksheep FREE WiFi, OnePlus3, DerwentGuest, _Free Islington, ChaiFi, TheContinentalBar_FREE_WIFI, EurostarTrainsWiFi, Free Wifi Heineken, Amstelring_Gast, Phutakun, ARKET Free WiFi, Mocomuseum Guest, Airport_Free_WiFi_, ATT088, EVA-WiFi, OCEAN GARDEN, YURIS APARTEMENT1, WARE WARE, Viroth-Hotel, V-Design Downstair, Saint-Honore, serene4, Tocotoco Free Wifi, serene2, NIA-MegaNet FreeWifi, visigoth
08-30 17:48:00.588   922   922 I wificond: Pno scan started
08-30 17:48:00.610  1164  1164 I chatty  : uid=1000 system_server expire 13 lines
08-30 17:59:05.846  1164  1990 I chatty  : uid=1000(system) uteStateMachine expire 12 lines
08-30 17:59:05.847  1164  1985 I chatty  : uid=1000(system) BluetoothRouteM expire 1 line
08-30 18:00:35.109 22184  2826 E ActivityThread: Failed to find provider info for com.facebook.mlite.sso.MessengerLoggedInUserProvider
08-30 18:00:35.153  1164  1164 I chatty  : uid=1000 system_server expire 58 lines
08-30 18:00:35.291  1164  3241 I chatty  : uid=1000(system) Binder:1164_10 expire 8 lines
08-30 18:00:35.354  1164  3277 I chatty  : uid=1000(system) Binder:1164_11 expire 2 lines
08-30 18:00:42.347   922   922 I wificond: Pno scan result ready event
08-30 18:00:42.375   922   922 W wificond: Scan is not started. Ignore abort request
08-30 18:00:42.406  1164  1210 I chatty  : uid=1000(system) ActivityManager expire 25 lines
08-30 18:00:42.502   922   922 I wificond: Pno scan stopped
08-30 18:00:42.511  1164  1534 I chatty  : uid=1000(system) WifiStateMachin expire 1 line
08-30 18:00:42.511  1164  1546 I chatty  : uid=1000(system) ConnectivitySer expire 15 lines
08-30 18:00:42.831  1164  1566 I chatty  : uid=1000(system) ConnectivityThr expire 1 line
08-30 18:00:42.846  1164  2861 I chatty  : uid=1000(system) Binder:1164_E expire 1 line
08-30 18:00:43.368  1164  1680 I chatty  : uid=1000(system) Binder:1164_5 expire 5 lines
08-30 18:00:43.390  1164  1530 I chatty  : uid=1000(system) NetworkPolicy expire 2 lines
08-30 18:00:54.272  1164  2003 I chatty  : uid=1000(system) Binder:1164_8 expire 5 lines
08-30 18:00:54.275  1164  3362 I chatty  : uid=1000(system) Binder:1164_13 expire 2 lines
08-30 18:01:15.340  1164  3725 I chatty  : uid=1000(system) Binder:1164_1C expire 3 lines
08-30 18:05:34.614 22184  3205 E ActivityThread: Failed to find provider info for com.facebook.mlite.sso.MessengerLoggedInUserProvider
08-30 18:08:39.092  1164  1210 I chatty  : uid=1000(system) ActivityManager expire 17 lines
08-30 18:08:39.157  1164  3371 I chatty  : uid=1000(system) Binder:1164_15 expire 5 lines
08-30 18:14:33.671 22184  3391 E ActivityThread: Failed to find provider info for com.facebook.mlite.sso.MessengerLoggedInUserProvider
08-30 18:18:00.571  1164  1994 I chatty  : uid=1000(system) Binder:1164_6 expire 2 lines
08-30 18:27:50.882  1164  1212 I chatty  : uid=1000(system) ActivityManager expire 5 lines
08-30 18:28:18.422  1164  3385 I chatty  : uid=1000(system) Binder:1164_17 expire 2 lines
08-30 18:28:18.636  1164  1220 I chatty  : uid=1000(system) PowerManagerSer expire 15 lines
08-30 18:28:19.053  1164  1211 I chatty  : uid=1000(system) android.ui expire 1 line
08-30 18:28:19.055  1164  1218 I chatty  : uid=1000(system) android.display expire 4 lines
08-30 18:28:19.294  1164  3235 I chatty  : uid=1000(system) Binder:1164_F expire 6 lines
08-30 18:28:29.888  1164  1216 I chatty  : uid=1000(system) android.fg expire 3 lines
08-30 18:32:39.434  1164  1506 I chatty  : uid=1000(system) InputReader expire 3 lines
08-30 18:32:39.595  1164  1995 I chatty  : uid=1000(system) Binder:1164_7 expire 3 lines
08-30 18:33:12.238  1164  1220 I chatty  : uid=1000(system) PowerManagerSer expire 14 lines
08-30 18:33:12.238  1164  1216 I chatty  : uid=1000(system) android.fg expire 6 lines
08-30 18:33:12.381  1164  3235 I chatty  : uid=1000(system) Binder:1164_F expire 2 lines
08-30 18:33:12.385  1164  1994 I chatty  : uid=1000(system) Binder:1164_6 expire 3 lines
08-30 18:33:12.419  1164  1164 I chatty  : uid=1000 system_server expire 49 lines
08-30 18:33:12.434  1164  1210 I chatty  : uid=1000(system) ActivityManager expire 19 lines
08-30 18:33:12.453  1164  1560 I chatty  : uid=1000(system) Binder:1164_3 expire 3 lines
08-30 18:33:12.576  1164  2003 I chatty  : uid=1000(system) Binder:1164_8 expire 8 lines
08-30 18:33:47.305  1164  1214 I chatty  : uid=1000(system) batterystats-wo expire 2 lines
08-30 18:33:55.676  1164  1209 I chatty  : uid=1000(system) android.bg expire 1 line
08-30 18:34:30.056  1164  3241 I chatty  : uid=1000(system) Binder:1164_10 expire 3 lines
08-30 18:34:44.264  1164  1218 I chatty  : uid=1000(system) android.display expire 6 lines
08-30 18:34:44.698  1164  3362 I chatty  : uid=1000(system) Binder:1164_13 expire 1 line
08-30 18:34:44.815  1164  2176 I chatty  : uid=1000(system) Binder:1164_9 expire 2 lines
08-30 18:34:44.944  1164  3371 I chatty  : uid=1000(system) Binder:1164_15 expire 5 lines
08-30 18:34:46.645  1164  1212 I chatty  : uid=1000(system) ActivityManager expire 5 lines
08-30 18:35:00.269  1164  3347 I chatty  : uid=1000(system) Binder:1164_12 expire 1 line
08-30 18:35:23.807  1164  1505 I chatty  : uid=1000(system) InputDispatcher expire 2 lines
08-30 18:35:24.713  1164  3381 I chatty  : uid=1000(system) Binder:1164_16 expire 1 line
08-30 18:35:24.836  1164  2859 I chatty  : uid=1000(system) Binder:1164_D expire 5 lines
08-30 18:35:25.703  1164  2861 I chatty  : uid=1000(system) Binder:1164_E expire 2 lines
08-30 18:35:25.751  1164  1548 I chatty  : uid=1000(system) NsdService expire 5 lines
08-30 18:35:32.885  1164  1190 I chatty  : uid=1000(system) Binder:1164_1 expire 4 lines
08-30 18:35:32.986  1164 18099 I chatty  : uid=1000(system) Binder:1164_20 expire 3 lines
08-30 18:35:33.685  1164  1546 I chatty  : uid=1000(system) ConnectivitySer expire 2 lines
08-30 18:35:34.414  1164  1456 I chatty  : uid=1000(system) android.anim expire 6 lines
08-30 18:35:46.992  1164  3397 I chatty  : uid=1000(system) Binder:1164_1A expire 3 lines
08-30 18:35:55.536  1164  8174 I chatty  : uid=1000(system) Binder:1164_1F expire 2 lines
08-30 18:36:42.295  1164  3363 I chatty  : uid=1000(system) Binder:1164_14 expire 3 lines
08-30 18:36:42.809  1164  2858 I chatty  : uid=1000(system) Binder:1164_C expire 8 lines
08-30 18:36:46.519  1164  3385 I chatty  : uid=1000(system) Binder:1164_17 expire 6 lines
08-30 18:46:08.945  1164  1211 I chatty  : uid=1000(system) android.ui expire 1 line
08-30 18:46:09.032  1164  3277 I chatty  : uid=1000(system) Binder:1164_11 expire 1 line
08-30 18:46:09.550  1164  2855 I chatty  : uid=1000(system) Binder:1164_B expire 2 lines
08-30 18:46:10.937  1164  1680 I chatty  : uid=1000(system) Binder:1164_5 expire 1 line
08-30 18:46:14.152  1164  1192 I chatty  : uid=1000(system) Binder:1164_2 expire 4 lines
08-30 18:46:14.533  1164  2003 I chatty  : uid=1000(system) Binder:1164_8 expire 2 lines
08-30 18:46:15.150  1164  3362 I chatty  : uid=1000(system) Binder:1164_13 expire 3 lines
08-30 18:46:15.207  1164  2858 I chatty  : uid=1000(system) Binder:1164_C expire 2 lines
08-30 18:46:15.287  1164  1995 I chatty  : uid=1000(system) Binder:1164_7 expire 2 lines
08-30 18:46:15.292  1164  3396 I chatty  : uid=1000(system) Binder:1164_19 expire 1 line
08-30 18:46:15.434  1164  1164 I chatty  : uid=1000 system_server expire 19 lines
08-30 18:46:16.158  1164  1456 I chatty  : uid=1000(system) android.anim expire 2 lines
08-30 18:46:19.430  1164  3381 I chatty  : uid=1000(system) Binder:1164_16 expire 2 lines
08-30 18:46:28.233  1164  1210 I chatty  : uid=1000(system) ActivityManager expire 12 lines
08-30 18:46:41.849  1164  1212 I chatty  : uid=1000(system) ActivityManager expire 10 lines
08-30 18:46:42.056  1688  1688 V DeadZone: consuming errant click: (41.0,842.0)
08-30 18:46:42.056  1688  1688 V DeadZone: consuming errant click: (41.0,842.0)
08-30 18:46:42.325  1164  1505 I chatty  : uid=1000(system) InputDispatcher expire 3 lines
08-30 18:47:12.324  1164  1220 I chatty  : uid=1000(system) PowerManagerSer expire 9 lines
08-30 18:47:12.908  1164  1218 I chatty  : uid=1000(system) android.display expire 3 lines
08-30 18:47:13.059  1164  1216 I chatty  : uid=1000(system) android.fg expire 3 lines
08-30 18:47:13.172  1164  1994 I chatty  : uid=1000(system) Binder:1164_6 expire 2 lines
08-30 18:47:13.295  1164  2861 I chatty  : uid=1000(system) Binder:1164_E expire 3 lines
08-30 18:47:13.440  1164 18099 I chatty  : uid=1000(system) Binder:1164_20 expire 2 lines
08-30 18:47:47.268  1164  2855 I chatty  : uid=1000(system) Binder:1164_B expire 1 line
08-30 18:54:12.275  1164  4965 I chatty  : uid=1000(system) Binder:1164_1D expire 2 lines
08-30 18:54:12.319  1164  3235 I chatty  : uid=1000(system) Binder:1164_F expire 1 line
08-30 18:54:12.369 22184  5661 E ActivityThread: Failed to find provider info for com.facebook.mlite.sso.MessengerLoggedInUserProvider
08-30 18:54:12.402  1164  1164 I chatty  : uid=1000 system_server expire 17 lines
08-30 18:55:09.833  1164  1546 I chatty  : uid=1000(system) ConnectivitySer expire 11 lines
08-30 18:55:32.343  1164  3371 I chatty  : uid=1000(system) Binder:1164_15 expire 1 line
08-30 18:56:49.818   922   922 W wificond: Skip match ssid for pno scan: 201Lobby, One Medical Guest, BOXPARK FREE WIFI, Marriott_CONFERENCE, Madelines iPhone, wifi43-5G, De Brabantse Aap, De Prins, _Kefairport-FreeWifi, Gatwick FREE Wi-Fi, JOE & THE JUICE, _ST PANCRAS FREE, Anne Frank House, Verona Guest, Blacksheep FREE WiFi, OnePlus3, DerwentGuest, _Free Islington, ChaiFi, TheContinentalBar_FREE_WIFI, EurostarTrainsWiFi, Free Wifi Heineken, Amstelring_Gast, Phutakun, ARKET Free WiFi, Mocomuseum Guest, Airport_Free_WiFi_, ATT088, EVA-WiFi, OCEAN GARDEN, YURIS APARTEMENT1, WARE WARE, Viroth-Hotel, V-Design Downstair, Saint-Honore, serene4, Tocotoco Free Wifi, serene2, NIA-MegaNet FreeWifi, visigoth
08-30 18:56:49.818   922   922 I wificond: Pno scan started
08-30 18:56:49.853  1164  3277 I chatty  : uid=1000(system) Binder:1164_11 expire 2 lines
08-30 18:56:49.854  1164  3241 I chatty  : uid=1000(system) Binder:1164_10 expire 1 line
08-30 18:56:49.894  1164  1530 I chatty  : uid=1000(system) NetworkPolicy expire 2 lines
08-30 18:56:49.896  1164  1210 I chatty  : uid=1000(system) ActivityManager expire 22 lines
08-30 18:56:49.935  1164  3395 I chatty  : uid=1000(system) Binder:1164_18 expire 2 lines
08-30 18:56:52.180   922   922 I wificond: Pno scan result ready event
08-30 18:56:52.205   922   922 W wificond: Scan is not started. Ignore abort request
08-30 18:56:54.350   922   922 I wificond: Connect timeout
08-30 18:56:55.926  1164  8174 I chatty  : uid=1000(system) Binder:1164_1F expire 1 line
08-30 18:56:59.030   922   922 I wificond: Connect timeout
08-30 18:57:00.966  1164  1677 I chatty  : uid=1000(system) Binder:1164_4 expire 1 line
08-30 18:57:04.060   922   922 I wificond: Connect timeout
08-30 18:57:04.174   922   922 I wificond: Pno scan stopped
08-30 18:57:04.177  1164  1210 I chatty  : uid=1000(system) ActivityManager expire 12 lines
08-30 18:57:04.182   922   922 W wificond: Skip match ssid for pno scan: 201Lobby, One Medical Guest, BOXPARK FREE WIFI, Marriott_CONFERENCE, Madelines iPhone, wifi43-5G, De Brabantse Aap, De Prins, _Kefairport-FreeWifi, Gatwick FREE Wi-Fi, JOE & THE JUICE, _ST PANCRAS FREE, Anne Frank House, Verona Guest, Blacksheep FREE WiFi, OnePlus3, DerwentGuest, _Free Islington, ChaiFi, TheContinentalBar_FREE_WIFI, EurostarTrainsWiFi, Free Wifi Heineken, Amstelring_Gast, Phutakun, ARKET Free WiFi, Mocomuseum Guest, Airport_Free_WiFi_, ATT088, EVA-WiFi, OCEAN GARDEN, YURIS APARTEMENT1, WARE WARE, Viroth-Hotel, V-Design Downstair, Saint-Honore, serene4, Tocotoco Free Wifi, serene2, NIA-MegaNet FreeWifi, visigoth
08-30 18:57:04.183   922   922 I wificond: Pno scan started
08-30 18:57:06.614   922   922 I wificond: Pno scan result ready event
08-30 18:57:09.321   922   922 I wificond: Connect timeout
08-30 18:57:22.433   922   922 I wificond: Connect timeout
08-30 18:57:22.598  1164  1210 I chatty  : uid=1000(system) ActivityManager expire 11 lines
08-30 18:57:26.577   922   922 I wificond: Pno scan result ready event
08-30 18:57:46.599   922   922 I wificond: Pno scan result ready event
08-30 18:58:28.647  1164  6197 I chatty  : uid=1000(system) Binder:1164_1E expire 3 lines
08-30 18:58:28.740   922   922 I wificond: Pno scan stopped
08-30 18:58:29.175  1164  3723 I chatty  : uid=1000(system) Binder:1164_1B expire 2 lines
08-30 18:58:30.881  1164  3363 I chatty  : uid=1000(system) Binder:1164_14 expire 2 lines
08-30 18:58:31.004  1164  1560 I chatty  : uid=1000(system) Binder:1164_3 expire 1 line
08-30 18:58:31.283  1164  1217 I chatty  : uid=1000(system) android.io expire 1 line
08-30 18:58:31.317  1164  1209 I chatty  : uid=1000(system) android.bg expire 1 line
08-30 18:58:31.573  2806 32121 I AlwaysOnHotwordDetector: onRecognitionResumed
08-30 18:58:31.584  1164  1164 I chatty  : uid=1000 system_server expire 3 lines
08-30 18:58:33.666  1164 12866 I UsbPortManager: ClientCallback: port0
