08-30 14:00:14.357  1164  1505 I chatty  : uid=1000(system) InputDispatcher expire 1 line
08-30 14:00:14.512  1164  3396 I chatty  : uid=1000(system) Binder:1164_19 expire 1 line
08-30 14:00:44.357  1164  1220 I chatty  : uid=1000(system) PowerManagerSer expire 15 lines
08-30 14:00:44.946  1164  1218 I chatty  : uid=1000(system) android.display expire 3 lines
08-30 14:00:45.107  1164  1216 I chatty  : uid=1000(system) android.fg expire 6 lines
08-30 14:00:45.337  1164  1190 I chatty  : uid=1000(system) Binder:1164_1 expire 3 lines
08-30 14:00:45.343  1164  3241 I chatty  : uid=1000(system) Binder:1164_10 expire 2 lines
08-30 14:00:45.390  1164  3395 I chatty  : uid=1000(system) Binder:1164_18 expire 1 line
08-30 14:01:15.093 12713  3258 E ActivityThread: Failed to find provider info for com.facebook.mlite.sso.MessengerLoggedInUserProvider
08-30 14:01:51.079 12713  3311 E ActivityThread: Failed to find provider info for com.facebook.mlite.sso.MessengerLoggedInUserProvider
08-30 14:02:07.655 12713  3354 E ActivityThread: Failed to find provider info for com.facebook.mlite.sso.MessengerLoggedInUserProvider
08-30 14:02:10.828  1164  1210 I chatty  : uid=1000(system) ActivityManager expire 12 lines
08-30 14:03:47.050  1164  1677 I chatty  : uid=1000(system) Binder:1164_4 expire 5 lines
08-30 14:07:59.102  1164  1164 I chatty  : uid=1000 system_server expire 16 lines
08-30 14:07:59.252 12713  3454 E ActivityThread: Failed to find provider info for com.facebook.mlite.sso.MessengerLoggedInUserProvider
08-30 14:08:49.713  1164  1680 I chatty  : uid=1000(system) Binder:1164_5 expire 5 lines
08-30 14:10:39.766 12713  3562 E ActivityThread: Failed to find provider info for com.facebook.mlite.sso.MessengerLoggedInUserProvider
08-30 14:18:53.347 12713  3668 E ActivityThread: Failed to find provider info for com.facebook.mlite.sso.MessengerLoggedInUserProvider
08-30 14:18:53.398  1164  1164 I chatty  : uid=1000 system_server expire 11 lines
08-30 14:23:19.418 12713  3760 E ActivityThread: Failed to find provider info for com.facebook.mlite.sso.MessengerLoggedInUserProvider
08-30 14:27:48.784  1164  1209 I chatty  : uid=1000(system) android.bg expire 2 lines
08-30 14:32:48.366 12713  4056 E ActivityThread: Failed to find provider info for com.facebook.mlite.sso.MessengerLoggedInUserProvider
08-30 14:36:57.409 12713  4101 E ActivityThread: Failed to find provider info for com.facebook.mlite.sso.MessengerLoggedInUserProvider
08-30 14:37:35.171  1164  1210 I chatty  : uid=1000(system) ActivityManager expire 11 lines
08-30 14:37:35.218  1164  1164 I chatty  : uid=1000 system_server expire 19 lines
08-30 14:37:35.223  1164  1985 I chatty  : uid=1000(system) BluetoothRouteM expire 1 line
08-30 14:37:35.229  1164  1990 I chatty  : uid=1000(system) uteStateMachine expire 12 lines
08-30 14:37:54.961  1164  2861 I chatty  : uid=1000(system) Binder:1164_E expire 2 lines
08-30 14:41:09.019  1164  8174 I chatty  : uid=1000(system) Binder:1164_1F expire 13 lines
08-30 14:41:09.061  1164  1210 I chatty  : uid=1000(system) ActivityManager expire 21 lines
08-30 14:41:09.068  1164  1164 I chatty  : uid=1000 system_server expire 15 lines
08-30 14:41:09.134  1164  1190 I chatty  : uid=1000(system) Binder:1164_1 expire 3 lines
08-30 14:41:09.188  1164  3395 I chatty  : uid=1000(system) Binder:1164_18 expire 5 lines
08-30 14:41:13.200  1164  3371 I chatty  : uid=1000(system) Binder:1164_15 expire 7 lines
08-30 14:41:24.859  1164  2845 I chatty  : uid=1000(system) Binder:1164_A expire 8 lines
08-30 14:42:22.615  1164  1211 I chatty  : uid=1000(system) android.ui expire 2 lines
08-30 14:42:25.050  1164  1217 I chatty  : uid=1000(system) android.io expire 1 line
08-30 14:42:25.051  1164  1220 I chatty  : uid=1000(system) PowerManagerSer expire 4 lines
08-30 14:42:25.095  1164  1218 I chatty  : uid=1000(system) android.display expire 2 lines
08-30 14:42:25.145  1164  1212 I chatty  : uid=1000(system) ActivityManager expire 29 lines
08-30 14:42:25.146  1164  1209 I chatty  : uid=1000(system) android.bg expire 5 lines
08-30 14:42:25.335  2806 27302 I AlwaysOnHotwordDetector: onRecognitionResumed
08-30 14:42:25.591  1164  4965 I chatty  : uid=1000(system) Binder:1164_1D expire 4 lines
08-30 14:42:26.445  4655  4655 D ActivityThread: Loading provider com.whatsapp.provider.contact: com.whatsapp.contact.ContactProvider
08-30 14:42:26.508  1164  1164 I chatty  : uid=1000 system_server expire 10 lines
08-30 14:42:27.274  1164  2166 I chatty  : uid=1000(system) HwBinder:1164_4 expire 1 line
08-30 14:42:27.274  1164  1216 I chatty  : uid=1000(system) android.fg expire 2 lines
08-30 14:42:32.165  1164  1680 I chatty  : uid=1000(system) Binder:1164_5 expire 3 lines
08-30 14:42:34.072  1164  2855 I chatty  : uid=1000(system) Binder:1164_B expire 2 lines
08-30 14:42:50.371  1164  3385 I chatty  : uid=1000(system) Binder:1164_17 expire 1 line
08-30 14:42:51.925  1164  1225 I chatty  : uid=1000(system) PackageManager expire 4 lines
08-30 14:42:52.515  1164  3396 I chatty  : uid=1000(system) Binder:1164_19 expire 2 lines
08-30 14:42:52.945  1164  3381 I chatty  : uid=1000(system) Binder:1164_16 expire 10 lines
08-30 14:42:53.062  1164  2858 I chatty  : uid=1000(system) Binder:1164_C expire 1 line
08-30 14:42:53.261  1164  3725 I chatty  : uid=1000(system) Binder:1164_1C expire 5 lines
08-30 14:42:54.331  1164  3363 I chatty  : uid=1000(system) Binder:1164_14 expire 1 line
08-30 14:42:54.668  1164  6197 I chatty  : uid=1000(system) Binder:1164_1E expire 2 lines
08-30 14:42:56.276  1164  2789 I chatty  : uid=1000(system) backup expire 2 lines
08-30 14:43:19.160  1164  2859 I chatty  : uid=1000(system) Binder:1164_D expire 1 line
08-30 14:44:41.188  1164  1546 I chatty  : uid=1000(system) ConnectivitySer expire 3 lines
08-30 14:45:13.412  1164  2003 I chatty  : uid=1000(system) Binder:1164_8 expire 13 lines
08-30 14:45:13.461  1164  3397 I chatty  : uid=1000(system) Binder:1164_1A expire 2 lines
08-30 14:45:13.525  1164  2176 I chatty  : uid=1000(system) Binder:1164_9 expire 1 line
08-30 14:45:13.526  1164  3241 I chatty  : uid=1000(system) Binder:1164_10 expire 6 lines
08-30 14:45:20.242  1164  1505 I chatty  : uid=1000(system) InputDispatcher expire 1 line
08-30 14:45:27.709  1164  3277 I chatty  : uid=1000(system) Binder:1164_11 expire 5 lines
08-30 14:45:28.941  7111  7399 W ActivityThread: ClassLoader.getResources: The class loader returned by Thread.getContextClassLoader() may fail for processes that host multiple applications. You should explicitly specify a context class loader. For example: Thread.setContextClassLoader(getClass().getClassLoader());
08-30 14:45:35.896  1164  1212 I chatty  : uid=1000(system) ActivityManager expire 2 lines
08-30 14:45:35.946  1164  8174 I chatty  : uid=1000(system) Binder:1164_1F expire 4 lines
08-30 14:46:40.863 12713  7592 E ActivityThread: Failed to find provider info for com.facebook.mlite.sso.MessengerLoggedInUserProvider
08-30 14:46:56.856 12713  7737 E ActivityThread: Failed to find provider info for com.facebook.mlite.sso.MessengerLoggedInUserProvider
08-30 14:46:57.103  1164  1164 I chatty  : uid=1000 system_server expire 14 lines
08-30 14:46:57.374  1164  1210 I chatty  : uid=1000(system) ActivityManager expire 4 lines
08-30 14:47:13.726 12713  7780 E ActivityThread: Failed to find provider info for com.facebook.mlite.sso.MessengerLoggedInUserProvider
08-30 14:48:13.889  1164  2859 I chatty  : uid=1000(system) Binder:1164_D expire 22 lines
08-30 14:48:25.827  1164  2789 I chatty  : uid=1000(system) backup expire 89 lines
08-30 14:48:25.845  1164  3371 I chatty  : uid=1000(system) Binder:1164_15 expire 3 lines
08-30 14:48:26.717  1164  1212 I chatty  : uid=1000(system) ActivityManager expire 10 lines
08-30 14:48:29.132  1164  2845 I chatty  : uid=1000(system) Binder:1164_A expire 9 lines
08-30 14:48:32.771  1164  1680 I chatty  : uid=1000(system) Binder:1164_5 expire 6 lines
08-30 14:48:32.928  1164  8174 I chatty  : uid=1000(system) Binder:1164_1F expire 5 lines
08-30 14:48:33.546  1164  2003 I chatty  : uid=1000(system) Binder:1164_8 expire 4 lines
08-30 14:48:36.587  1164  3385 I chatty  : uid=1000(system) Binder:1164_17 expire 5 lines
08-30 14:48:53.824  1164  2855 I chatty  : uid=1000(system) Binder:1164_B expire 2 lines
08-30 14:48:53.825  1164  3277 I chatty  : uid=1000(system) Binder:1164_11 expire 2 lines
08-30 14:48:55.853  1164  3363 I chatty  : uid=1000(system) Binder:1164_14 expire 4 lines
08-30 14:50:29.718 12713  8524 E ActivityThread: Failed to find provider info for com.facebook.mlite.sso.MessengerLoggedInUserProvider
08-30 14:50:49.520 12713  8559 E ActivityThread: Failed to find provider info for com.facebook.mlite.sso.MessengerLoggedInUserProvider
08-30 14:51:13.597 12713  8593 E ActivityThread: Failed to find provider info for com.facebook.mlite.sso.MessengerLoggedInUserProvider
08-30 14:51:30.035  1164  1214 I chatty  : uid=1000(system) batterystats-wo expire 1 line
08-30 14:52:54.117  1164  6197 I chatty  : uid=1000(system) Binder:1164_1E expire 2 lines
08-30 14:52:54.492  1164  1994 I chatty  : uid=1000(system) Binder:1164_6 expire 1 line
08-30 14:52:54.903  1164  4965 I chatty  : uid=1000(system) Binder:1164_1D expire 2 lines
08-30 14:52:54.917  1164  3347 I chatty  : uid=1000(system) Binder:1164_12 expire 4 lines
08-30 14:52:54.919  1164  3362 I chatty  : uid=1000(system) Binder:1164_13 expire 2 lines
08-30 14:52:54.922  1164  3397 I chatty  : uid=1000(system) Binder:1164_1A expire 3 lines
08-30 14:52:54.925  1164  2859 I chatty  : uid=1000(system) Binder:1164_D expire 1 line
08-30 14:52:55.190  1164  1212 I chatty  : uid=1000(system) ActivityManager expire 5 lines
08-30 14:53:13.644  1164  1505 I chatty  : uid=1000(system) InputDispatcher expire 5 lines
08-30 14:53:16.235  1164  1677 I chatty  : uid=1000(system) Binder:1164_4 expire 9 lines
08-30 14:53:16.464  1164  1212 I chatty  : uid=1000(system) ActivityManager expire 22 lines
08-30 14:53:16.734  1164  1164 I chatty  : uid=1000 system_server expire 18 lines
08-30 14:53:16.921  1164  3363 I chatty  : uid=1000(system) Binder:1164_14 expire 1 line
08-30 14:53:16.983  1164  3235 I chatty  : uid=1000(system) Binder:1164_F expire 5 lines
08-30 14:53:17.668  1164  3362 I chatty  : uid=1000(system) Binder:1164_13 expire 5 lines
08-30 14:53:24.014  1164  1680 I chatty  : uid=1000(system) Binder:1164_5 expire 2 lines
08-30 14:53:37.553  1164  4965 I chatty  : uid=1000(system) Binder:1164_1D expire 9 lines
08-30 14:53:38.482  1164  3241 I chatty  : uid=1000(system) Binder:1164_10 expire 8 lines
08-30 14:57:49.383  1164  6197 I chatty  : uid=1000(system) Binder:1164_1E expire 2 lines
08-30 14:57:58.768  1164  2176 I chatty  : uid=1000(system) Binder:1164_9 expire 15 lines
08-30 14:58:25.794  1164  1214 I chatty  : uid=1000(system) batterystats-wo expire 4 lines
08-30 14:58:25.956  1164  2859 I chatty  : uid=1000(system) Binder:1164_D expire 3 lines
08-30 14:58:25.990  1164  2845 I chatty  : uid=1000(system) Binder:1164_A expire 6 lines
08-30 14:58:27.471 10055 10055 D ActivityThread: Loading provider com.whatsapp.provider.contact: com.whatsapp.contact.ContactProvider
08-30 14:58:27.481  1164  2176 I chatty  : uid=1000(system) Binder:1164_9 expire 5 lines
08-30 14:58:27.512  1164  1192 I chatty  : uid=1000(system) Binder:1164_2 expire 1 line
08-30 14:58:27.531  1164  1212 I chatty  : uid=1000(system) ActivityManager expire 11 lines
08-30 14:58:28.786 10321 10321 E SchedPolicy: set_timerslack_ns write failed: Operation not permitted
08-30 14:58:29.092  1164  3396 I chatty  : uid=1000(system) Binder:1164_19 expire 3 lines
08-30 14:58:33.674  1164  3381 I chatty  : uid=1000(system) Binder:1164_16 expire 1 line
08-30 14:58:33.759  1164  3397 I chatty  : uid=1000(system) Binder:1164_1A expire 4 lines
08-30 14:58:34.355  1164  1210 I chatty  : uid=1000(system) ActivityManager expire 9 lines
08-30 14:58:41.393  1164  3723 I chatty  : uid=1000(system) Binder:1164_1B expire 10 lines
08-30 14:58:48.169  1164  3347 I chatty  : uid=1000(system) Binder:1164_12 expire 1 line
08-30 14:59:00.111  1164  1994 I chatty  : uid=1000(system) Binder:1164_6 expire 3 lines
08-30 15:00:10.785  2806 27302 I AlwaysOnHotwordDetector: onDetected
08-30 15:00:52.455  1164  1212 I chatty  : uid=1000(system) ActivityManager expire 13 lines
08-30 15:00:53.393 11107 11134 D TextClassificationManager: Initialized SystemTextClassifier
08-30 15:00:58.398  1164  1216 I chatty  : uid=1000(system) android.fg expire 2 lines
08-30 15:01:14.259  1164  3725 I chatty  : uid=1000(system) Binder:1164_1C expire 2 lines
08-30 15:02:53.039  1164  1995 I chatty  : uid=1000(system) Binder:1164_7 expire 2 lines
08-30 15:04:42.727  1164  1444 I chatty  : uid=1000(system) PackageInstalle expire 2 lines
08-30 15:04:44.313  1164  1225 I chatty  : uid=1000(system) PackageManager expire 4 lines
08-30 15:04:44.408  1164  3395 I chatty  : uid=1000(system) Binder:1164_18 expire 3 lines
08-30 15:04:44.409  1164  1218 I chatty  : uid=1000(system) android.display expire 1 line
08-30 15:04:44.865  1164  1209 I chatty  : uid=1000(system) android.bg expire 2 lines
08-30 15:04:46.753  1164  1212 I chatty  : uid=1000(system) ActivityManager expire 14 lines
08-30 15:04:46.973  1164  1995 I chatty  : uid=1000(system) Binder:1164_7 expire 7 lines
08-30 15:04:46.974  1164  1994 I chatty  : uid=1000(system) Binder:1164_6 expire 6 lines
08-30 15:04:46.976  1164  1210 I chatty  : uid=1000(system) ActivityManager expire 12 lines
08-30 15:04:47.016  1164  3396 I chatty  : uid=1000(system) Binder:1164_19 expire 3 lines
08-30 15:04:47.059  1164  1192 I chatty  : uid=1000(system) Binder:1164_2 expire 2 lines
08-30 15:04:47.080  1164  3397 I chatty  : uid=1000(system) Binder:1164_1A expire 1 line
08-30 15:04:47.466  1164  3725 I chatty  : uid=1000(system) Binder:1164_1C expire 10 lines
08-30 15:04:47.912  1164  1560 I chatty  : uid=1000(system) Binder:1164_3 expire 2 lines
08-30 15:04:48.506  1164  3723 I chatty  : uid=1000(system) Binder:1164_1B expire 9 lines
08-30 15:04:48.644  1164  1190 I chatty  : uid=1000(system) Binder:1164_1 expire 3 lines
08-30 15:04:48.913  1164  2789 I chatty  : uid=1000(system) backup expire 2 lines
08-30 15:04:52.103  1164  1214 I chatty  : uid=1000(system) batterystats-wo expire 4 lines
08-30 15:04:59.597  1164  1505 I chatty  : uid=1000(system) InputDispatcher expire 3 lines
08-30 15:04:59.831  1164  2858 I chatty  : uid=1000(system) Binder:1164_C expire 6 lines
08-30 15:04:59.831  1164  3347 I chatty  : uid=1000(system) Binder:1164_12 expire 12 lines
08-30 15:04:59.923  1164  2003 I chatty  : uid=1000(system) Binder:1164_8 expire 5 lines
08-30 15:04:59.931  1164  6197 I chatty  : uid=1000(system) Binder:1164_1E expire 9 lines
08-30 15:05:06.148  1164  2845 I chatty  : uid=1000(system) Binder:1164_A expire 6 lines
08-30 15:05:06.424  1164  3363 I chatty  : uid=1000(system) Binder:1164_14 expire 1 line
08-30 15:05:07.586  1164  3241 I chatty  : uid=1000(system) Binder:1164_10 expire 1 line
08-30 15:05:07.594  1164  3362 I chatty  : uid=1000(system) Binder:1164_13 expire 1 line
08-30 15:05:10.594  1164  3277 I chatty  : uid=1000(system) Binder:1164_11 expire 5 lines
08-30 15:05:14.319 12746 12746 E SchedPolicy: set_timerslack_ns write failed: Operation not permitted
08-30 15:05:14.723  1164  3385 I chatty  : uid=1000(system) Binder:1164_17 expire 3 lines
08-30 15:05:14.737  1164  1218 I chatty  : uid=1000(system) android.display expire 1 line
08-30 15:05:15.747  1164  3395 I chatty  : uid=1000(system) Binder:1164_18 expire 5 lines
08-30 15:05:15.779  1164  1212 I chatty  : uid=1000(system) ActivityManager expire 13 lines
08-30 15:06:37.753 13566 13566 D ActivityThread: Loading provider com.whatsapp.provider.contact: com.whatsapp.contact.ContactProvider
08-30 15:07:19.701  1164  1210 I chatty  : uid=1000(system) ActivityManager expire 12 lines
08-30 15:08:40.710  1164  1164 I chatty  : uid=1000 system_server expire 4 lines
08-30 15:11:29.276  1164  2861 I chatty  : uid=1000(system) Binder:1164_E expire 6 lines
08-30 15:14:11.295  1164  1211 I chatty  : uid=1000(system) android.ui expire 1 line
08-30 15:19:41.520 19467 19467 E SchedPolicy: set_timerslack_ns write failed: Operation not permitted
08-30 15:19:43.475  1164  3381 I chatty  : uid=1000(system) Binder:1164_16 expire 3 lines
08-30 15:19:43.476  1164  3725 I chatty  : uid=1000(system) Binder:1164_1C expire 1 line
08-30 15:19:43.497  1164  1680 I chatty  : uid=1000(system) Binder:1164_5 expire 1 line
08-30 15:19:45.751  1164  1548 I chatty  : uid=1000(system) NsdService expire 5 lines
08-30 15:19:46.131 19467 19467 E SchedPolicy: set_timerslack_ns write failed: Operation not permitted
08-30 15:19:47.242  1164  1212 I chatty  : uid=1000(system) ActivityManager expire 3 lines
08-30 15:20:06.776  1164  3235 I chatty  : uid=1000(system) Binder:1164_F expire 5 lines
08-30 15:22:49.644  1164  1680 I chatty  : uid=1000(system) Binder:1164_5 expire 6 lines
08-30 15:23:49.217  1164  1164 I chatty  : uid=1000 system_server expire 37 lines
08-30 15:25:07.989 19467 19467 E SchedPolicy: set_timerslack_ns write failed: Operation not permitted
08-30 15:25:08.213  1164  3723 I chatty  : uid=1000(system) Binder:1164_1B expire 12 lines
08-30 15:25:08.217  1164  2845 I chatty  : uid=1000(system) Binder:1164_A expire 6 lines
08-30 15:25:08.224  1164  3363 I chatty  : uid=1000(system) Binder:1164_14 expire 4 lines
08-30 15:25:08.475  1164  1548 I chatty  : uid=1000(system) NsdService expire 5 lines
08-30 15:25:09.282  1164  1212 I chatty  : uid=1000(system) ActivityManager expire 12 lines
08-30 15:25:15.956  1164  1209 I chatty  : uid=1000(system) android.bg expire 6 lines
08-30 15:25:34.216  1164  3395 I chatty  : uid=1000(system) Binder:1164_18 expire 2 lines
08-30 15:25:47.989 19467 19467 E SchedPolicy: set_timerslack_ns write failed: Operation not permitted
08-30 15:25:48.250  1164  1994 I chatty  : uid=1000(system) Binder:1164_6 expire 1 line
08-30 15:25:48.257  1164 18099 I chatty  : uid=1000(system) Binder:1164_20 expire 1 line
08-30 15:25:48.257  1164  3241 I chatty  : uid=1000(system) Binder:1164_10 expire 6 lines
08-30 15:25:48.257  1164  1560 I chatty  : uid=1000(system) Binder:1164_3 expire 3 lines
08-30 15:25:48.257  1164  2855 I chatty  : uid=1000(system) Binder:1164_B expire 1 line
08-30 15:25:48.258  1164  2859 I chatty  : uid=1000(system) Binder:1164_D expire 1 line
08-30 15:25:48.258  1164  1192 I chatty  : uid=1000(system) Binder:1164_2 expire 1 line
08-30 15:25:48.258  1164  1995 I chatty  : uid=1000(system) Binder:1164_7 expire 1 line
08-30 15:25:48.258  1164  2176 I chatty  : uid=1000(system) Binder:1164_9 expire 1 line
08-30 15:25:48.262  1164  3381 I chatty  : uid=1000(system) Binder:1164_16 expire 1 line
08-30 15:25:56.001  1164  3397 I chatty  : uid=1000(system) Binder:1164_1A expire 1 line
08-30 15:26:01.206  1164  1505 I chatty  : uid=1000(system) InputDispatcher expire 1 line
08-30 15:26:14.582  1164  1210 I chatty  : uid=1000(system) ActivityManager expire 20 lines
08-30 15:26:14.592  1164  2166 I chatty  : uid=1000(system) HwBinder:1164_4 expire 1 line
08-30 15:26:14.593  1164  1216 I chatty  : uid=1000(system) android.fg expire 8 lines
08-30 15:26:14.843  2806 27302 I AlwaysOnHotwordDetector: onRecognitionPaused
08-30 15:26:15.013  1164  1214 I chatty  : uid=1000(system) batterystats-wo expire 1 line
08-30 15:26:15.160  1164  1212 I chatty  : uid=1000(system) ActivityManager expire 9 lines
08-30 15:26:15.550  1164  1190 I chatty  : uid=1000(system) Binder:1164_1 expire 1 line
08-30 15:26:15.550  1164  8174 I chatty  : uid=1000(system) Binder:1164_1F expire 8 lines
08-30 15:26:15.576  1164  1218 I chatty  : uid=1000(system) android.display expire 3 lines
08-30 15:26:34.035  1164  4965 I chatty  : uid=1000(system) Binder:1164_1D expire 6 lines
08-30 15:26:44.590  1164  1220 I chatty  : uid=1000(system) PowerManagerSer expire 9 lines
08-30 15:27:12.311  1164  1506 I chatty  : uid=1000(system) InputReader expire 1 line
08-30 15:27:12.658  1164  6197 I chatty  : uid=1000(system) Binder:1164_1E expire 3 lines
08-30 15:27:15.980  1164  2861 I chatty  : uid=1000(system) Binder:1164_E expire 2 lines
08-30 15:27:25.130 12746 12746 E SchedPolicy: set_timerslack_ns write failed: Operation not permitted
08-30 15:27:43.440  1164  1164 I chatty  : uid=1000 system_server expire 10 lines
08-30 15:27:48.355  1164  1216 I chatty  : uid=1000(system) android.fg expire 7 lines
08-30 15:27:50.317  1164  1212 I chatty  : uid=1000(system) ActivityManager expire 6 lines
08-30 15:27:50.660  1164  2845 I chatty  : uid=1000(system) Binder:1164_A expire 1 line
08-30 15:27:52.723  1164  1210 I chatty  : uid=1000(system) ActivityManager expire 18 lines
08-30 15:27:53.421  1164  3723 I chatty  : uid=1000(system) Binder:1164_1B expire 3 lines
08-30 15:27:53.421  1164  3347 I chatty  : uid=1000(system) Binder:1164_12 expire 9 lines
08-30 15:27:53.427  1164  8174 I chatty  : uid=1000(system) Binder:1164_1F expire 2 lines
08-30 15:27:55.152  1164  3396 I chatty  : uid=1000(system) Binder:1164_19 expire 6 lines
08-30 15:27:55.152  1164  3385 I chatty  : uid=1000(system) Binder:1164_17 expire 4 lines
08-30 15:27:55.152  1164  1560 I chatty  : uid=1000(system) Binder:1164_3 expire 1 line
08-30 15:27:55.152  1164  3397 I chatty  : uid=1000(system) Binder:1164_1A expire 1 line
08-30 15:27:55.153  1164  4965 I chatty  : uid=1000(system) Binder:1164_1D expire 5 lines
08-30 15:27:55.166  1164  2855 I chatty  : uid=1000(system) Binder:1164_B expire 9 lines
08-30 15:28:11.211  1164  1192 I chatty  : uid=1000(system) Binder:1164_2 expire 2 lines
08-30 15:28:11.216  1164  3363 I chatty  : uid=1000(system) Binder:1164_14 expire 4 lines
08-30 15:28:21.611 12746 12746 E SchedPolicy: set_timerslack_ns write failed: Operation not permitted
08-30 15:28:27.350 12746 12746 E SchedPolicy: set_timerslack_ns write failed: Operation not permitted
08-30 15:28:32.998  1164  1546 I chatty  : uid=1000(system) ConnectivitySer expire 20 lines
08-30 15:28:33.140  1164  1530 I chatty  : uid=1000(system) NetworkPolicy expire 2 lines
08-30 15:28:38.574   922   922 W wificond: Scan is not started. Ignore abort request
08-30 15:28:38.596  1164  1210 I chatty  : uid=1000(system) ActivityManager expire 29 lines
08-30 15:28:38.768  1164  1534 I chatty  : uid=1000(system) WifiStateMachin expire 1 line
08-30 15:28:39.157  1164  1566 I chatty  : uid=1000(system) ConnectivityThr expire 1 line
08-30 15:28:40.580  1164  1164 I chatty  : uid=1000 system_server expire 19 lines
08-30 15:28:44.853   922   922 W wificond: Scan aborted
08-30 15:28:46.504  1164  1546 I chatty  : uid=1000(system) ConnectivitySer expire 1 line
08-30 15:29:56.138  1164  1506 I chatty  : uid=1000(system) InputReader expire 2 lines
08-30 15:29:56.639  1164  1220 I chatty  : uid=1000(system) PowerManagerSer expire 7 lines
08-30 15:29:56.738  1164  1218 I chatty  : uid=1000(system) android.display expire 2 lines
08-30 15:29:56.981 12746 12746 E SchedPolicy: set_timerslack_ns write failed: Operation not permitted
08-30 15:29:57.098   922   922 W wificond: Skip match ssid for pno scan: 201Lobby, One Medical Guest, BOXPARK FREE WIFI, Marriott_CONFERENCE, Madelines iPhone, wifi43-5G, De Brabantse Aap, De Prins, _Kefairport-FreeWifi, Gatwick FREE Wi-Fi, JOE & THE JUICE, _ST PANCRAS FREE, Anne Frank House, Verona Guest, Blacksheep FREE WiFi, OnePlus3, DerwentGuest, _Free Islington, ChaiFi, TheContinentalBar_FREE_WIFI, EurostarTrainsWiFi, Free Wifi Heineken, Amstelring_Gast, Phutakun, ARKET Free WiFi, Mocomuseum Guest, Airport_Free_WiFi_, ATT088, EVA-WiFi, OCEAN GARDEN, YURIS APARTEMENT1, WARE WARE, Viroth-Hotel, V-Design Downstair, Saint-Honore, serene4, Tocotoco Free Wifi, serene2, NIA-MegaNet FreeWifi, visigoth
08-30 15:29:57.099   922   922 I wificond: Pno scan started
08-30 15:29:57.099 12746 12746 E SchedPolicy: set_timerslack_ns write failed: Operation not permitted
08-30 15:29:57.124  1164  1164 I chatty  : uid=1000 system_server expire 10 lines
08-30 15:29:57.136  1164  1210 I chatty  : uid=1000(system) ActivityManager expire 5 lines
08-30 15:29:57.160 12746 12746 E SchedPolicy: set_timerslack_ns write failed: Operation not permitted
08-30 15:30:27.749  1164  1211 I chatty  : uid=1000(system) android.ui expire 3 lines
08-30 15:30:27.761   922   922 I wificond: Pno scan stopped
08-30 15:30:27.772  1164  1164 I chatty  : uid=1000 system_server expire 22 lines
08-30 15:30:28.092 12746 12746 E SchedPolicy: set_timerslack_ns write failed: Operation not permitted
08-30 15:30:28.100  1164  1220 I chatty  : uid=1000(system) PowerManagerSer expire 1 line
08-30 15:30:28.301  1164  4965 I chatty  : uid=1000(system) Binder:1164_1D expire 9 lines
08-30 15:30:28.338  1164  1210 I chatty  : uid=1000(system) ActivityManager expire 21 lines
08-30 15:30:28.428  1164  3397 I chatty  : uid=1000(system) Binder:1164_1A expire 1 line
08-30 15:30:28.490  1164  2858 I chatty  : uid=1000(system) Binder:1164_C expire 2 lines
08-30 15:30:28.620  1164  1212 I chatty  : uid=1000(system) ActivityManager expire 20 lines
08-30 15:30:28.880  1164  8174 I chatty  : uid=1000(system) Binder:1164_1F expire 1 line
08-30 15:30:28.895  1164  1505 I chatty  : uid=1000(system) InputDispatcher expire 1 line
08-30 15:30:28.940 12746 12746 E SchedPolicy: set_timerslack_ns write failed: Operation not permitted
08-30 15:30:30.813  1164  3363 I chatty  : uid=1000(system) Binder:1164_14 expire 1 line
08-30 15:30:30.898  1164  3723 I chatty  : uid=1000(system) Binder:1164_1B expire 5 lines
08-30 15:30:32.867  1164  1218 I chatty  : uid=1000(system) android.display expire 8 lines
08-30 15:30:38.279  1164  3396 I chatty  : uid=1000(system) Binder:1164_19 expire 10 lines
08-30 15:30:38.445  1164  1211 I chatty  : uid=1000(system) android.ui expire 1 line
08-30 15:30:38.963  1164  1456 I chatty  : uid=1000(system) android.anim expire 1 line
08-30 15:30:39.800  1164  3385 I chatty  : uid=1000(system) Binder:1164_17 expire 2 lines
08-30 15:30:40.782  1164  2845 I chatty  : uid=1000(system) Binder:1164_A expire 2 lines
08-30 15:30:40.838  1164  3371 I chatty  : uid=1000(system) Binder:1164_15 expire 11 lines
08-30 15:31:16.357  1164  1214 I chatty  : uid=1000(system) batterystats-wo expire 3 lines
08-30 15:31:46.750  1164  1546 I chatty  : uid=1000(system) ConnectivitySer expire 9 lines
08-30 15:31:46.803  1164  3381 I chatty  : uid=1000(system) Binder:1164_16 expire 2 lines
08-30 15:31:46.851  1164  2861 I chatty  : uid=1000(system) Binder:1164_E expire 2 lines
08-30 15:31:47.293  1164  1530 I chatty  : uid=1000(system) NetworkPolicy expire 1 line
08-30 15:31:47.293  1164  2176 I chatty  : uid=1000(system) Binder:1164_9 expire 3 lines
08-30 15:31:52.876  1164  3395 I chatty  : uid=1000(system) Binder:1164_18 expire 2 lines
08-30 15:31:57.912  1164 18099 I chatty  : uid=1000(system) Binder:1164_20 expire 3 lines
08-30 15:32:09.758  1164  3725 I chatty  : uid=1000(system) Binder:1164_1C expire 1 line
08-30 15:32:09.919 17989 18112 E ActivityThread: Failed to find provider info for com.facebook.mlite.sso.MessengerLoggedInUserProvider
08-30 15:32:10.098  1164  1680 I chatty  : uid=1000(system) Binder:1164_5 expire 21 lines
08-30 15:32:16.011  1164  1210 I chatty  : uid=1000(system) ActivityManager expire 15 lines
08-30 15:32:16.200  1164  1190 I chatty  : uid=1000(system) Binder:1164_1 expire 2 lines
08-30 15:32:16.305  1164  1164 I chatty  : uid=1000 system_server expire 39 lines
08-30 15:33:14.119  1164  1219 I chatty  : uid=1000(system) CpuTracker expire 1 line
08-30 15:38:23.696  1164  3277 I chatty  : uid=1000(system) Binder:1164_11 expire 3 lines
08-30 15:38:24.816 19120 19377 W ActivityThread: ClassLoader.getResources: The class loader returned by Thread.getContextClassLoader() may fail for processes that host multiple applications. You should explicitly specify a context class loader. For example: Thread.setContextClassLoader(getClass().getClassLoader());
08-30 15:38:27.865  1164  1212 I chatty  : uid=1000(system) ActivityManager expire 10 lines
08-30 15:38:28.962  1164  2845 I chatty  : uid=1000(system) Binder:1164_A expire 6 lines
08-30 15:38:29.083  1164  4965 I chatty  : uid=1000(system) Binder:1164_1D expire 10 lines
08-30 15:38:29.098  1164  3395 I chatty  : uid=1000(system) Binder:1164_18 expire 3 lines
08-30 15:38:29.263  1164  1218 I chatty  : uid=1000(system) android.display expire 6 lines
08-30 15:38:29.303  1164  2859 I chatty  : uid=1000(system) Binder:1164_D expire 8 lines
08-30 15:38:31.385  1164  1164 I chatty  : uid=1000 system_server expire 20 lines
08-30 15:38:31.839  1164  3362 I chatty  : uid=1000(system) Binder:1164_13 expire 3 lines
08-30 15:38:32.283  1164  1192 I chatty  : uid=1000(system) Binder:1164_2 expire 2 lines
08-30 15:38:34.439  1164  2003 I chatty  : uid=1000(system) Binder:1164_8 expire 1 line
08-30 15:38:34.448  1164  1994 I chatty  : uid=1000(system) Binder:1164_6 expire 5 lines
08-30 15:38:44.606  1164  1677 I chatty  : uid=1000(system) Binder:1164_4 expire 3 lines
08-30 15:38:46.678  1164  1210 I chatty  : uid=1000(system) ActivityManager expire 11 lines
08-30 15:42:40.720  1164  3371 I chatty  : uid=1000(system) Binder:1164_15 expire 3 lines
08-30 15:42:57.264  1164  1214 I chatty  : uid=1000(system) batterystats-wo expire 2 lines
08-30 15:44:05.329  1164  1506 I chatty  : uid=1000(system) InputReader expire 2 lines
08-30 15:44:05.481  1164  3363 I chatty  : uid=1000(system) Binder:1164_14 expire 1 line
08-30 15:44:05.566  1164  3235 I chatty  : uid=1000(system) Binder:1164_F expire 3 lines
08-30 15:44:05.623  1164  2855 I chatty  : uid=1000(system) Binder:1164_B expire 3 lines
08-30 15:44:05.968  1164  1220 I chatty  : uid=1000(system) PowerManagerSer expire 8 lines
08-30 15:44:06.192  1164  1216 I chatty  : uid=1000(system) android.fg expire 4 lines
08-30 15:44:06.226  1164  1680 I chatty  : uid=1000(system) Binder:1164_5 expire 7 lines
08-30 15:44:06.231  1164  3396 I chatty  : uid=1000(system) Binder:1164_19 expire 5 lines
08-30 15:44:06.236  1164  3241 I chatty  : uid=1000(system) Binder:1164_10 expire 2 lines
08-30 15:44:06.829   922   922 W wificond: Skip match ssid for pno scan: 201Lobby, One Medical Guest, BOXPARK FREE WIFI, Marriott_CONFERENCE, Madelines iPhone, wifi43-5G, De Brabantse Aap, De Prins, _Kefairport-FreeWifi, Gatwick FREE Wi-Fi, JOE & THE JUICE, _ST PANCRAS FREE, Anne Frank House, Verona Guest, Blacksheep FREE WiFi, OnePlus3, DerwentGuest, _Free Islington, ChaiFi, TheContinentalBar_FREE_WIFI, EurostarTrainsWiFi, Free Wifi Heineken, Amstelring_Gast, Phutakun, ARKET Free WiFi, Mocomuseum Guest, Airport_Free_WiFi_, ATT088, EVA-WiFi, OCEAN GARDEN, YURIS APARTEMENT1, WARE WARE, Viroth-Hotel, V-Design Downstair, Saint-Honore, serene4, Tocotoco Free Wifi, serene2, NIA-MegaNet FreeWifi, visigoth
08-30 15:44:06.830   922   922 I wificond: Pno scan started
08-30 15:44:07.199  1164  1164 I chatty  : uid=1000 system_server expire 13 lines
08-30 15:44:07.568  1164  6197 I chatty  : uid=1000(system) Binder:1164_1E expire 1 line
08-30 15:44:07.744  1164 18099 I chatty  : uid=1000(system) Binder:1164_20 expire 4 lines
08-30 15:44:58.387  1164  1211 I chatty  : uid=1000(system) android.ui expire 2 lines
08-30 15:44:59.264   922   922 I wificond: Pno scan stopped
08-30 15:44:59.281  1164  1164 I chatty  : uid=1000 system_server expire 10 lines
08-30 15:44:59.312  1164  1210 I chatty  : uid=1000(system) ActivityManager expire 24 lines
08-30 15:44:59.459  1164  1212 I chatty  : uid=1000(system) ActivityManager expire 4 lines
08-30 15:44:59.861  1164  1456 I chatty  : uid=1000(system) android.anim expire 1 line
08-30 15:44:59.889 17769 17769 W ViewRootImpl[CatanMain]: Cancelling event due to no window focus: KeyEvent { action=ACTION_UP, keyCode=KEYCODE_UNKNOWN, scanCode=203, metaState=0, flags=0x28, repeatCount=0, eventTime=297791536, downTime=297791536, deviceId=0, source=0x101 }
08-30 15:44:59.890 17769 17769 I chatty  : uid=10251(com.exozet.android.catan) identical 1 line
08-30 15:44:59.892 17769 17769 W ViewRootImpl[CatanMain]: Cancelling event due to no window focus: KeyEvent { action=ACTION_UP, keyCode=KEYCODE_UNKNOWN, scanCode=203, metaState=0, flags=0x28, repeatCount=0, eventTime=297791536, downTime=297791536, deviceId=0, source=0x101 }
08-30 15:45:00.015  1688  1688 W ViewRootImpl[StatusBar]: Dropping event due to no window focus: KeyEvent { action=ACTION_DOWN, keyCode=KEYCODE_UNKNOWN, scanCode=203, metaState=0, flags=0x8, repeatCount=0, eventTime=297791536, downTime=297791536, deviceId=0, source=0x101 }
08-30 15:45:00.016  1688  1688 W ViewRootImpl[StatusBar]: Cancelling event due to no window focus: KeyEvent { action=ACTION_UP, keyCode=KEYCODE_UNKNOWN, scanCode=203, metaState=0, flags=0x28, repeatCount=0, eventTime=297793534, downTime=297791536, deviceId=0, source=0x101 }
08-30 15:45:00.016  1688  1688 I chatty  : uid=10065(com.android.systemui) identical 5 lines
08-30 15:45:00.016  1688  1688 W ViewRootImpl[StatusBar]: Cancelling event due to no window focus: KeyEvent { action=ACTION_UP, keyCode=KEYCODE_UNKNOWN, scanCode=203, metaState=0, flags=0x28, repeatCount=0, eventTime=297793534, downTime=297791536, deviceId=0, source=0x101 }
08-30 15:45:00.016  1688  1688 W ViewRootImpl[StatusBar]: Cancelling event due to no window focus: KeyEvent { action=ACTION_UP, keyCode=KEYCODE_UNKNOWN, scanCode=203, metaState=0, flags=0x228, repeatCount=0, eventTime=297793534, downTime=297791536, deviceId=0, source=0x101 }
08-30 15:45:00.016  1688  1688 W ViewRootImpl[StatusBar]: Cancelling event due to no window focus: KeyEvent { action=ACTION_UP, keyCode=KEYCODE_UNKNOWN, scanCode=203, metaState=0, flags=0x228, repeatCount=0, eventTime=297793534, downTime=297791536, deviceId=0, source=0x101 }
08-30 15:45:21.965   922   922 W wificond: Scan is not started. Ignore abort request
08-30 15:45:22.143  1164  1534 I chatty  : uid=1000(system) WifiStateMachin expire 1 line
08-30 15:45:22.143  1164  1546 I chatty  : uid=1000(system) ConnectivitySer expire 14 lines
08-30 15:45:22.459  1164  1566 I chatty  : uid=1000(system) ConnectivityThr expire 1 line
08-30 15:45:22.466  1164  1164 I chatty  : uid=1000 system_server expire 54 lines
08-30 15:45:22.786  1164  1530 I chatty  : uid=1000(system) NetworkPolicy expire 2 lines
08-30 15:45:22.869  1164  1560 I chatty  : uid=1000(system) Binder:1164_3 expire 2 lines
08-30 15:45:23.534  1164  1210 I chatty  : uid=1000(system) ActivityManager expire 32 lines
08-30 15:45:28.890  1164  1677 I chatty  : uid=1000(system) Binder:1164_4 expire 6 lines
08-30 15:45:33.938  1164  3725 I chatty  : uid=1000(system) Binder:1164_1C expire 2 lines
08-30 15:45:52.713  1164  1546 I chatty  : uid=1000(system) ConnectivitySer expire 3 lines
08-30 15:46:00.819  1164  1220 I chatty  : uid=1000(system) PowerManagerSer expire 18 lines
08-30 15:46:01.515  1164  1218 I chatty  : uid=1000(system) android.display expire 6 lines
08-30 15:46:01.663  1164  1216 I chatty  : uid=1000(system) android.fg expire 6 lines
08-30 15:46:01.805  1164  6197 I chatty  : uid=1000(system) Binder:1164_1E expire 5 lines
08-30 15:46:01.921  1164  3241 I chatty  : uid=1000(system) Binder:1164_10 expire 1 line
08-30 15:46:02.583  1164  3396 I chatty  : uid=1000(system) Binder:1164_19 expire 2 lines
08-30 15:46:02.623  1164  2855 I chatty  : uid=1000(system) Binder:1164_B expire 3 lines
08-30 15:46:02.862  1164  3381 I chatty  : uid=1000(system) Binder:1164_16 expire 3 lines
08-30 15:46:03.014  1164  1209 I chatty  : uid=1000(system) android.bg expire 1 line
08-30 15:46:40.630  1164  1190 I chatty  : uid=1000(system) Binder:1164_1 expire 10 lines
08-30 15:46:41.560  1164  1212 I chatty  : uid=1000(system) ActivityManager expire 9 lines
08-30 15:49:28.751  1164  2845 I chatty  : uid=1000(system) Binder:1164_A expire 5 lines
08-30 15:49:29.240  1164  2003 I chatty  : uid=1000(system) Binder:1164_8 expire 4 lines
08-30 15:49:29.313  1164  1211 I chatty  : uid=1000(system) android.ui expire 3 lines
08-30 15:49:29.474  1164  3371 I chatty  : uid=1000(system) Binder:1164_15 expire 2 lines
08-30 15:49:29.554  1164  3385 I chatty  : uid=1000(system) Binder:1164_17 expire 1 line
08-30 15:49:29.835  1164  1456 I chatty  : uid=1000(system) android.anim expire 3 lines
08-30 15:49:59.976  1164  1994 I chatty  : uid=1000(system) Binder:1164_6 expire 2 lines
08-30 15:53:30.229  1164  1214 I chatty  : uid=1000(system) batterystats-wo expire 1 line
08-30 15:53:46.022  1164  2861 I chatty  : uid=1000(system) Binder:1164_E expire 1 line
08-30 15:53:46.053  1164  1680 I chatty  : uid=1000(system) Binder:1164_5 expire 1 line
08-30 15:53:47.450  1164  1505 I chatty  : uid=1000(system) InputDispatcher expire 3 lines
08-30 15:53:47.744  1164  1192 I chatty  : uid=1000(system) Binder:1164_2 expire 1 line
08-30 15:53:50.346  1164  4965 I chatty  : uid=1000(system) Binder:1164_1D expire 2 lines
08-30 15:53:50.589 21566 21566 E SchedPolicy: set_timerslack_ns write failed: Operation not permitted
08-30 15:53:51.032  1164 18099 I chatty  : uid=1000(system) Binder:1164_20 expire 1 line
08-30 15:53:56.730  1164  1164 I chatty  : uid=1000 system_server expire 44 lines
08-30 15:54:01.595 21491 21491 W ViewRootImpl[DeskClock]: Dropping event due to root view being removed: MotionEvent { action=ACTION_UP, actionButton=0, id[0]=0, x[0]=-154.0, y[0]=236.0, toolType[0]=TOOL_TYPE_FINGER, buttonState=0, metaState=0, flags=0x0, edgeFlags=0x0, pointerCount=1, historySize=0, eventTime=298335480, downTime=298335472, deviceId=5, source=0x1002 }
08-30 15:54:11.763  1164  1506 I chatty  : uid=1000(system) InputReader expire 4 lines
08-30 15:54:12.258  1164  1220 I chatty  : uid=1000(system) PowerManagerSer expire 13 lines
08-30 15:54:12.333  1164  1218 I chatty  : uid=1000(system) android.display expire 4 lines
08-30 15:54:12.366  1164  1210 I chatty  : uid=1000(system) ActivityManager expire 14 lines
08-30 15:54:12.479  1164  1216 I chatty  : uid=1000(system) android.fg expire 6 lines
08-30 15:54:12.617  1164  6197 I chatty  : uid=1000(system) Binder:1164_1E expire 3 lines
08-30 15:54:12.722  1164  2861 I chatty  : uid=1000(system) Binder:1164_E expire 3 lines
08-30 15:54:12.825  1164  1994 I chatty  : uid=1000(system) Binder:1164_6 expire 3 lines
08-30 15:54:12.852  1164  4965 I chatty  : uid=1000(system) Binder:1164_1D expire 6 lines
08-30 15:54:12.967  1164 18099 I chatty  : uid=1000(system) Binder:1164_20 expire 1 line
08-30 15:56:29.207  1164  1192 I chatty  : uid=1000(system) Binder:1164_2 expire 2 lines
08-30 15:56:29.394  1164  2859 I chatty  : uid=1000(system) Binder:1164_D expire 1 line
08-30 15:56:29.488  1164  1677 I chatty  : uid=1000(system) Binder:1164_4 expire 3 lines
08-30 15:56:31.349  1164  1505 I chatty  : uid=1000(system) InputDispatcher expire 4 lines
08-30 15:56:33.263  1164  1211 I chatty  : uid=1000(system) android.ui expire 1 line
08-30 15:56:49.868  1164  1456 I chatty  : uid=1000(system) android.anim expire 1 line
08-30 15:56:52.271  1164  3381 I chatty  : uid=1000(system) Binder:1164_16 expire 10 lines
08-30 15:56:52.428  1164  1560 I chatty  : uid=1000(system) Binder:1164_3 expire 6 lines
08-30 15:56:52.562  1164  3395 I chatty  : uid=1000(system) Binder:1164_18 expire 1 line
08-30 16:00:01.162  1164  3385 I chatty  : uid=1000(system) Binder:1164_17 expire 2 lines
08-30 16:01:34.870  1164  1546 I chatty  : uid=1000(system) ConnectivitySer expire 1 line
08-30 16:01:34.872  1164  3277 I chatty  : uid=1000(system) Binder:1164_11 expire 10 lines
08-30 16:01:34.962  1913  1913 I Telephony: TelephonyConnectionService: onCreateIncomingConnection, request: ConnectionRequest xxxxxxxxxxxxxx Bundle[{android.telecom.extra.INCOMING_CALL_ADDRESS=tel:6123091098, android.telecom.extra.CALL_CREATED_TIME_MILLIS=348928034, android.telecom.extra.CALL_TELECOM_ROUTING_START_TIME_MILLIS=348928059}]: (SBC.oSC)->CS.crCo->H.CS.crCo->H.CS.crCo.pICR@E-tYI
08-30 16:01:34.973  1164 22013 I chatty  : uid=1000(system) pool-7-thread-1 expire 1 line
08-30 16:01:34.976  1913  1913 I Telephony: TelephonyConnectionService: notifyCreateConnectionComplete TC@24_1: (...->CSW.hCCC)->CS.crCoC->H.CS.crCoC@E-E-E-tYI
08-30 16:01:34.992  1164  1164 I chatty  : uid=1000 system_server expire 33 lines
08-30 16:01:35.024  1164  1210 I chatty  : uid=1000(system) ActivityManager expire 15 lines
08-30 16:01:35.032  1164  1990 I chatty  : uid=1000(system) uteStateMachine expire 3 lines
08-30 16:01:35.033  1164  1992 I chatty  : uid=1000(system) CallAudioModeSt expire 5 lines
08-30 16:01:35.159 21137 21137 E ActivityThread: Failed to find provider info for google.ims.sipmsgprovider
08-30 16:01:36.265  1164  1212 I chatty  : uid=1000(system) ActivityManager expire 1 line
08-30 16:01:36.306  1164  1220 I chatty  : uid=1000(system) PowerManagerSer expire 3 lines
08-30 16:01:36.926  1164  3362 I chatty  : uid=1000(system) Binder:1164_13 expire 16 lines
08-30 16:01:36.969  1164  2859 I chatty  : uid=1000(system) Binder:1164_D expire 1 line
08-30 16:01:36.972  1164  1210 I chatty  : uid=1000(system) ActivityManager expire 21 lines
08-30 16:01:37.150  1164  3363 I chatty  : uid=1000(system) Binder:1164_14 expire 2 lines
08-30 16:01:58.824  1913  1913 I Telephony: : onDisconnect: callId=TC@24_1, cause=INCOMING_MISSED
08-30 16:01:58.827  1164  1546 I chatty  : uid=1000(system) ConnectivitySer expire 1 line
08-30 16:01:58.829  1164  3347 I chatty  : uid=1000(system) Binder:1164_12 expire 2 lines
08-30 16:01:58.861  1164  4965 I chatty  : uid=1000(system) Binder:1164_1D expire 13 lines
08-30 16:01:58.890  1164  1990 I chatty  : uid=1000(system) uteStateMachine expire 6 lines
08-30 16:01:58.891  1164  1992 I chatty  : uid=1000(system) CallAudioModeSt expire 2 lines
08-30 16:01:58.897  1164  3277 I chatty  : uid=1000(system) Binder:1164_11 expire 4 lines
08-30 16:01:59.166  1164  1164 I chatty  : uid=1000 system_server expire 53 lines
08-30 16:01:59.170  1164  1212 I chatty  : uid=1000(system) ActivityManager expire 10 lines
08-30 16:01:59.345  1164  3385 I chatty  : uid=1000(system) Binder:1164_17 expire 3 lines
08-30 16:01:59.850  1164  1677 I chatty  : uid=1000(system) Binder:1164_4 expire 5 lines
08-30 16:01:59.854  1164  3381 I chatty  : uid=1000(system) Binder:1164_16 expire 3 lines
08-30 16:01:59.861  1164  1560 I chatty  : uid=1000(system) Binder:1164_3 expire 2 lines
08-30 16:01:59.867  1164  2861 I chatty  : uid=1000(system) Binder:1164_E expire 2 lines
08-30 16:02:09.365  1164  1995 I chatty  : uid=1000(system) Binder:1164_7 expire 6 lines
08-30 16:02:09.494  1164  1220 I chatty  : uid=1000(system) PowerManagerSer expire 15 lines
08-30 16:02:10.038  1164  1218 I chatty  : uid=1000(system) android.display expire 4 lines
08-30 16:02:10.178  1164  1216 I chatty  : uid=1000(system) android.fg expire 6 lines
08-30 16:02:13.098  1164  1994 I chatty  : uid=1000(system) Binder:1164_6 expire 1 line
08-30 16:02:13.546  1164  1211 I chatty  : uid=1000(system) android.ui expire 3 lines
08-30 16:02:13.632  1164  1190 I chatty  : uid=1000(system) Binder:1164_1 expire 7 lines
08-30 16:02:13.818  1164  3396 I chatty  : uid=1000(system) Binder:1164_19 expire 7 lines
08-30 16:02:13.832  1164  1192 I chatty  : uid=1000(system) Binder:1164_2 expire 3 lines
08-30 16:02:31.580 22184 22585 E ActivityThread: Failed to find provider info for com.facebook.mlite.sso.MessengerLoggedInUserProvider
08-30 16:02:31.595  1164  1164 I chatty  : uid=1000 system_server expire 16 lines
08-30 16:02:31.838  1164  8174 I chatty  : uid=1000(system) Binder:1164_1F expire 1 line
08-30 16:02:31.984  1164  1680 I chatty  : uid=1000(system) Binder:1164_5 expire 2 lines
08-30 16:02:33.722  1164  3241 I chatty  : uid=1000(system) Binder:1164_10 expire 3 lines
08-30 16:02:42.600  1164  1210 I chatty  : uid=1000(system) ActivityManager expire 6 lines
08-30 16:05:36.799 22184 22918 E ActivityThread: Failed to find provider info for com.facebook.mlite.sso.MessengerLoggedInUserProvider
08-30 16:05:36.875  1164  1164 I chatty  : uid=1000 system_server expire 66 lines
08-30 16:06:05.570  1164  1209 I chatty  : uid=1000(system) android.bg expire 2 lines
08-30 16:06:15.143  1164  3371 I chatty  : uid=1000(system) Binder:1164_15 expire 5 lines
08-30 16:06:15.170  1164  1190 I chatty  : uid=1000(system) Binder:1164_1 expire 5 lines
08-30 16:06:15.589  1164  1212 I chatty  : uid=1000(system) ActivityManager expire 21 lines
08-30 16:06:16.623  1164  2176 I chatty  : uid=1000(system) Binder:1164_9 expire 8 lines
08-30 16:06:38.688  1164  2855 I chatty  : uid=1000(system) Binder:1164_B expire 2 lines
08-30 16:06:54.337  1164  1210 I chatty  : uid=1000(system) ActivityManager expire 20 lines
08-30 16:14:16.237 22184 23339 E ActivityThread: Failed to find provider info for com.facebook.mlite.sso.MessengerLoggedInUserProvider
08-30 16:15:24.044  1164  1192 I chatty  : uid=1000(system) Binder:1164_2 expire 1 line
08-30 16:15:24.054  1164  6197 I chatty  : uid=1000(system) Binder:1164_1E expire 8 lines
08-30 16:15:24.080  1164  1995 I chatty  : uid=1000(system) Binder:1164_7 expire 4 lines
08-30 16:16:07.293  1164  1546 I chatty  : uid=1000(system) ConnectivitySer expire 4 lines
08-30 16:16:11.101 22184 23472 E ActivityThread: Failed to find provider info for com.facebook.mlite.sso.MessengerLoggedInUserProvider
08-30 16:16:37.808  1164  1677 I chatty  : uid=1000(system) Binder:1164_4 expire 2 lines
08-30 16:23:00.356  1164  1220 I chatty  : uid=1000(system) PowerManagerSer expire 12 lines
08-30 16:23:00.383  1164  1218 I chatty  : uid=1000(system) android.display expire 5 lines
08-30 16:23:04.064  1164  1680 I chatty  : uid=1000(system) Binder:1164_5 expire 5 lines
08-30 16:23:04.088  1164  4965 I chatty  : uid=1000(system) Binder:1164_1D expire 2 lines
08-30 16:23:15.262  1164  2859 I chatty  : uid=1000(system) Binder:1164_D expire 4 lines
08-30 16:23:22.642  1164  1216 I chatty  : uid=1000(system) android.fg expire 3 lines
08-30 16:23:22.732  1164  3381 I chatty  : uid=1000(system) Binder:1164_16 expire 12 lines
08-30 16:23:23.056  1164  2861 I chatty  : uid=1000(system) Binder:1164_E expire 5 lines
08-30 16:23:23.291  1164  1560 I chatty  : uid=1000(system) Binder:1164_3 expire 3 lines
08-30 16:28:29.799  1164  1211 I chatty  : uid=1000(system) android.ui expire 1 line
08-30 16:28:37.547  1164  2858 I chatty  : uid=1000(system) Binder:1164_C expire 1 line
08-30 16:28:37.570  1164  3371 I chatty  : uid=1000(system) Binder:1164_15 expire 1 line
08-30 16:28:37.572  1164  1218 I chatty  : uid=1000(system) android.display expire 6 lines
08-30 16:28:37.610  1164  1214 I chatty  : uid=1000(system) batterystats-wo expire 3 lines
08-30 16:28:38.161  1164  3395 I chatty  : uid=1000(system) Binder:1164_18 expire 2 lines
08-30 16:28:38.182  1164  1212 I chatty  : uid=1000(system) ActivityManager expire 11 lines
08-30 16:28:55.618  1164  3277 I chatty  : uid=1000(system) Binder:1164_11 expire 6 lines
08-30 16:28:55.618  1164  2003 I chatty  : uid=1000(system) Binder:1164_8 expire 6 lines
08-30 16:28:57.029  1164  3723 I chatty  : uid=1000(system) Binder:1164_1B expire 9 lines
08-30 16:28:57.037  1164  3725 I chatty  : uid=1000(system) Binder:1164_1C expire 3 lines
08-30 16:28:57.045  1164  1560 I chatty  : uid=1000(system) Binder:1164_3 expire 1 line
08-30 16:28:57.064  1164  3396 I chatty  : uid=1000(system) Binder:1164_19 expire 4 lines
08-30 16:28:57.068  1164  6197 I chatty  : uid=1000(system) Binder:1164_1E expire 7 lines
08-30 16:28:57.069  1164  1994 I chatty  : uid=1000(system) Binder:1164_6 expire 1 line
08-30 16:28:57.071  1164  1192 I chatty  : uid=1000(system) Binder:1164_2 expire 4 lines
08-30 16:28:57.074  1164  3347 I chatty  : uid=1000(system) Binder:1164_12 expire 1 line
08-30 16:28:57.087  1164  3381 I chatty  : uid=1000(system) Binder:1164_16 expire 1 line
08-30 16:28:57.101  1164  3235 I chatty  : uid=1000(system) Binder:1164_F expire 1 line
08-30 16:29:02.335  1164  1505 I chatty  : uid=1000(system) InputDispatcher expire 1 line
08-30 16:29:05.790  1164  1164 I chatty  : uid=1000 system_server expire 11 lines
08-30 16:29:18.999  1164 18099 I chatty  : uid=1000(system) Binder:1164_20 expire 11 lines
08-30 16:29:38.531  1164  1210 I chatty  : uid=1000(system) ActivityManager expire 13 lines
08-30 16:29:51.735 19467 19467 E SchedPolicy: set_timerslack_ns write failed: Operation not permitted
08-30 16:31:07.082  1164  1680 I chatty  : uid=1000(system) Binder:1164_5 expire 4 lines
08-30 16:31:11.427 19467 19467 E SchedPolicy: set_timerslack_ns write failed: Operation not permitted
08-30 16:31:46.386  1164  1506 I chatty  : uid=1000(system) InputReader expire 3 lines
08-30 16:31:46.971  1164  1220 I chatty  : uid=1000(system) PowerManagerSer expire 11 lines
08-30 16:31:47.057 19467 19467 E SchedPolicy: set_timerslack_ns write failed: Operation not permitted
08-30 16:31:47.216  1164  1216 I chatty  : uid=1000(system) android.fg expire 6 lines
08-30 16:31:47.435  1164  3385 I chatty  : uid=1000(system) Binder:1164_17 expire 5 lines
08-30 16:33:35.913 22184 25440 E ActivityThread: Failed to find provider info for com.facebook.mlite.sso.MessengerLoggedInUserProvider
08-30 16:33:35.914  1164  1164 I chatty  : uid=1000 system_server expire 15 lines
08-30 16:34:16.173 19467 19467 E SchedPolicy: set_timerslack_ns write failed: Operation not permitted
08-30 16:34:16.641  1164  1212 I chatty  : uid=1000(system) ActivityManager expire 3 lines
08-30 16:34:16.937  1164  1164 I chatty  : uid=1000 system_server expire 12 lines
08-30 16:34:46.716 22184 25895 E ActivityThread: Failed to find provider info for com.facebook.mlite.sso.MessengerLoggedInUserProvider
08-30 16:35:06.486 19467 19467 E SchedPolicy: set_timerslack_ns write failed: Operation not permitted
08-30 16:35:06.647  1164  1220 I chatty  : uid=1000(system) PowerManagerSer expire 3 lines
08-30 16:35:06.795  1164  1210 I chatty  : uid=1000(system) ActivityManager expire 8 lines
08-30 16:35:06.879  1164  4965 I chatty  : uid=1000(system) Binder:1164_1D expire 6 lines
08-30 16:41:57.527  1164  1546 I chatty  : uid=1000(system) ConnectivitySer expire 10 lines
