08-30 09:10:34.326  7579  7579 W ViewRootImpl[ResolutionCheckerActivity]: Cancelling event due to no window focus: KeyEvent { action=ACTION_UP, keyCode=KEYCODE_VOLUME_DOWN, scanCode=114, metaState=0, flags=0x28, repeatCount=0, eventTime=278922457, downTime=278922200, deviceId=4, source=0x101 }
08-30 09:10:34.327  7579  7579 I chatty  : uid=10251(com.exozet.android.catan) identical 4 lines
08-30 09:10:34.327  7579  7579 W ViewRootImpl[ResolutionCheckerActivity]: Cancelling event due to no window focus: KeyEvent { action=ACTION_UP, keyCode=KEYCODE_VOLUME_DOWN, scanCode=114, metaState=0, flags=0x28, repeatCount=0, eventTime=278922457, downTime=278922200, deviceId=4, source=0x101 }
08-30 09:10:58.446  1164  1209 I chatty  : uid=1000(system) android.bg expire 3 lines
08-30 09:10:58.526  1164  1218 I chatty  : uid=1000(system) android.display expire 5 lines
08-30 09:10:58.578  1164  3371 I chatty  : uid=1000(system) Binder:1164_15 expire 3 lines
08-30 09:13:13.428  1164  3381 I chatty  : uid=1000(system) Binder:1164_16 expire 2 lines
08-30 09:19:03.004  1164  3385 I chatty  : uid=1000(system) Binder:1164_17 expire 2 lines
08-30 09:19:03.895  1164  1506 I chatty  : uid=1000(system) InputReader expire 4 lines
08-30 09:19:04.594  1164  1216 I chatty  : uid=1000(system) android.fg expire 6 lines
08-30 09:19:04.683  1164  1680 I chatty  : uid=1000(system) Binder:1164_5 expire 3 lines
08-30 09:19:04.725   922   922 W wificond: Skip match ssid for pno scan: One Medical Guest, BOXPARK FREE WIFI, Marriott_CONFERENCE, Madelines iPhone, wifi43-5G, 201Lobby, De Brabantse Aap, De Prins, _Kefairport-FreeWifi, Gatwick FREE Wi-Fi, JOE & THE JUICE, _ST PANCRAS FREE, Anne Frank House, Verona Guest, Blacksheep FREE WiFi, OnePlus3, DerwentGuest, _Free Islington, ChaiFi, TheContinentalBar_FREE_WIFI, EurostarTrainsWiFi, Free Wifi Heineken, Amstelring_Gast, Phutakun, ARKET Free WiFi, Mocomuseum Guest, Airport_Free_WiFi_, ATT088, EVA-WiFi, OCEAN GARDEN, YURIS APARTEMENT1, WARE WARE, Viroth-Hotel, V-Design Downstair, Saint-Honore, serene4, Tocotoco Free Wifi, serene2, NIA-MegaNet FreeWifi, visigoth
08-30 09:19:04.726   922   922 I wificond: Pno scan started
08-30 09:19:06.280  1164  1164 I chatty  : uid=1000 system_server expire 18 lines
08-30 09:19:06.290  1164  1210 I chatty  : uid=1000(system) ActivityManager expire 10 lines
08-30 09:19:06.344  1164  2855 I chatty  : uid=1000(system) Binder:1164_B expire 2 lines
08-30 09:19:06.390  1164  2003 I chatty  : uid=1000(system) Binder:1164_8 expire 4 lines
08-30 09:27:05.307   922   922 I wificond: Pno scan stopped
08-30 09:27:05.409  1164  3396 I chatty  : uid=1000(system) Binder:1164_19 expire 5 lines
08-30 09:27:05.683  1164  2858 I chatty  : uid=1000(system) Binder:1164_C expire 2 lines
08-30 09:27:05.761  1164  4965 I chatty  : uid=1000(system) Binder:1164_1D expire 2 lines
08-30 09:27:07.990   922   922 W wificond: Skip match ssid for pno scan: One Medical Guest, BOXPARK FREE WIFI, Marriott_CONFERENCE, Madelines iPhone, wifi43-5G, 201Lobby, De Brabantse Aap, De Prins, _Kefairport-FreeWifi, Gatwick FREE Wi-Fi, JOE & THE JUICE, _ST PANCRAS FREE, Anne Frank House, Verona Guest, Blacksheep FREE WiFi, OnePlus3, DerwentGuest, _Free Islington, ChaiFi, TheContinentalBar_FREE_WIFI, EurostarTrainsWiFi, Free Wifi Heineken, Amstelring_Gast, Phutakun, ARKET Free WiFi, Mocomuseum Guest, Airport_Free_WiFi_, ATT088, EVA-WiFi, OCEAN GARDEN, YURIS APARTEMENT1, WARE WARE, Viroth-Hotel, V-Design Downstair, Saint-Honore, serene4, Tocotoco Free Wifi, serene2, NIA-MegaNet FreeWifi, visigoth
08-30 09:27:07.990  1164  1164 I chatty  : uid=1000 system_server expire 2 lines
08-30 09:27:07.991   922   922 I wificond: Pno scan started
08-30 09:27:08.002  1164  1210 I chatty  : uid=1000(system) ActivityManager expire 7 lines
08-30 09:27:08.111  1164  2861 I chatty  : uid=1000(system) Binder:1164_E expire 1 line
08-30 09:28:25.097  1164  8174 I chatty  : uid=1000(system) Binder:1164_1F expire 1 line
08-30 09:30:53.712  1164  1546 I chatty  : uid=1000(system) ConnectivitySer expire 2 lines
08-30 09:30:55.049  1164  2858 I chatty  : uid=1000(system) Binder:1164_C expire 9 lines
08-30 09:31:15.573  1164  4965 I chatty  : uid=1000(system) Binder:1164_1D expire 2 lines
08-30 09:31:16.150  1164  1164 I chatty  : uid=1000 system_server expire 14 lines
08-30 09:31:16.164  1164  8174 I chatty  : uid=1000(system) Binder:1164_1F expire 1 line
08-30 09:31:16.173  1164  1220 I chatty  : uid=1000(system) PowerManagerSer expire 16 lines
08-30 09:31:16.192  1164  1218 I chatty  : uid=1000(system) android.display expire 5 lines
08-30 09:31:16.212   922   922 I wificond: Pno scan stopped
08-30 09:31:16.233  1164  1210 I chatty  : uid=1000(system) ActivityManager expire 18 lines
08-30 09:31:16.255  1164  3235 I chatty  : uid=1000(system) Binder:1164_F expire 4 lines
08-30 09:31:16.292  1164 18099 I chatty  : uid=1000(system) Binder:1164_20 expire 3 lines
08-30 09:31:16.384  1164  2861 I chatty  : uid=1000(system) Binder:1164_E expire 7 lines
08-30 09:31:16.610  1164  3395 I chatty  : uid=1000(system) Binder:1164_18 expire 4 lines
08-30 09:31:16.654  1164  1192 I chatty  : uid=1000(system) Binder:1164_2 expire 2 lines
08-30 09:31:52.876  1164  1506 I chatty  : uid=1000(system) InputReader expire 4 lines
08-30 09:31:53.621  1164  1216 I chatty  : uid=1000(system) android.fg expire 6 lines
08-30 09:31:53.725  1164  2859 I chatty  : uid=1000(system) Binder:1164_D expire 5 lines
08-30 09:31:53.746   922   922 W wificond: Skip match ssid for pno scan: One Medical Guest, BOXPARK FREE WIFI, Marriott_CONFERENCE, Madelines iPhone, wifi43-5G, 201Lobby, De Brabantse Aap, De Prins, _Kefairport-FreeWifi, Gatwick FREE Wi-Fi, JOE & THE JUICE, _ST PANCRAS FREE, Anne Frank House, Verona Guest, Blacksheep FREE WiFi, OnePlus3, DerwentGuest, _Free Islington, ChaiFi, TheContinentalBar_FREE_WIFI, EurostarTrainsWiFi, Free Wifi Heineken, Amstelring_Gast, Phutakun, ARKET Free WiFi, Mocomuseum Guest, Airport_Free_WiFi_, ATT088, EVA-WiFi, OCEAN GARDEN, YURIS APARTEMENT1, WARE WARE, Viroth-Hotel, V-Design Downstair, Saint-Honore, serene4, Tocotoco Free Wifi, serene2, NIA-MegaNet FreeWifi, visigoth
08-30 09:31:53.746  1164  1164 I chatty  : uid=1000 system_server expire 14 lines
08-30 09:31:53.746   922   922 I wificond: Pno scan started
08-30 09:31:53.769  1164  3347 I chatty  : uid=1000(system) Binder:1164_12 expire 3 lines
08-30 09:33:28.992  1164  1212 I chatty  : uid=1000(system) ActivityManager expire 5 lines
08-30 09:33:29.415  1164  2855 I chatty  : uid=1000(system) Binder:1164_B expire 6 lines
08-30 09:33:33.978  1164  1214 I chatty  : uid=1000(system) batterystats-wo expire 1 line
08-30 09:33:39.492   922   922 I wificond: Pno scan stopped
08-30 09:33:39.740  1164  2845 I chatty  : uid=1000(system) Binder:1164_A expire 3 lines
08-30 09:33:42.218  1164  3396 I chatty  : uid=1000(system) Binder:1164_19 expire 2 lines
08-30 09:33:54.296   922   922 W wificond: Skip match ssid for pno scan: One Medical Guest, BOXPARK FREE WIFI, Marriott_CONFERENCE, Madelines iPhone, wifi43-5G, 201Lobby, De Brabantse Aap, De Prins, _Kefairport-FreeWifi, Gatwick FREE Wi-Fi, JOE & THE JUICE, _ST PANCRAS FREE, Anne Frank House, Verona Guest, Blacksheep FREE WiFi, OnePlus3, DerwentGuest, _Free Islington, ChaiFi, TheContinentalBar_FREE_WIFI, EurostarTrainsWiFi, Free Wifi Heineken, Amstelring_Gast, Phutakun, ARKET Free WiFi, Mocomuseum Guest, Airport_Free_WiFi_, ATT088, EVA-WiFi, OCEAN GARDEN, YURIS APARTEMENT1, WARE WARE, Viroth-Hotel, V-Design Downstair, Saint-Honore, serene4, Tocotoco Free Wifi, serene2, NIA-MegaNet FreeWifi, visigoth
08-30 09:33:54.299   922   922 I wificond: Pno scan started
08-30 09:33:54.299   922   922 W wificond: Scan aborted
08-30 09:33:54.300  1164  1164 I chatty  : uid=1000 system_server expire 10 lines
08-30 09:33:54.302  1164  1210 I chatty  : uid=1000(system) ActivityManager expire 11 lines
08-30 09:34:05.874  1164  1482 I chatty  : uid=1000(system) AlarmManager expire 1 line
08-30 09:34:18.582  1164  1220 I chatty  : uid=1000(system) PowerManagerSer expire 3 lines
08-30 09:34:18.652   922   922 I wificond: Pno scan stopped
08-30 09:34:18.764  1164  2176 I chatty  : uid=1000(system) Binder:1164_9 expire 1 line
08-30 09:34:19.030  1164  3371 I chatty  : uid=1000(system) Binder:1164_15 expire 3 lines
08-30 09:34:20.104   922   922 W wificond: Scan is not started. Ignore abort request
08-30 09:34:20.122  1164  1210 I chatty  : uid=1000(system) ActivityManager expire 4 lines
08-30 09:34:20.268  1164  1534 I chatty  : uid=1000(system) WifiStateMachin expire 1 line
08-30 09:34:20.268  1164  1546 I chatty  : uid=1000(system) ConnectivitySer expire 16 lines
08-30 09:34:20.272  1164  1210 I chatty  : uid=1000(system) ActivityManager expire 26 lines
08-30 09:34:20.440  1164  2845 I chatty  : uid=1000(system) Binder:1164_A expire 2 lines
08-30 09:34:20.602  1164  1566 I chatty  : uid=1000(system) ConnectivityThr expire 1 line
08-30 09:34:23.096  1164  1164 I chatty  : uid=1000 system_server expire 11 lines
08-30 09:34:23.415  1164  1506 I chatty  : uid=1000(system) InputReader expire 4 lines
08-30 09:34:23.928  1164  1220 I chatty  : uid=1000(system) PowerManagerSer expire 13 lines
08-30 09:34:23.985  1164  1218 I chatty  : uid=1000(system) android.display expire 3 lines
08-30 09:34:24.128  1164  1216 I chatty  : uid=1000(system) android.fg expire 6 lines
08-30 09:34:24.192  1164  3371 I chatty  : uid=1000(system) Binder:1164_15 expire 1 line
08-30 09:34:24.241  1164  2176 I chatty  : uid=1000(system) Binder:1164_9 expire 2 lines
08-30 09:34:24.368  1164  1190 I chatty  : uid=1000(system) Binder:1164_1 expire 2 lines
08-30 09:34:26.632  1164  2861 I chatty  : uid=1000(system) Binder:1164_E expire 1 line
08-30 09:34:26.645  1164  1530 I chatty  : uid=1000(system) NetworkPolicy expire 4 lines
08-30 09:34:26.724  1164  1212 I chatty  : uid=1000(system) ActivityManager expire 2 lines
08-30 09:34:27.077  1164  6197 I chatty  : uid=1000(system) Binder:1164_1E expire 4 lines
08-30 09:34:33.017  1164  2858 I chatty  : uid=1000(system) Binder:1164_C expire 1 line
08-30 09:34:33.026  1164  3363 I chatty  : uid=1000(system) Binder:1164_14 expire 4 lines
08-30 09:34:36.862   922   922 W wificond: Skip match ssid for pno scan: 201Lobby, One Medical Guest, BOXPARK FREE WIFI, Marriott_CONFERENCE, Madelines iPhone, wifi43-5G, De Brabantse Aap, De Prins, _Kefairport-FreeWifi, Gatwick FREE Wi-Fi, JOE & THE JUICE, _ST PANCRAS FREE, Anne Frank House, Verona Guest, Blacksheep FREE WiFi, OnePlus3, DerwentGuest, _Free Islington, ChaiFi, TheContinentalBar_FREE_WIFI, EurostarTrainsWiFi, Free Wifi Heineken, Amstelring_Gast, Phutakun, ARKET Free WiFi, Mocomuseum Guest, Airport_Free_WiFi_, ATT088, EVA-WiFi, OCEAN GARDEN, YURIS APARTEMENT1, WARE WARE, Viroth-Hotel, V-Design Downstair, Saint-Honore, serene4, Tocotoco Free Wifi, serene2, NIA-MegaNet FreeWifi, visigoth
08-30 09:34:36.862   922   922 I wificond: Pno scan started
08-30 09:34:36.879  1164  1546 I chatty  : uid=1000(system) ConnectivitySer expire 8 lines
08-30 09:34:36.882  1164  1210 I chatty  : uid=1000(system) ActivityManager expire 11 lines
08-30 09:34:55.942  1164  4965 I chatty  : uid=1000(system) Binder:1164_1D expire 1 line
08-30 09:34:56.012  1164  1995 I chatty  : uid=1000(system) Binder:1164_7 expire 6 lines
08-30 09:34:56.023   922   922 I wificond: Pno scan stopped
08-30 09:34:56.028  1164  1164 I chatty  : uid=1000 system_server expire 12 lines
08-30 09:34:56.030  1164  1210 I chatty  : uid=1000(system) ActivityManager expire 12 lines
08-30 09:34:56.104  1164  2859 I chatty  : uid=1000(system) Binder:1164_D expire 2 lines
08-30 09:34:56.126  1164  2855 I chatty  : uid=1000(system) Binder:1164_B expire 11 lines
08-30 09:34:56.476  1164  3362 I chatty  : uid=1000(system) Binder:1164_13 expire 1 line
08-30 09:34:59.126  1164  1505 I chatty  : uid=1000(system) InputDispatcher expire 1 line
08-30 09:35:00.966   922   922 W wificond: Skip match ssid for pno scan: One Medical Guest, BOXPARK FREE WIFI, Marriott_CONFERENCE, Madelines iPhone, 201Lobby, wifi43-5G, De Brabantse Aap, De Prins, _Kefairport-FreeWifi, Gatwick FREE Wi-Fi, JOE & THE JUICE, _ST PANCRAS FREE, Anne Frank House, Verona Guest, Blacksheep FREE WiFi, OnePlus3, DerwentGuest, _Free Islington, ChaiFi, TheContinentalBar_FREE_WIFI, EurostarTrainsWiFi, Free Wifi Heineken, Amstelring_Gast, Phutakun, ARKET Free WiFi, Mocomuseum Guest, Airport_Free_WiFi_, ATT088, EVA-WiFi, OCEAN GARDEN, YURIS APARTEMENT1, WARE WARE, Viroth-Hotel, V-Design Downstair, Saint-Honore, serene4, Tocotoco Free Wifi, serene2, NIA-MegaNet FreeWifi, visigoth
08-30 09:35:00.966   922   922 I wificond: Pno scan started
08-30 09:35:16.191  1164  3347 I chatty  : uid=1000(system) Binder:1164_12 expire 9 lines
08-30 09:35:59.305  1164  2855 I chatty  : uid=1000(system) Binder:1164_B expire 1 line
08-30 09:36:03.262  1164  6197 I chatty  : uid=1000(system) Binder:1164_1E expire 4 lines
08-30 09:36:27.088  1164  1995 I chatty  : uid=1000(system) Binder:1164_7 expire 1 line
08-30 09:36:29.103  1164  1164 I chatty  : uid=1000 system_server expire 14 lines
08-30 09:36:29.116 10137 11018 E ActivityThread: Failed to find provider info for com.facebook.mlite.sso.MessengerLoggedInUserProvider
08-30 09:36:29.949  1164  2859 I chatty  : uid=1000(system) Binder:1164_D expire 4 lines
08-30 09:36:32.347  1164  1212 I chatty  : uid=1000(system) ActivityManager expire 5 lines
08-30 09:36:42.924   922   922 I wificond: Pno scan result ready event
08-30 09:36:42.946   922   922 W wificond: Scan is not started. Ignore abort request
08-30 09:36:42.970  1164  1210 I chatty  : uid=1000(system) ActivityManager expire 27 lines
08-30 09:36:45.686   922   922 I wificond: Pno scan stopped
08-30 09:36:45.696  1164  1534 I chatty  : uid=1000(system) WifiStateMachin expire 1 line
08-30 09:36:45.696  1164  1546 I chatty  : uid=1000(system) ConnectivitySer expire 17 lines
08-30 09:36:47.045  1164  1566 I chatty  : uid=1000(system) ConnectivityThr expire 1 line
08-30 09:36:47.746  1164  1530 I chatty  : uid=1000(system) NetworkPolicy expire 2 lines
08-30 09:37:01.021  1164  2003 I chatty  : uid=1000(system) Binder:1164_8 expire 2 lines
08-30 09:37:49.627  1164  2176 I chatty  : uid=1000(system) Binder:1164_9 expire 12 lines
08-30 09:38:27.697  1164  1220 I chatty  : uid=1000(system) PowerManagerSer expire 9 lines
08-30 09:38:27.726  1164  1218 I chatty  : uid=1000(system) android.display expire 2 lines
08-30 09:38:27.794  1164  3395 I chatty  : uid=1000(system) Binder:1164_18 expire 5 lines
08-30 09:38:28.090  1164  1211 I chatty  : uid=1000(system) android.ui expire 1 line
08-30 09:38:28.180 32550 32550 W ViewRootImpl[NexusLauncherActivity]: Dropping event due to no window focus: KeyEvent { action=ACTION_DOWN, keyCode=KEYCODE_UNKNOWN, scanCode=203, metaState=0, flags=0x8, repeatCount=0, eventTime=280595499, downTime=280595499, deviceId=0, source=0x101 }
08-30 09:38:28.180 32550 32550 W ViewRootImpl[NexusLauncherActivity]: Cancelling event due to no window focus: KeyEvent { action=ACTION_UP, keyCode=KEYCODE_UNKNOWN, scanCode=203, metaState=0, flags=0x28, repeatCount=0, eventTime=280595499, downTime=280595499, deviceId=0, source=0x101 }
08-30 09:38:28.186 32550 32550 I chatty  : uid=10029(com.google.android.apps.nexuslauncher) identical 5 lines
08-30 09:38:28.186 32550 32550 W ViewRootImpl[NexusLauncherActivity]: Cancelling event due to no window focus: KeyEvent { action=ACTION_UP, keyCode=KEYCODE_UNKNOWN, scanCode=203, metaState=0, flags=0x28, repeatCount=0, eventTime=280595499, downTime=280595499, deviceId=0, source=0x101 }
08-30 09:38:28.186 32550 32550 W ViewRootImpl[NexusLauncherActivity]: Cancelling event due to no window focus: KeyEvent { action=ACTION_UP, keyCode=KEYCODE_UNKNOWN, scanCode=203, metaState=0, flags=0x228, repeatCount=0, eventTime=280595499, downTime=280595499, deviceId=0, source=0x101 }
08-30 09:38:28.186 32550 32550 W ViewRootImpl[NexusLauncherActivity]: Cancelling event due to no window focus: KeyEvent { action=ACTION_UP, keyCode=KEYCODE_UNKNOWN, scanCode=203, metaState=0, flags=0x228, repeatCount=0, eventTime=280595499, downTime=280595499, deviceId=0, source=0x101 }
08-30 09:38:28.252  1164  3363 I chatty  : uid=1000(system) Binder:1164_14 expire 1 line
08-30 09:38:28.286  1164  3371 I chatty  : uid=1000(system) Binder:1164_15 expire 1 line
08-30 09:38:28.287  1164  1210 I chatty  : uid=1000(system) ActivityManager expire 10 lines
08-30 09:38:28.446  1164  2861 I chatty  : uid=1000(system) Binder:1164_E expire 1 line
08-30 09:38:28.511  1164  3725 I chatty  : uid=1000(system) Binder:1164_1C expire 1 line
08-30 09:38:29.931  1164  1164 I chatty  : uid=1000 system_server expire 17 lines
08-30 09:38:47.811  1164  1505 I chatty  : uid=1000(system) InputDispatcher expire 1 line
08-30 09:38:57.231  1164  1546 I chatty  : uid=1000(system) ConnectivitySer expire 5 lines
08-30 09:39:03.000 11472 11472 E ActivityThread: Service com.android.providers.downloads.DownloadJobService has leaked ServiceConnection android.media.MediaScannerConnection@2185aa1 that was originally bound here
08-30 09:39:03.000 11472 11472 E ActivityThread: android.app.ServiceConnectionLeaked: Service com.android.providers.downloads.DownloadJobService has leaked ServiceConnection android.media.MediaScannerConnection@2185aa1 that was originally bound here
08-30 09:39:03.000 11472 11472 E ActivityThread: 	at android.app.LoadedApk$ServiceDispatcher.<init>(LoadedApk.java:1610)
08-30 09:39:03.000 11472 11472 E ActivityThread: 	at android.app.LoadedApk.getServiceDispatcher(LoadedApk.java:1502)
08-30 09:39:03.000 11472 11472 E ActivityThread: 	at android.app.ContextImpl.bindServiceCommon(ContextImpl.java:1659)
08-30 09:39:03.000 11472 11472 E ActivityThread: 	at android.app.ContextImpl.bindService(ContextImpl.java:1612)
08-30 09:39:03.000 11472 11472 E ActivityThread: 	at android.content.ContextWrapper.bindService(ContextWrapper.java:698)
08-30 09:39:03.000 11472 11472 E ActivityThread: 	at android.media.MediaScannerConnection.connect(MediaScannerConnection.java:119)
08-30 09:39:03.000 11472 11472 E ActivityThread: 	at com.android.providers.downloads.DownloadScanner.requestScan(DownloadScanner.java:130)
08-30 09:39:03.000 11472 11472 E ActivityThread: 	at com.android.providers.downloads.DownloadScanner.requestScanBlocking(DownloadScanner.java:85)
08-30 09:39:03.000 11472 11472 E ActivityThread: 	at com.android.providers.downloads.DownloadThread.run(DownloadThread.java:393)
08-30 09:39:18.614  1164  1216 I chatty  : uid=1000(system) android.fg expire 3 lines
08-30 09:39:18.714  1164  3381 I chatty  : uid=1000(system) Binder:1164_16 expire 1 line
08-30 09:39:23.308  1913  1913 I Telephony: TelephonyConnectionService: onCreateIncomingConnection, request: ConnectionRequest xxxxxxxxxxxxxx Bundle[{android.telecom.extra.INCOMING_CALL_ADDRESS=tel:4159048707, android.telecom.extra.CALL_CREATED_TIME_MILLIS=325996102, android.telecom.extra.CALL_TELECOM_ROUTING_START_TIME_MILLIS=325996134}]: (SBC.oSC)->CS.crCo->H.CS.crCo->H.CS.crCo.pICR@E-odQ
08-30 09:39:23.320  1164 11658 I chatty  : uid=1000 system_server expire 1 line
08-30 09:39:23.322  1913  1913 I Telephony: TelephonyConnectionService: notifyCreateConnectionComplete TC@18_1: (...->CSW.hCCC)->CS.crCoC->H.CS.crCoC@E-E-E-odQ
08-30 09:39:23.342  1164  1164 I chatty  : uid=1000 system_server expire 12 lines
08-30 09:39:23.678  1164  2176 I chatty  : uid=1000(system) Binder:1164_9 expire 1 line
08-30 09:39:23.696  1164  1210 I chatty  : uid=1000(system) ActivityManager expire 28 lines
08-30 09:39:23.700  1164  1164 I chatty  : uid=1000 system_server expire 25 lines
08-30 09:39:23.713  1164  1992 I chatty  : uid=1000(system) CallAudioModeSt expire 12 lines
08-30 09:39:23.715  1164  1990 I chatty  : uid=1000(system) uteStateMachine expire 15 lines
08-30 09:39:23.716  1164  3363 I chatty  : uid=1000(system) Binder:1164_14 expire 2 lines
08-30 09:39:23.762  1164  3347 I chatty  : uid=1000(system) Binder:1164_12 expire 1 line
08-30 09:39:24.001  1164  1212 I chatty  : uid=1000(system) ActivityManager expire 3 lines
08-30 09:39:24.078  1164  3381 I chatty  : uid=1000(system) Binder:1164_16 expire 16 lines
08-30 09:39:24.434  1164  1220 I chatty  : uid=1000(system) PowerManagerSer expire 3 lines
08-30 09:39:24.470  1164  1218 I chatty  : uid=1000(system) android.display expire 3 lines
08-30 09:39:25.020  1164  3395 I chatty  : uid=1000(system) Binder:1164_18 expire 2 lines
08-30 09:39:25.152  1164  1192 I chatty  : uid=1000(system) Binder:1164_2 expire 2 lines
08-30 09:39:25.227  1164  2859 I chatty  : uid=1000(system) Binder:1164_D expire 14 lines
08-30 09:39:28.849  1164  1560 I chatty  : uid=1000(system) Binder:1164_3 expire 2 lines
08-30 09:39:28.863  1164  2176 I chatty  : uid=1000(system) Binder:1164_9 expire 1 line
08-30 09:39:43.966  1164  1546 I chatty  : uid=1000(system) ConnectivitySer expire 3 lines
08-30 09:41:07.694  1164  2855 I chatty  : uid=1000(system) Binder:1164_B expire 15 lines
08-30 09:41:07.717  1913  1913 I Telephony: : onDisconnect: callId=TC@18_1, cause=LOCAL
08-30 09:41:07.722  1164  1677 I chatty  : uid=1000(system) Binder:1164_4 expire 3 lines
08-30 09:41:07.735  1164  1210 I chatty  : uid=1000(system) ActivityManager expire 10 lines
08-30 09:41:07.753  1164  1990 I chatty  : uid=1000(system) uteStateMachine expire 12 lines
08-30 09:41:07.755  1164  1985 I chatty  : uid=1000(system) BluetoothRouteM expire 1 line
08-30 09:41:07.766  1164  3725 I chatty  : uid=1000(system) Binder:1164_1C expire 1 line
08-30 09:41:07.875  1688  1688 V DeadZone: consuming errant click: (761.0,55.0)
08-30 09:41:07.875  1688  1688 V DeadZone: consuming errant click: (761.0,55.0)
08-30 09:41:07.990  1164  1992 I chatty  : uid=1000(system) CallAudioModeSt expire 2 lines
08-30 09:41:07.990  1164  1164 I chatty  : uid=1000 system_server expire 8 lines
08-30 09:41:08.277 11900 11900 E SchedPolicy: set_timerslack_ns write failed: Operation not permitted
08-30 09:41:09.774  1164  3723 I chatty  : uid=1000(system) Binder:1164_1B expire 1 line
08-30 09:41:09.851  1164  6197 I chatty  : uid=1000(system) Binder:1164_1E expire 2 lines
08-30 09:41:10.003  1164  3385 I chatty  : uid=1000(system) Binder:1164_17 expire 8 lines
08-30 09:41:10.003  1164  1210 I chatty  : uid=1000(system) ActivityManager expire 12 lines
08-30 09:41:10.135  1164  1164 I chatty  : uid=1000 system_server expire 28 lines
08-30 09:41:11.022  1164  1212 I chatty  : uid=1000(system) ActivityManager expire 16 lines
08-30 09:41:11.202  1164  1546 I chatty  : uid=1000(system) ConnectivitySer expire 4 lines
08-30 09:41:11.736  1164  2855 I chatty  : uid=1000(system) Binder:1164_B expire 7 lines
08-30 09:41:12.832  1164  3395 I chatty  : uid=1000(system) Binder:1164_18 expire 19 lines
08-30 09:41:13.023  1164  1994 I chatty  : uid=1000(system) Binder:1164_6 expire 5 lines
08-30 09:41:14.232  1164  3397 I chatty  : uid=1000(system) Binder:1164_1A expire 6 lines
08-30 09:41:16.022  1164  3381 I chatty  : uid=1000(system) Binder:1164_16 expire 11 lines
08-30 09:41:16.235 12165 12352 W ActivityThread: ClassLoader.getResources: The class loader returned by Thread.getContextClassLoader() may fail for processes that host multiple applications. You should explicitly specify a context class loader. For example: Thread.setContextClassLoader(getClass().getClassLoader());
08-30 09:41:17.726  1164  3362 I chatty  : uid=1000(system) Binder:1164_13 expire 2 lines
08-30 09:41:19.255  1164  3396 I chatty  : uid=1000(system) Binder:1164_19 expire 3 lines
08-30 09:41:19.480  1164  8174 I chatty  : uid=1000(system) Binder:1164_1F expire 8 lines
08-30 09:41:20.450  1164  3371 I chatty  : uid=1000(system) Binder:1164_15 expire 6 lines
08-30 09:41:22.354  1164  2859 I chatty  : uid=1000(system) Binder:1164_D expire 9 lines
08-30 09:41:22.695  1164  1505 I chatty  : uid=1000(system) InputDispatcher expire 1 line
08-30 09:41:24.448  1164  1218 I chatty  : uid=1000(system) android.display expire 4 lines
08-30 09:41:30.506  1164  1560 I chatty  : uid=1000(system) Binder:1164_3 expire 1 line
08-30 09:41:30.591  1164  1677 I chatty  : uid=1000(system) Binder:1164_4 expire 5 lines
08-30 09:41:53.486  1164  1220 I chatty  : uid=1000(system) PowerManagerSer expire 9 lines
08-30 09:41:54.294  1164  1216 I chatty  : uid=1000(system) android.fg expire 3 lines
08-30 09:41:54.451  1164  2845 I chatty  : uid=1000(system) Binder:1164_A expire 1 line
08-30 09:41:54.594  1164  2861 I chatty  : uid=1000(system) Binder:1164_E expire 2 lines
08-30 09:41:54.654  1164  3235 I chatty  : uid=1000(system) Binder:1164_F expire 5 lines
08-30 09:41:54.804  1164  1192 I chatty  : uid=1000(system) Binder:1164_2 expire 6 lines
08-30 09:41:59.710  1164  1217 I chatty  : uid=1000(system) android.io expire 2 lines
08-30 09:42:31.763  1164  1209 I chatty  : uid=1000(system) android.bg expire 1 line
08-30 09:43:18.587  1164  3347 I chatty  : uid=1000(system) Binder:1164_12 expire 1 line
08-30 09:43:18.947 32550 32550 W ViewRootImpl[NexusLauncherActivity]: Dropping event due to no window focus: KeyEvent { action=ACTION_DOWN, keyCode=KEYCODE_UNKNOWN, scanCode=203, metaState=0, flags=0x8, repeatCount=0, eventTime=280885631, downTime=280885631, deviceId=0, source=0x101 }
08-30 09:43:18.957 32550 32550 W ViewRootImpl[NexusLauncherActivity]: Cancelling event due to no window focus: KeyEvent { action=ACTION_UP, keyCode=KEYCODE_UNKNOWN, scanCode=203, metaState=0, flags=0x28, repeatCount=0, eventTime=280885631, downTime=280885631, deviceId=0, source=0x101 }
08-30 09:43:18.998 32550 32550 I chatty  : uid=10029(com.google.android.apps.nexuslauncher) identical 5 lines
08-30 09:43:18.998 32550 32550 W ViewRootImpl[NexusLauncherActivity]: Cancelling event due to no window focus: KeyEvent { action=ACTION_UP, keyCode=KEYCODE_UNKNOWN, scanCode=203, metaState=0, flags=0x28, repeatCount=0, eventTime=280885631, downTime=280885631, deviceId=0, source=0x101 }
08-30 09:43:18.998 32550 32550 W ViewRootImpl[NexusLauncherActivity]: Cancelling event due to no window focus: KeyEvent { action=ACTION_UP, keyCode=KEYCODE_UNKNOWN, scanCode=203, metaState=0, flags=0x228, repeatCount=0, eventTime=280885631, downTime=280885631, deviceId=0, source=0x101 }
08-30 09:43:18.999 32550 32550 W ViewRootImpl[NexusLauncherActivity]: Cancelling event due to no window focus: KeyEvent { action=ACTION_UP, keyCode=KEYCODE_UNKNOWN, scanCode=203, metaState=0, flags=0x228, repeatCount=0, eventTime=280885631, downTime=280885631, deviceId=0, source=0x101 }
08-30 09:43:19.185  1164  1164 I chatty  : uid=1000 system_server expire 12 lines
08-30 09:43:19.363  1164  1212 I chatty  : uid=1000(system) ActivityManager expire 5 lines
08-30 09:43:19.630  1164  3725 I chatty  : uid=1000(system) Binder:1164_1C expire 3 lines
08-30 09:43:20.899   703 13602 W SocketClient: write error (Broken pipe)
08-30 09:43:22.401  1164  1995 I chatty  : uid=1000(system) Binder:1164_7 expire 2 lines
08-30 09:43:25.729  1164  3381 I chatty  : uid=1000(system) Binder:1164_16 expire 11 lines
08-30 09:43:33.040  1164  1212 I chatty  : uid=1000(system) ActivityManager expire 11 lines
08-30 09:43:33.309  1164  1164 I chatty  : uid=1000 system_server expire 27 lines
08-30 09:43:33.451  1164  3363 I chatty  : uid=1000(system) Binder:1164_14 expire 4 lines
08-30 09:43:33.659  1164  3235 I chatty  : uid=1000(system) Binder:1164_F expire 4 lines
08-30 09:43:33.763  1164  3277 I chatty  : uid=1000(system) Binder:1164_11 expire 12 lines
08-30 09:43:33.765  1164  3723 I chatty  : uid=1000(system) Binder:1164_1B expire 5 lines
08-30 09:43:39.651  1164  1482 I chatty  : uid=1000(system) AlarmManager expire 1 line
08-30 09:43:54.461  1164  6197 I chatty  : uid=1000(system) Binder:1164_1E expire 3 lines
08-30 09:44:02.688  1164  1220 I chatty  : uid=1000(system) PowerManagerSer expire 15 lines
08-30 09:44:03.287  1164  1218 I chatty  : uid=1000(system) android.display expire 5 lines
08-30 09:44:03.455  1164  1216 I chatty  : uid=1000(system) android.fg expire 6 lines
08-30 09:44:03.683  1164  1210 I chatty  : uid=1000(system) ActivityManager expire 16 lines
08-30 09:44:03.793  1164  3241 I chatty  : uid=1000(system) Binder:1164_10 expire 1 line
08-30 09:44:04.016  1164  3385 I chatty  : uid=1000(system) Binder:1164_17 expire 5 lines
08-30 09:44:05.741  1164  1546 I chatty  : uid=1000(system) ConnectivitySer expire 1 line
08-30 09:44:07.793  1164  3397 I chatty  : uid=1000(system) Binder:1164_1A expire 3 lines
08-30 09:46:41.955  1164  1214 I chatty  : uid=1000(system) batterystats-wo expire 7 lines
08-30 09:46:42.120  1164  1995 I chatty  : uid=1000(system) Binder:1164_7 expire 2 lines
08-30 09:46:42.124  1164  2845 I chatty  : uid=1000(system) Binder:1164_A expire 1 line
08-30 09:46:42.224  1164  2855 I chatty  : uid=1000(system) Binder:1164_B expire 2 lines
08-30 09:46:42.275  1164  2003 I chatty  : uid=1000(system) Binder:1164_8 expire 8 lines
08-30 09:46:42.490  1164  3347 I chatty  : uid=1000(system) Binder:1164_12 expire 1 line
08-30 09:49:03.031 10137 14441 E ActivityThread: Failed to find provider info for com.facebook.mlite.sso.MessengerLoggedInUserProvider
08-30 09:49:03.060  1164  1164 I chatty  : uid=1000 system_server expire 17 lines
08-30 09:49:19.273  1164  1210 I chatty  : uid=1000(system) ActivityManager expire 10 lines
08-30 10:03:06.026  1164  1209 I chatty  : uid=1000(system) android.bg expire 1 line
08-30 10:03:23.223 10137 15369 E ActivityThread: Failed to find provider info for com.facebook.mlite.sso.MessengerLoggedInUserProvider
08-30 10:04:16.596  1164  3725 I chatty  : uid=1000(system) Binder:1164_1C expire 4 lines
08-30 10:04:26.407 10137 15461 E ActivityThread: Failed to find provider info for com.facebook.mlite.sso.MessengerLoggedInUserProvider
08-30 10:05:32.725  1164  1220 I chatty  : uid=1000(system) PowerManagerSer expire 3 lines
08-30 10:05:33.171  1164  1211 I chatty  : uid=1000(system) android.ui expire 3 lines
08-30 10:05:33.504  1164  2859 I chatty  : uid=1000(system) Binder:1164_D expire 16 lines
08-30 10:05:35.857  1164 18099 I chatty  : uid=1000(system) Binder:1164_20 expire 6 lines
08-30 10:05:35.883  1164  3725 I chatty  : uid=1000(system) Binder:1164_1C expire 1 line
08-30 10:05:35.883  1164  1210 I chatty  : uid=1000(system) ActivityManager expire 14 lines
08-30 10:05:36.097  1164  3235 I chatty  : uid=1000(system) Binder:1164_F expire 3 lines
08-30 10:05:37.570  1164  1164 I chatty  : uid=1000 system_server expire 20 lines
08-30 10:05:37.859  1164  1505 I chatty  : uid=1000(system) InputDispatcher expire 3 lines
08-30 10:05:39.341  1164  3381 I chatty  : uid=1000(system) Binder:1164_16 expire 11 lines
08-30 10:05:40.547  1164  1217 I chatty  : uid=1000(system) android.io expire 1 line
08-30 10:05:40.589  1164  1209 I chatty  : uid=1000(system) android.bg expire 1 line
08-30 10:05:40.826  1164  1212 I chatty  : uid=1000(system) ActivityManager expire 29 lines
08-30 10:05:40.993  2806 27302 I AlwaysOnHotwordDetector: onRecognitionResumed
08-30 10:05:42.789  1164  1460 I chatty  : uid=1000(system) HwBinder:1164_1 expire 1 line
08-30 10:05:42.790  1164  1216 I chatty  : uid=1000(system) android.fg expire 2 lines
08-30 10:05:46.149  1164  1680 I chatty  : uid=1000(system) Binder:1164_5 expire 5 lines
08-30 10:05:46.351  1164  1211 I chatty  : uid=1000(system) android.ui expire 3 lines
08-30 10:05:46.984  1164  1677 I chatty  : uid=1000(system) Binder:1164_4 expire 5 lines
08-30 10:05:47.550 16264 16264 D ActivityThread: Loading provider com.whatsapp.provider.contact: com.whatsapp.contact.ContactProvider
08-30 10:05:49.553  1164  2855 I chatty  : uid=1000(system) Binder:1164_B expire 1 line
08-30 10:05:49.776  1164  2861 I chatty  : uid=1000(system) Binder:1164_E expire 4 lines
08-30 10:05:59.312  1164  1190 I chatty  : uid=1000(system) Binder:1164_1 expire 1 line
08-30 10:06:03.202  1164  3362 I chatty  : uid=1000(system) Binder:1164_13 expire 2 lines
08-30 10:06:10.817  1164  3371 I chatty  : uid=1000(system) Binder:1164_15 expire 1 line
08-30 10:06:11.617  1164  2858 I chatty  : uid=1000(system) Binder:1164_C expire 1 line
08-30 10:06:15.170  1164  1560 I chatty  : uid=1000(system) Binder:1164_3 expire 2 lines
08-30 10:06:17.011  1164  3396 I chatty  : uid=1000(system) Binder:1164_19 expire 2 lines
08-30 10:06:17.295  1164  3363 I chatty  : uid=1000(system) Binder:1164_14 expire 2 lines
08-30 10:06:19.972  1164  1528 I chatty  : uid=1000(system) NetworkStats expire 1 line
08-30 10:06:47.057  1164  2845 I chatty  : uid=1000(system) Binder:1164_A expire 4 lines
08-30 10:07:40.069  1164  3395 I chatty  : uid=1000(system) Binder:1164_18 expire 8 lines
08-30 10:07:40.793  1164  1225 I chatty  : uid=1000(system) PackageManager expire 4 lines
08-30 10:07:41.411  1164  3397 I chatty  : uid=1000(system) Binder:1164_1A expire 3 lines
08-30 10:07:41.479  1164  4965 I chatty  : uid=1000(system) Binder:1164_1D expire 5 lines
08-30 10:07:44.916  1164  2789 I chatty  : uid=1000(system) backup expire 2 lines
08-30 10:07:45.395  1164  6197 I chatty  : uid=1000(system) Binder:1164_1E expire 1 line
08-30 10:08:04.956  1164  3347 I chatty  : uid=1000(system) Binder:1164_12 expire 6 lines
08-30 10:09:01.443 32550 32550 E SchedPolicy: set_timerslack_ns write failed: Operation not permitted
08-30 10:09:01.960 32550 32550 E SchedPolicy: set_timerslack_ns write failed: Operation not permitted
08-30 10:09:08.042  1164  1212 I chatty  : uid=1000(system) ActivityManager expire 9 lines
08-30 10:09:14.795  1164  3723 I chatty  : uid=1000(system) Binder:1164_1B expire 24 lines
08-30 10:09:15.528 18193 18460 W ActivityThread: ClassLoader.getResources: The class loader returned by Thread.getContextClassLoader() may fail for processes that host multiple applications. You should explicitly specify a context class loader. For example: Thread.setContextClassLoader(getClass().getClassLoader());
08-30 10:09:15.661  1164  2859 I chatty  : uid=1000(system) Binder:1164_D expire 2 lines
08-30 10:09:16.122  1164  1994 I chatty  : uid=1000(system) Binder:1164_6 expire 1 line
08-30 10:09:19.013  1164  8174 I chatty  : uid=1000(system) Binder:1164_1F expire 5 lines
08-30 10:09:19.013  1164  1995 I chatty  : uid=1000(system) Binder:1164_7 expire 4 lines
08-30 10:09:28.318  1164  1164 I chatty  : uid=1000 system_server expire 41 lines
08-30 10:09:28.446  1164  1995 I chatty  : uid=1000(system) Binder:1164_7 expire 5 lines
08-30 10:09:28.455  1164  1985 I chatty  : uid=1000(system) BluetoothRouteM expire 3 lines
08-30 10:09:28.457  1164  1990 I chatty  : uid=1000(system) uteStateMachine expire 32 lines
08-30 10:09:28.821  1164  1212 I chatty  : uid=1000(system) ActivityManager expire 18 lines
08-30 10:09:30.561  1164  3385 I chatty  : uid=1000(system) Binder:1164_17 expire 5 lines
08-30 10:09:31.052  1164  2858 I chatty  : uid=1000(system) Binder:1164_C expire 1 line
08-30 10:09:33.250  1164  3381 I chatty  : uid=1000(system) Binder:1164_16 expire 2 lines
08-30 10:09:33.608  1164  3723 I chatty  : uid=1000(system) Binder:1164_1B expire 4 lines
08-30 10:09:33.622  1164  1677 I chatty  : uid=1000(system) Binder:1164_4 expire 2 lines
08-30 10:09:33.622  1164  8174 I chatty  : uid=1000(system) Binder:1164_1F expire 4 lines
08-30 10:09:33.629  1164  1214 I chatty  : uid=1000(system) batterystats-wo expire 3 lines
08-30 10:09:33.639  1164  1218 I chatty  : uid=1000(system) android.display expire 3 lines
08-30 10:09:33.681  1164 18099 I chatty  : uid=1000(system) Binder:1164_20 expire 6 lines
08-30 10:09:33.681  1164  3277 I chatty  : uid=1000(system) Binder:1164_11 expire 1 line
08-30 10:09:33.981   855  1559 F libc    : Fatal signal 6 (SIGABRT), code -6 (SI_TKILL) in tid 1559 (TimeCheckThread), pid 855 (audioserver)
08-30 10:09:34.137 18855 18855 F DEBUG   : *** *** *** *** *** *** *** *** *** *** *** *** *** *** *** ***
08-30 10:09:34.137 18855 18855 F DEBUG   : Build fingerprint: 'google/taimen/taimen:9/PPR1.180610.009/4898911:user/release-keys'
08-30 10:09:34.137 18855 18855 F DEBUG   : Revision: 'rev_10'
08-30 10:09:34.137 18855 18855 F DEBUG   : ABI: 'arm'
08-30 10:09:34.137 18855 18855 F DEBUG   : pid: 855, tid: 1559, name: TimeCheckThread  >>> /system/bin/audioserver <<<
08-30 10:09:34.137 18855 18855 F DEBUG   : signal 6 (SIGABRT), code -6 (SI_TKILL), fault addr --------
08-30 10:09:34.137 18855 18855 F DEBUG   : Abort message: 'TimeCheck timeout for IAudioFlinger'
08-30 10:09:34.137 18855 18855 F DEBUG   :     r0  00000000  r1  00000617  r2  00000006  r3  00000008
08-30 10:09:34.137 18855 18855 F DEBUG   :     r4  00000357  r5  00000617  r6  eda994a4  r7  0000010c
08-30 10:09:34.137 18855 18855 F DEBUG   :     r8  f039bafa  r9  ef89f148  r10 3b9aca00  r11 000fe000
08-30 10:09:34.137 18855 18855 F DEBUG   :     ip  fffbb0a3  sp  eda99490  lr  effa7fe9  pc  eff9fe36
08-30 10:09:34.142 18855 18855 F DEBUG   : 
08-30 10:09:34.142 18855 18855 F DEBUG   : backtrace:
08-30 10:09:34.142 18855 18855 F DEBUG   :     #00 pc 0001ce36  /system/lib/libc.so (abort+58)
08-30 10:09:34.142 18855 18855 F DEBUG   :     #01 pc 00006ccd  /system/lib/liblog.so (__android_log_assert+156)
08-30 10:09:34.142 18855 18855 F DEBUG   :     #02 pc 0000e2ef  /system/lib/libmedia_helper.so (android::TimeCheck::TimeCheckThread::threadLoop()+270)
08-30 10:09:34.142 18855 18855 F DEBUG   :     #03 pc 0000c107  /system/lib/libutils.so (android::Thread::_threadLoop(void*)+290)
08-30 10:09:34.142 18855 18855 F DEBUG   :     #04 pc 000636a5  /system/lib/libc.so (__pthread_start(void*)+22)
08-30 10:09:34.142 18855 18855 F DEBUG   :     #05 pc 0001dff9  /system/lib/libc.so (__start_thread+24)
08-30 10:09:34.345  1164  1674 I chatty  : uid=1000(system) Thread-3 expire 1 line
08-30 10:09:34.375  2806 16313 I AlwaysOnHotwordDetector: onError: -32
08-30 10:09:39.632  1164  1216 I chatty  : uid=1000(system) android.fg expire 2 lines
08-30 10:09:39.755  1164  3396 I chatty  : uid=1000(system) Binder:1164_19 expire 2 lines
08-30 10:09:44.598  1164  1210 I chatty  : uid=1000(system) ActivityManager expire 3 lines
08-30 10:10:22.735 10137 19274 E ActivityThread: Failed to find provider info for com.facebook.mlite.sso.MessengerLoggedInUserProvider
08-30 10:10:29.267  1164  3362 I chatty  : uid=1000(system) Binder:1164_13 expire 3 lines
08-30 10:12:07.007  1164  6197 I chatty  : uid=1000(system) Binder:1164_1E expire 3 lines
08-30 10:12:07.043  1164  2176 I chatty  : uid=1000(system) Binder:1164_9 expire 1 line
08-30 10:12:07.044  1164  2859 I chatty  : uid=1000(system) Binder:1164_D expire 3 lines
08-30 10:13:08.336  1164  3725 I chatty  : uid=1000(system) Binder:1164_1C expire 2 lines
08-30 10:13:40.651  1164  1164 I chatty  : uid=1000 system_server expire 5 lines
08-30 10:13:40.698  1164  2789 I chatty  : uid=1000(system) backup expire 70 lines
08-30 10:13:51.265  1164  8174 I chatty  : uid=1000(system) Binder:1164_1F expire 4 lines
08-30 10:13:53.270  1164  2859 I chatty  : uid=1000(system) Binder:1164_D expire 11 lines
08-30 10:13:55.180  1164  1212 I chatty  : uid=1000(system) ActivityManager expire 33 lines
08-30 10:14:00.625  1164  1210 I chatty  : uid=1000(system) ActivityManager expire 1 line
08-30 10:14:11.024  1164  1192 I chatty  : uid=1000(system) Binder:1164_2 expire 2 lines
08-30 10:17:41.256 10137 20515 E ActivityThread: Failed to find provider info for com.facebook.mlite.sso.MessengerLoggedInUserProvider
08-30 10:18:03.356 10137 20536 E ActivityThread: Failed to find provider info for com.facebook.mlite.sso.MessengerLoggedInUserProvider
08-30 10:19:32.314 10137 20606 E ActivityThread: Failed to find provider info for com.facebook.mlite.sso.MessengerLoggedInUserProvider
08-30 10:19:43.817 10137 20625 E ActivityThread: Failed to find provider info for com.facebook.mlite.sso.MessengerLoggedInUserProvider
08-30 10:20:43.900 10137 20698 E ActivityThread: Failed to find provider info for com.facebook.mlite.sso.MessengerLoggedInUserProvider
08-30 10:20:55.116 10137 20726 E ActivityThread: Failed to find provider info for com.facebook.mlite.sso.MessengerLoggedInUserProvider
08-30 10:21:46.799  1164  1164 I chatty  : uid=1000 system_server expire 12 lines
08-30 10:21:51.548  2806 16313 I AlwaysOnHotwordDetector: onDetected
08-30 10:21:51.753  1164  3277 I chatty  : uid=1000(system) Binder:1164_11 expire 10 lines
08-30 10:22:00.340  1164  1214 I chatty  : uid=1000(system) batterystats-wo expire 9 lines
08-30 10:23:06.454  1164  2176 I chatty  : uid=1000(system) Binder:1164_9 expire 1 line
08-30 10:23:10.781 21151 21151 D ActivityThread: Loading provider com.google.android.gm.sapi: com.google.android.gm.sapi.SapiUiProvider
08-30 10:23:35.792  1164  1560 I chatty  : uid=1000(system) Binder:1164_3 expire 4 lines
08-30 10:23:40.620  1164  2003 I chatty  : uid=1000(system) Binder:1164_8 expire 1 line
08-30 10:23:40.932 21312 21312 D ActivityThread: Loading provider com.whatsapp.provider.contact: com.whatsapp.contact.ContactProvider
08-30 10:23:40.990  1164  1677 I chatty  : uid=1000(system) Binder:1164_4 expire 9 lines
08-30 10:23:41.488  1164  3363 I chatty  : uid=1000(system) Binder:1164_14 expire 2 lines
08-30 10:23:41.889  1164  6197 I chatty  : uid=1000(system) Binder:1164_1E expire 7 lines
08-30 10:23:42.291  1164  1994 I chatty  : uid=1000(system) Binder:1164_6 expire 4 lines
08-30 10:23:42.902  1164  3725 I chatty  : uid=1000(system) Binder:1164_1C expire 1 line
08-30 10:23:43.450  1164  2845 I chatty  : uid=1000(system) Binder:1164_A expire 3 lines
08-30 10:23:43.812  1164  2855 I chatty  : uid=1000(system) Binder:1164_B expire 6 lines
08-30 10:23:43.812  1164  1680 I chatty  : uid=1000(system) Binder:1164_5 expire 2 lines
08-30 10:23:44.030  1164  3395 I chatty  : uid=1000(system) Binder:1164_18 expire 4 lines
08-30 10:23:44.270  1164  3347 I chatty  : uid=1000(system) Binder:1164_12 expire 10 lines
08-30 10:23:52.441  1164  3235 I chatty  : uid=1000(system) Binder:1164_F expire 2 lines
08-30 10:23:57.703  1164  2858 I chatty  : uid=1000(system) Binder:1164_C expire 5 lines
08-30 10:23:57.760  1164  3362 I chatty  : uid=1000(system) Binder:1164_13 expire 2 lines
08-30 10:24:11.367  1164 18099 I chatty  : uid=1000(system) Binder:1164_20 expire 1 line
08-30 10:24:26.759  1164  1209 I chatty  : uid=1000(system) android.bg expire 1 line
08-30 10:24:27.521  1164  3241 I chatty  : uid=1000(system) Binder:1164_10 expire 2 lines
08-30 10:30:45.922 23040 23040 D ActivityThread: Loading provider com.google.android.gm.sapi: com.google.android.gm.sapi.SapiUiProvider
08-30 10:30:47.650  1688  1688 V DeadZone: consuming errant click: (333.0,99.0)
08-30 10:30:47.650  1688  1688 V DeadZone: consuming errant click: (333.0,99.0)
08-30 10:30:48.546  1164  1212 I chatty  : uid=1000(system) ActivityManager expire 1 line
08-30 10:37:18.853  1164  1216 I chatty  : uid=1000(system) android.fg expire 10 lines
08-30 10:37:23.980  1164  1164 I chatty  : uid=1000 system_server expire 11 lines
08-30 10:37:53.403  1164  1505 I chatty  : uid=1000(system) InputDispatcher expire 3 lines
08-30 10:37:53.436  1164  1214 I chatty  : uid=1000(system) batterystats-wo expire 4 lines
08-30 10:38:00.576  1164  2855 I chatty  : uid=1000(system) Binder:1164_B expire 4 lines
08-30 10:39:03.043  1164  3395 I chatty  : uid=1000(system) Binder:1164_18 expire 10 lines
08-30 10:39:03.197  1164  1212 I chatty  : uid=1000(system) ActivityManager expire 13 lines
08-30 10:39:07.705  1164  3241 I chatty  : uid=1000(system) Binder:1164_10 expire 4 lines
08-30 10:39:09.328  1164  1994 I chatty  : uid=1000(system) Binder:1164_6 expire 5 lines
08-30 10:39:09.359  1164  3723 I chatty  : uid=1000(system) Binder:1164_1B expire 12 lines
08-30 10:39:09.412  1164  3363 I chatty  : uid=1000(system) Binder:1164_14 expire 1 line
08-30 10:39:09.417  1164  3381 I chatty  : uid=1000(system) Binder:1164_16 expire 1 line
08-30 10:39:09.657  1164  2859 I chatty  : uid=1000(system) Binder:1164_D expire 4 lines
08-30 10:39:09.913  1164  3277 I chatty  : uid=1000(system) Binder:1164_11 expire 6 lines
08-30 10:39:09.917  1164  1218 I chatty  : uid=1000(system) android.display expire 3 lines
08-30 10:39:21.834  1164  2176 I chatty  : uid=1000(system) Binder:1164_9 expire 2 lines
08-30 10:39:55.667  1164  1210 I chatty  : uid=1000(system) ActivityManager expire 17 lines
08-30 10:44:21.792 24058 24503 E ActivityThread: Failed to find provider info for com.facebook.mlite.sso.MessengerLoggedInUserProvider
08-30 10:44:28.613  1164  1209 I chatty  : uid=1000(system) android.bg expire 7 lines
08-30 10:44:53.356  1164  6197 I chatty  : uid=1000(system) Binder:1164_1E expire 5 lines
08-30 10:44:56.177  1164  1212 I chatty  : uid=1000(system) ActivityManager expire 13 lines
08-30 10:44:56.504  1164  3395 I chatty  : uid=1000(system) Binder:1164_18 expire 1 line
08-30 10:44:56.537  1164  1677 I chatty  : uid=1000(system) Binder:1164_4 expire 2 lines
08-30 10:44:56.537  1164  1680 I chatty  : uid=1000(system) Binder:1164_5 expire 1 line
08-30 10:45:01.167  1164  2861 I chatty  : uid=1000(system) Binder:1164_E expire 4 lines
08-30 10:45:44.560 24058 25206 E ActivityThread: Failed to find provider info for com.facebook.mlite.sso.MessengerLoggedInUserProvider
08-30 10:48:12.538  1164  1164 I chatty  : uid=1000 system_server expire 14 lines
08-30 10:48:12.612  1164  2166 I chatty  : uid=1000(system) HwBinder:1164_4 expire 2 lines
08-30 10:48:12.697  2806 16313 I AlwaysOnHotwordDetector: onRecognitionPaused
08-30 10:48:12.822  1164  1211 I chatty  : uid=1000(system) android.ui expire 1 line
08-30 10:48:12.900  1164  2003 I chatty  : uid=1000(system) Binder:1164_8 expire 10 lines
08-30 10:48:14.404  1164  1217 I chatty  : uid=1000(system) android.io expire 1 line
08-30 10:48:14.528  1164  2845 I chatty  : uid=1000(system) Binder:1164_A expire 3 lines
08-30 10:48:14.597  2806 16313 I AlwaysOnHotwordDetector: onRecognitionResumed
08-30 10:48:52.969  1164  1225 I chatty  : uid=1000(system) PackageManager expire 4 lines
08-30 10:48:53.636  1164  3725 I chatty  : uid=1000(system) Binder:1164_1C expire 2 lines
08-30 10:48:53.905  1164  3385 I chatty  : uid=1000(system) Binder:1164_17 expire 1 line
08-30 10:48:54.780  1164  2858 I chatty  : uid=1000(system) Binder:1164_C expire 3 lines
08-30 10:48:55.126  1164  3235 I chatty  : uid=1000(system) Binder:1164_F expire 2 lines
08-30 10:48:55.853  1164  8174 I chatty  : uid=1000(system) Binder:1164_1F expire 12 lines
08-30 10:48:55.874  1164  1212 I chatty  : uid=1000(system) ActivityManager expire 10 lines
08-30 10:48:57.122  1164  2845 I chatty  : uid=1000(system) Binder:1164_A expire 5 lines
08-30 10:48:57.154  1164  1560 I chatty  : uid=1000(system) Binder:1164_3 expire 1 line
08-30 10:48:57.195  1164  2789 I chatty  : uid=1000(system) backup expire 2 lines
08-30 10:48:59.208  1164  2859 I chatty  : uid=1000(system) Binder:1164_D expire 1 line
08-30 10:49:10.501  1164  1210 I chatty  : uid=1000(system) ActivityManager expire 10 lines
08-30 10:49:14.310  1164 18099 I chatty  : uid=1000(system) Binder:1164_20 expire 1 line
08-30 10:51:07.369  1164  1209 I chatty  : uid=1000(system) android.bg expire 8 lines
08-30 10:51:13.746  1164  3725 I chatty  : uid=1000(system) Binder:1164_1C expire 6 lines
08-30 10:53:24.871  1164  1214 I chatty  : uid=1000(system) batterystats-wo expire 8 lines
08-30 10:53:48.542  1164  3381 I chatty  : uid=1000(system) Binder:1164_16 expire 3 lines
08-30 10:53:48.631  1164  1164 I chatty  : uid=1000 system_server expire 13 lines
08-30 10:54:10.683 24058 26551 E ActivityThread: Failed to find provider info for com.facebook.mlite.sso.MessengerLoggedInUserProvider
08-30 10:56:56.922  1164  1505 I chatty  : uid=1000(system) InputDispatcher expire 1 line
08-30 10:57:12.687  1164  3397 I chatty  : uid=1000(system) Binder:1164_1A expire 8 lines
08-30 10:57:13.343  1164  1994 I chatty  : uid=1000(system) Binder:1164_6 expire 13 lines
08-30 10:57:13.442  1164  3371 I chatty  : uid=1000(system) Binder:1164_15 expire 14 lines
08-30 10:57:14.049 26833 27031 W ActivityThread: ClassLoader.getResources: The class loader returned by Thread.getContextClassLoader() may fail for processes that host multiple applications. You should explicitly specify a context class loader. For example: Thread.setContextClassLoader(getClass().getClassLoader());
08-30 10:57:43.637  1164  2003 I chatty  : uid=1000(system) Binder:1164_8 expire 3 lines
08-30 10:57:44.478  1164  1218 I chatty  : uid=1000(system) android.display expire 1 line
08-30 10:57:44.907  1164  3396 I chatty  : uid=1000(system) Binder:1164_19 expire 6 lines
08-30 10:57:44.947  1164  1212 I chatty  : uid=1000(system) ActivityManager expire 6 lines
08-30 10:58:30.848  1164  2166 I chatty  : uid=1000(system) HwBinder:1164_4 expire 3 lines
08-30 10:58:30.848  1164  1216 I chatty  : uid=1000(system) android.fg expire 10 lines
08-30 10:58:31.132  2806 16313 I AlwaysOnHotwordDetector: onRecognitionPaused
08-30 10:58:31.171  1164  6197 I chatty  : uid=1000(system) Binder:1164_1E expire 1 line
08-30 10:58:32.722  1164  1217 I chatty  : uid=1000(system) android.io expire 4 lines
08-30 10:58:32.784  1164  3385 I chatty  : uid=1000(system) Binder:1164_17 expire 1 line
08-30 10:58:32.877  2806 16313 I AlwaysOnHotwordDetector: onRecognitionResumed
08-30 10:58:32.883  1164  1164 I chatty  : uid=1000 system_server expire 10 lines
08-30 10:59:21.164  1164  1210 I chatty  : uid=1000(system) ActivityManager expire 11 lines
08-30 10:59:21.526  2806 16313 I AlwaysOnHotwordDetector: onRecognitionPaused
08-30 10:59:25.325  1164  8174 I chatty  : uid=1000(system) Binder:1164_1F expire 1 line
08-30 10:59:25.362  2806 16313 I AlwaysOnHotwordDetector: onRecognitionResumed
08-30 10:59:26.974  2806 16313 I AlwaysOnHotwordDetector: onRecognitionPaused
08-30 10:59:26.987  1164  1164 I chatty  : uid=1000 system_server expire 10 lines
08-30 10:59:29.168  2806 16313 I AlwaysOnHotwordDetector: onRecognitionResumed
08-30 10:59:31.328  1164  1532 I chatty  : uid=1000(system) HwBinder:1164_3 expire 3 lines
08-30 11:01:30.905  1164  3363 I chatty  : uid=1000(system) Binder:1164_14 expire 2 lines
