08-30 00:58:39.372  1164  1669 I chatty  : uid=1000 system_server expire 4 lines
08-30 00:58:39.388  1164  1212 I chatty  : uid=1000(system) ActivityManager expire 4 lines
08-30 00:58:39.737  1164  1746 I chatty  : uid=1000 system_server expire 2 lines
08-30 00:58:51.261  1164  1844 I chatty  : uid=1000 system_server expire 7 lines
08-30 00:58:51.278  1164  8174 I chatty  : uid=1000(system) Binder:1164_1F expire 3 lines
08-30 00:58:53.911  1164  1848 I chatty  : uid=1000 system_server expire 7 lines
08-30 00:58:56.568  1164  1849 I chatty  : uid=1000 system_server expire 7 lines
08-30 00:58:59.205  1164  1853 I chatty  : uid=1000 system_server expire 11 lines
08-30 00:58:59.675  1164  1856 I chatty  : uid=1000 system_server expire 4 lines
08-30 00:59:00.235  1164  1880 I chatty  : uid=1000 system_server expire 2 lines
08-30 00:59:14.938  1164  1885 I chatty  : uid=1000 system_server expire 7 lines
08-30 00:59:17.595  1164  1888 I chatty  : uid=1000 system_server expire 7 lines
08-30 00:59:20.247  1164  1902 I chatty  : uid=1000 system_server expire 11 lines
08-30 00:59:20.359  1164  1904 I chatty  : uid=1000 system_server expire 3 lines
08-30 00:59:23.105  1164  1949 I chatty  : uid=1000 system_server expire 11 lines
08-30 00:59:23.149  1164  1953 I chatty  : uid=1000 system_server expire 3 lines
08-30 00:59:25.826  1164  1164 I chatty  : uid=1000 system_server expire 49 lines
08-30 00:59:25.869  1164  2012 I chatty  : uid=1000 system_server expire 11 lines
08-30 00:59:25.884  1164  1192 I chatty  : uid=1000(system) Binder:1164_2 expire 2 lines
08-30 00:59:25.946  1164  2023 I chatty  : uid=1000 system_server expire 3 lines
08-30 00:59:25.969  1164  1212 I chatty  : uid=1000(system) ActivityManager expire 6 lines
08-30 00:59:26.075  1164  1190 I chatty  : uid=1000(system) Binder:1164_1 expire 3 lines
08-30 00:59:28.639  1164  2789 I chatty  : uid=1000(system) backup expire 18 lines
08-30 00:59:28.689  1164  2060 I chatty  : uid=1000 system_server expire 7 lines
08-30 00:59:28.700  1164  8174 I chatty  : uid=1000(system) Binder:1164_1F expire 2 lines
08-30 00:59:31.313  1164  2069 I chatty  : uid=1000 system_server expire 7 lines
08-30 00:59:33.947  1164  2070 I chatty  : uid=1000 system_server expire 11 lines
08-30 00:59:34.061  1164  2073 I chatty  : uid=1000 system_server expire 4 lines
08-30 00:59:34.291  1164  6197 I chatty  : uid=1000(system) Binder:1164_1E expire 8 lines
08-30 00:59:34.327  1164  2094 I chatty  : uid=1000 system_server expire 2 lines
08-30 00:59:39.743  1164  2096 I chatty  : uid=1000 system_server expire 11 lines
08-30 00:59:39.761  1164  2845 I chatty  : uid=1000(system) Binder:1164_A expire 4 lines
08-30 00:59:39.831  1164  2099 I chatty  : uid=1000 system_server expire 4 lines
08-30 00:59:40.038  1164  2119 I chatty  : uid=1000 system_server expire 2 lines
08-30 00:59:43.871  1164  2124 I chatty  : uid=1000 system_server expire 11 lines
08-30 00:59:44.144  1164  2129 I chatty  : uid=1000 system_server expire 4 lines
08-30 00:59:44.278  1164  2861 I chatty  : uid=1000(system) Binder:1164_E expire 3 lines
08-30 00:59:44.329  1164  2153 I chatty  : uid=1000 system_server expire 2 lines
08-30 00:59:57.633  1164  2155 I chatty  : uid=1000 system_server expire 11 lines
08-30 00:59:58.125  1164  2161 I chatty  : uid=1000 system_server expire 3 lines
08-30 01:00:01.003  1164  2201 I chatty  : uid=1000 system_server expire 11 lines
08-30 01:00:01.077  1164  2204 I chatty  : uid=1000 system_server expire 4 lines
08-30 01:00:01.217  1164  2224 I chatty  : uid=1000 system_server expire 2 lines
08-30 01:00:05.178  1164  2225 I chatty  : uid=1000 system_server expire 7 lines
08-30 01:00:07.836  1164  2226 I chatty  : uid=1000 system_server expire 7 lines
08-30 01:00:10.418  1164  2789 I chatty  : uid=1000(system) backup expire 20 lines
08-30 01:00:10.433  1164  1164 I chatty  : uid=1000 system_server expire 53 lines
08-30 01:00:10.491  1164  2228 I chatty  : uid=1000 system_server expire 7 lines
08-30 01:00:10.510  1164  2861 I chatty  : uid=1000(system) Binder:1164_E expire 1 line
08-30 01:00:13.147  1164  2229 I chatty  : uid=1000 system_server expire 7 lines
08-30 01:00:13.160  1164  6197 I chatty  : uid=1000(system) Binder:1164_1E expire 1 line
08-30 01:00:15.756  1164  2230 I chatty  : uid=1000 system_server expire 11 lines
08-30 01:00:15.766  1164  8174 I chatty  : uid=1000(system) Binder:1164_1F expire 2 lines
08-30 01:00:15.819  1164  2233 I chatty  : uid=1000 system_server expire 4 lines
08-30 01:00:20.950  1164  2243 I chatty  : uid=1000 system_server expire 2 lines
08-30 01:00:21.070  1164  1212 I chatty  : uid=1000(system) ActivityManager expire 5 lines
08-30 01:00:24.014  1164  1995 I chatty  : uid=1000(system) Binder:1164_7 expire 6 lines
08-30 01:00:29.140  1164  2333 I chatty  : uid=1000 system_server expire 11 lines
08-30 01:00:29.156  1164  1192 I chatty  : uid=1000(system) Binder:1164_2 expire 3 lines
08-30 01:00:29.451  1164  2336 I chatty  : uid=1000 system_server expire 4 lines
08-30 01:00:29.628  1164  2354 I chatty  : uid=1000 system_server expire 2 lines
08-30 01:00:41.729  1164  2361 I chatty  : uid=1000 system_server expire 7 lines
08-30 01:00:44.384  1164  2366 I chatty  : uid=1000 system_server expire 11 lines
08-30 01:00:44.401  1164  1680 I chatty  : uid=1000(system) Binder:1164_5 expire 1 line
08-30 01:00:44.647  1164  2369 I chatty  : uid=1000 system_server expire 4 lines
08-30 01:00:44.811  1164  3385 I chatty  : uid=1000(system) Binder:1164_17 expire 6 lines
08-30 01:00:44.922  1164  2390 I chatty  : uid=1000 system_server expire 2 lines
08-30 01:00:57.057  1164  2400 I chatty  : uid=1000 system_server expire 7 lines
08-30 01:00:59.715  1164  2403 I chatty  : uid=1000 system_server expire 7 lines
08-30 01:01:02.312  1164  2404 I chatty  : uid=1000 system_server expire 11 lines
08-30 01:01:02.317  1164  3725 I chatty  : uid=1000(system) Binder:1164_1C expire 1 line
08-30 01:01:02.356  1164  2406 I chatty  : uid=1000 system_server expire 3 lines
08-30 01:01:05.186  1164  2433 I chatty  : uid=1000 system_server expire 5 lines
08-30 01:01:05.258  1164  2436 I chatty  : uid=1000 system_server expire 4 lines
08-30 01:01:05.407  1164  2457 I chatty  : uid=1000 system_server expire 2 lines
08-30 01:01:06.641  1164  2433 I chatty  : uid=1000 system_server expire 6 lines
08-30 01:01:09.194  1164  2789 I chatty  : uid=1000(system) backup expire 10 lines
08-30 01:01:09.206  1164  1164 I chatty  : uid=1000 system_server expire 20 lines
08-30 01:01:09.261  1164  2459 I chatty  : uid=1000 system_server expire 7 lines
08-30 01:01:09.278  1164  3725 I chatty  : uid=1000(system) Binder:1164_1C expire 5 lines
08-30 01:01:11.920  1164  2460 I chatty  : uid=1000 system_server expire 11 lines
08-30 01:01:12.025  1164  2463 I chatty  : uid=1000 system_server expire 3 lines
08-30 01:01:12.047  1164  1212 I chatty  : uid=1000(system) ActivityManager expire 23 lines
08-30 01:01:12.963  1164  3385 I chatty  : uid=1000(system) Binder:1164_17 expire 4 lines
08-30 01:01:15.561  1164  2489 I chatty  : uid=1000 system_server expire 7 lines
08-30 01:01:18.193  1164  2490 I chatty  : uid=1000 system_server expire 11 lines
08-30 01:01:18.206  1164  1995 I chatty  : uid=1000(system) Binder:1164_7 expire 2 lines
08-30 01:01:18.304  1164  2493 I chatty  : uid=1000 system_server expire 4 lines
08-30 01:01:18.886  1164  1192 I chatty  : uid=1000(system) Binder:1164_2 expire 5 lines
08-30 01:01:18.927  1164  2515 I chatty  : uid=1000 system_server expire 2 lines
08-30 01:06:14.593  2708  2708 D ActivityThread: Loading provider com.whatsapp.provider.contact: com.whatsapp.contact.ContactProvider
08-30 01:09:06.366  1164  1680 I chatty  : uid=1000(system) Binder:1164_5 expire 4 lines
08-30 01:09:08.042  3150  3150 E SchedPolicy: set_timerslack_ns write failed: Operation not permitted
08-30 01:09:08.429  1164  3363 I chatty  : uid=1000(system) Binder:1164_14 expire 5 lines
08-30 01:09:09.788  1164  1677 I chatty  : uid=1000(system) Binder:1164_4 expire 3 lines
08-30 01:09:09.822  1164  1994 I chatty  : uid=1000(system) Binder:1164_6 expire 4 lines
08-30 01:09:09.858  1164  3723 I chatty  : uid=1000(system) Binder:1164_1B expire 3 lines
08-30 01:10:34.531  1164  1164 I chatty  : uid=1000 system_server expire 12 lines
08-30 01:10:36.961  1164  3397 I chatty  : uid=1000(system) Binder:1164_1A expire 2 lines
08-30 01:10:36.985  1164  1214 I chatty  : uid=1000(system) batterystats-wo expire 7 lines
08-30 01:11:07.306  1164  6197 I chatty  : uid=1000(system) Binder:1164_1E expire 2 lines
08-30 01:12:01.925  1164  2855 I chatty  : uid=1000(system) Binder:1164_B expire 2 lines
08-30 01:19:29.822  1164  1209 I chatty  : uid=1000(system) android.bg expire 3 lines
08-30 01:21:31.748  1164  3235 I chatty  : uid=1000(system) Binder:1164_F expire 5 lines
08-30 01:22:46.739  1164  4965 I chatty  : uid=1000(system) Binder:1164_1D expire 2 lines
08-30 01:31:32.346  1164  3396 I chatty  : uid=1000(system) Binder:1164_19 expire 4 lines
08-30 01:38:44.112  1164  1546 I chatty  : uid=1000(system) ConnectivitySer expire 16 lines
08-30 01:38:44.432   703   718 D NetlinkEvent: Unknown ifindex 74 in RTM_DELADDR
08-30 01:39:32.060  1164  1212 I chatty  : uid=1000(system) ActivityManager expire 3 lines
08-30 01:40:10.131  1164  2176 I chatty  : uid=1000(system) Binder:1164_9 expire 1 line
08-30 01:40:38.062  1164  1210 I chatty  : uid=1000(system) ActivityManager expire 2 lines
08-30 01:40:38.086  1164  3347 I chatty  : uid=1000(system) Binder:1164_12 expire 1 line
08-30 01:42:04.318  1164  2003 I chatty  : uid=1000(system) Binder:1164_8 expire 6 lines
08-30 01:42:22.795  1164  1212 I chatty  : uid=1000(system) ActivityManager expire 17 lines
08-30 01:42:24.396  1164  1192 I chatty  : uid=1000(system) Binder:1164_2 expire 5 lines
08-30 01:46:31.104  1164  3347 I chatty  : uid=1000(system) Binder:1164_12 expire 3 lines
08-30 01:46:36.716  1164  1214 I chatty  : uid=1000(system) batterystats-wo expire 11 lines
08-30 01:47:03.800  1164  1210 I chatty  : uid=1000(system) ActivityManager expire 2 lines
08-30 01:47:24.746  1164  3235 I chatty  : uid=1000(system) Binder:1164_F expire 11 lines
08-30 01:47:24.805  1164  3381 I chatty  : uid=1000(system) Binder:1164_16 expire 2 lines
08-30 01:48:48.202  1164  2845 I chatty  : uid=1000(system) Binder:1164_A expire 2 lines
08-30 01:49:00.014  1164  1164 I chatty  : uid=1000 system_server expire 13 lines
08-30 01:49:00.092  1164  1995 I chatty  : uid=1000(system) Binder:1164_7 expire 3 lines
08-30 01:49:00.156  1164  3241 I chatty  : uid=1000(system) Binder:1164_10 expire 1 line
08-30 01:54:44.368  1164  1994 I chatty  : uid=1000(system) Binder:1164_6 expire 12 lines
08-30 01:54:44.514  1164  6197 I chatty  : uid=1000(system) Binder:1164_1E expire 3 lines
08-30 02:00:00.308  7105  7105 D ActivityThread: Loading provider com.whatsapp.provider.contact: com.whatsapp.contact.ContactProvider
08-30 02:01:29.634  1164  1209 I chatty  : uid=1000(system) android.bg expire 3 lines
08-30 02:03:31.420  1164  1212 I chatty  : uid=1000(system) ActivityManager expire 28 lines
08-30 02:03:32.241  1164  1164 I chatty  : uid=1000 system_server expire 63 lines
08-30 02:03:35.458  1164  2861 I chatty  : uid=1000(system) Binder:1164_E expire 3 lines
08-30 02:03:54.646  1164  1560 I chatty  : uid=1000(system) Binder:1164_3 expire 10 lines
08-30 02:13:38.105  1164  3277 I chatty  : uid=1000(system) Binder:1164_11 expire 2 lines
08-30 02:16:31.923  1164  3235 I chatty  : uid=1000(system) Binder:1164_F expire 3 lines
08-30 02:16:52.573  1164  2858 I chatty  : uid=1000(system) Binder:1164_C expire 1 line
08-30 02:24:00.987  1164  1677 I chatty  : uid=1000(system) Binder:1164_4 expire 1 line
08-30 02:24:03.606  1164  3362 I chatty  : uid=1000(system) Binder:1164_13 expire 4 lines
08-30 02:25:34.746  1164  8174 I chatty  : uid=1000(system) Binder:1164_1F expire 2 lines
08-30 02:36:33.007  1164  2789 I chatty  : uid=1000(system) backup expire 4 lines
08-30 02:46:29.992  1164  2859 I chatty  : uid=1000(system) Binder:1164_D expire 3 lines
08-30 02:46:30.067  1164  2855 I chatty  : uid=1000(system) Binder:1164_B expire 8 lines
08-30 02:47:03.837  1164  3395 I chatty  : uid=1000(system) Binder:1164_18 expire 2 lines
08-30 02:53:20.164  1164  1217 I chatty  : uid=1000(system) android.io expire 2 lines
08-30 02:55:36.069  1164  2176 I chatty  : uid=1000(system) Binder:1164_9 expire 3 lines
08-30 02:57:02.749  1164  3725 I chatty  : uid=1000(system) Binder:1164_1C expire 1 line
08-30 02:57:44.967  1164  3723 I chatty  : uid=1000(system) Binder:1164_1B expire 1 line
08-30 03:03:32.536  1164  1192 I chatty  : uid=1000(system) Binder:1164_2 expire 4 lines
08-30 03:04:29.780  1164  1209 I chatty  : uid=1000(system) android.bg expire 4 lines
08-30 03:04:31.721  1164  1212 I chatty  : uid=1000(system) ActivityManager expire 22 lines
08-30 03:04:32.479  1164  3241 I chatty  : uid=1000(system) Binder:1164_10 expire 5 lines
08-30 03:04:32.724  1164  4965 I chatty  : uid=1000(system) Binder:1164_1D expire 7 lines
08-30 03:04:54.852  1164  2858 I chatty  : uid=1000(system) Binder:1164_C expire 7 lines
08-30 03:06:14.470 11071 11071 D ActivityThread: Loading provider com.whatsapp.provider.contact: com.whatsapp.contact.ContactProvider
08-30 03:06:14.483  1164  2003 I chatty  : uid=1000(system) Binder:1164_8 expire 4 lines
08-30 03:07:19.021  1164  2845 I chatty  : uid=1000(system) Binder:1164_A expire 8 lines
08-30 03:07:19.086  1164  3385 I chatty  : uid=1000(system) Binder:1164_17 expire 7 lines
08-30 03:07:38.050  1164 18099 I chatty  : uid=1000(system) Binder:1164_20 expire 1 line
08-30 03:07:38.338  1164  1164 I chatty  : uid=1000 system_server expire 48 lines
08-30 03:07:40.779  1164  1190 I chatty  : uid=1000(system) Binder:1164_1 expire 2 lines
08-30 03:07:40.799  1164  1214 I chatty  : uid=1000(system) batterystats-wo expire 8 lines
08-30 03:19:34.837  1164  3397 I chatty  : uid=1000(system) Binder:1164_1A expire 3 lines
08-30 03:27:22.977  1164  1210 I chatty  : uid=1000(system) ActivityManager expire 2 lines
08-30 03:34:33.908  1164  3395 I chatty  : uid=1000(system) Binder:1164_18 expire 3 lines
08-30 03:35:00.148  1164  2789 I chatty  : uid=1000(system) backup expire 21 lines
08-30 03:37:30.150  1164  3381 I chatty  : uid=1000(system) Binder:1164_16 expire 1 line
08-30 03:47:04.346  1164  6197 I chatty  : uid=1000(system) Binder:1164_1E expire 4 lines
08-30 03:55:51.385  1164  1546 I chatty  : uid=1000(system) ConnectivitySer expire 24 lines
08-30 03:55:51.620   703   718 D NetlinkEvent: Unknown ifindex 75 in RTM_DELADDR
08-30 03:58:53.985  1164  1164 I chatty  : uid=1000 system_server expire 12 lines
08-30 04:03:00.800  1164  1212 I chatty  : uid=1000(system) ActivityManager expire 9 lines
08-30 04:03:01.362  1164  3363 I chatty  : uid=1000(system) Binder:1164_14 expire 5 lines
08-30 04:03:01.808  1164  1994 I chatty  : uid=1000(system) Binder:1164_6 expire 1 line
08-30 04:03:01.892  1164  3396 I chatty  : uid=1000(system) Binder:1164_19 expire 1 line
08-30 04:03:21.984  1164  3362 I chatty  : uid=1000(system) Binder:1164_13 expire 3 lines
08-30 04:06:25.448 14986 14986 D ActivityThread: Loading provider com.whatsapp.provider.contact: com.whatsapp.contact.ContactProvider
08-30 04:11:45.470  1164  1680 I chatty  : uid=1000(system) Binder:1164_5 expire 2 lines
08-30 04:17:33.027  1164  3347 I chatty  : uid=1000(system) Binder:1164_12 expire 6 lines
08-30 04:21:36.231  1164  2789 I chatty  : uid=1000(system) backup expire 37 lines
08-30 04:21:36.328  1164  2858 I chatty  : uid=1000(system) Binder:1164_C expire 11 lines
08-30 04:21:36.769  1164  1212 I chatty  : uid=1000(system) ActivityManager expire 18 lines
08-30 04:21:36.996  1164  3362 I chatty  : uid=1000(system) Binder:1164_13 expire 10 lines
08-30 04:21:37.645  1164  1164 I chatty  : uid=1000 system_server expire 27 lines
08-30 04:21:43.154  1164  1210 I chatty  : uid=1000(system) ActivityManager expire 2 lines
08-30 04:22:00.832  1164  3395 I chatty  : uid=1000(system) Binder:1164_18 expire 1 line
08-30 04:26:29.778  1164  1209 I chatty  : uid=1000(system) android.bg expire 5 lines
08-30 04:31:31.809  1164  3241 I chatty  : uid=1000(system) Binder:1164_10 expire 7 lines
08-30 04:31:34.694  1164  4965 I chatty  : uid=1000(system) Binder:1164_1D expire 7 lines
08-30 04:31:34.711  1164  1214 I chatty  : uid=1000(system) batterystats-wo expire 5 lines
08-30 04:41:35.584  1164  1994 I chatty  : uid=1000(system) Binder:1164_6 expire 4 lines
08-30 04:41:46.247  1164  3723 I chatty  : uid=1000(system) Binder:1164_1B expire 5 lines
08-30 04:42:29.825  1164  2845 I chatty  : uid=1000(system) Binder:1164_A expire 3 lines
08-30 04:42:33.369  1164  3381 I chatty  : uid=1000(system) Binder:1164_16 expire 1 line
08-30 04:54:33.016  1164  3396 I chatty  : uid=1000(system) Binder:1164_19 expire 2 lines
08-30 04:54:33.072  1164  3235 I chatty  : uid=1000(system) Binder:1164_F expire 4 lines
08-30 04:59:55.915  1164  1680 I chatty  : uid=1000(system) Binder:1164_5 expire 2 lines
08-30 05:02:01.938 18264 18264 D ActivityThread: Loading provider com.google.android.gm.sapi: com.google.android.gm.sapi.SapiUiProvider
08-30 05:02:06.027  1164  1220 I chatty  : uid=1000(system) PowerManagerSer expire 4 lines
08-30 05:02:06.039  1164  1218 I chatty  : uid=1000(system) android.display expire 3 lines
08-30 05:02:28.190  1164  1190 I chatty  : uid=1000(system) Binder:1164_1 expire 5 lines
08-30 05:02:29.304  1164  1212 I chatty  : uid=1000(system) ActivityManager expire 14 lines
08-30 05:03:31.897  1164  1164 I chatty  : uid=1000 system_server expire 28 lines
08-30 05:06:14.216 18751 18751 D ActivityThread: Loading provider com.whatsapp.provider.contact: com.whatsapp.contact.ContactProvider
08-30 05:06:14.680  1164  3385 I chatty  : uid=1000(system) Binder:1164_17 expire 2 lines
08-30 05:13:56.413  1164  3363 I chatty  : uid=1000(system) Binder:1164_14 expire 2 lines
08-30 05:14:38.127  1164  3362 I chatty  : uid=1000(system) Binder:1164_13 expire 4 lines
08-30 05:30:36.810  1164  3241 I chatty  : uid=1000(system) Binder:1164_10 expire 1 line
08-30 05:31:32.518  1164  1212 I chatty  : uid=1000(system) ActivityManager expire 13 lines
08-30 05:31:32.537  1164  3371 I chatty  : uid=1000(system) Binder:1164_15 expire 5 lines
08-30 05:34:00.591  1164  1164 I chatty  : uid=1000 system_server expire 48 lines
08-30 05:35:30.072  1164  1209 I chatty  : uid=1000(system) android.bg expire 7 lines
08-30 05:37:36.213  1164  1214 I chatty  : uid=1000(system) batterystats-wo expire 5 lines
08-30 05:41:36.285  1164  1192 I chatty  : uid=1000(system) Binder:1164_2 expire 3 lines
08-30 05:42:00.070  1164  3347 I chatty  : uid=1000(system) Binder:1164_12 expire 6 lines
08-30 05:42:01.434  1164  2845 I chatty  : uid=1000(system) Binder:1164_A expire 2 lines
08-30 05:44:38.696  1164  2858 I chatty  : uid=1000(system) Binder:1164_C expire 2 lines
08-30 05:44:52.942  1164  3397 I chatty  : uid=1000(system) Binder:1164_1A expire 2 lines
08-30 05:45:59.810  1164  1210 I chatty  : uid=1000(system) ActivityManager expire 2 lines
08-30 05:47:30.426  1164  3381 I chatty  : uid=1000(system) Binder:1164_16 expire 2 lines
08-30 05:48:36.177  1164  2789 I chatty  : uid=1000(system) backup expire 4 lines
08-30 05:53:20.024  1164  1217 I chatty  : uid=1000(system) android.io expire 2 lines
08-30 05:55:04.892  1164  1220 I chatty  : uid=1000(system) PowerManagerSer expire 4 lines
08-30 05:55:04.912  1164  1218 I chatty  : uid=1000(system) android.display expire 3 lines
08-30 05:59:05.132  1164  3363 I chatty  : uid=1000(system) Binder:1164_14 expire 4 lines
08-30 06:01:36.505  1164  4965 I chatty  : uid=1000(system) Binder:1164_1D expire 5 lines
08-30 06:08:10.935 22467 22467 D ActivityThread: Loading provider com.whatsapp.provider.contact: com.whatsapp.contact.ContactProvider
08-30 06:08:18.858  1164  1212 I chatty  : uid=1000(system) ActivityManager expire 16 lines
08-30 06:08:18.893  1164  1995 I chatty  : uid=1000(system) Binder:1164_7 expire 6 lines
08-30 06:11:34.204  1164  2859 I chatty  : uid=1000(system) Binder:1164_D expire 5 lines
08-30 06:12:03.286  1164  8174 I chatty  : uid=1000(system) Binder:1164_1F expire 5 lines
08-30 06:12:59.724  1164  1546 I chatty  : uid=1000(system) ConnectivitySer expire 24 lines
08-30 06:12:59.961   703   718 D NetlinkEvent: Unknown ifindex 76 in RTM_DELADDR
08-30 06:14:56.978  1164  1164 I chatty  : uid=1000 system_server expire 31 lines
08-30 06:14:57.920  1164  3385 I chatty  : uid=1000(system) Binder:1164_17 expire 1 line
08-30 06:14:58.000  1164  2176 I chatty  : uid=1000(system) Binder:1164_9 expire 2 lines
08-30 06:14:58.672  1164  6197 I chatty  : uid=1000(system) Binder:1164_1E expire 1 line
08-30 06:30:00.787  1164  1560 I chatty  : uid=1000(system) Binder:1164_3 expire 1 line
08-30 06:45:37.877  1164  2855 I chatty  : uid=1000(system) Binder:1164_B expire 2 lines
08-30 06:46:11.558  1164  3725 I chatty  : uid=1000(system) Binder:1164_1C expire 2 lines
08-30 06:46:32.625  1164  2003 I chatty  : uid=1000(system) Binder:1164_8 expire 4 lines
08-30 06:47:15.411  1164  1212 I chatty  : uid=1000(system) ActivityManager expire 11 lines
08-30 06:47:44.853  1164  3385 I chatty  : uid=1000(system) Binder:1164_17 expire 7 lines
08-30 06:47:44.987  1164  3347 I chatty  : uid=1000(system) Binder:1164_12 expire 4 lines
08-30 06:47:44.987  1164  4965 I chatty  : uid=1000(system) Binder:1164_1D expire 1 line
08-30 06:47:44.988  1164  3371 I chatty  : uid=1000(system) Binder:1164_15 expire 7 lines
08-30 06:50:05.405  1164  1680 I chatty  : uid=1000(system) Binder:1164_5 expire 5 lines
08-30 06:50:29.801  1164  1209 I chatty  : uid=1000(system) android.bg expire 4 lines
08-30 06:53:20.244  1164  1214 I chatty  : uid=1000(system) batterystats-wo expire 10 lines
08-30 06:55:39.645  1164  3363 I chatty  : uid=1000(system) Binder:1164_14 expire 7 lines
08-30 06:55:40.108  1164  1164 I chatty  : uid=1000 system_server expire 13 lines
08-30 06:55:54.725  1164  6197 I chatty  : uid=1000(system) Binder:1164_1E expire 8 lines
08-30 07:04:31.390  1164  2789 I chatty  : uid=1000(system) backup expire 4 lines
08-30 07:06:14.242 25961 25961 D ActivityThread: Loading provider com.whatsapp.provider.contact: com.whatsapp.contact.ContactProvider
08-30 07:06:16.555  1164  1164 I chatty  : uid=1000 system_server expire 67 lines
08-30 07:07:16.280 26123 26123 D ActivityThread: Loading provider com.google.android.gm.sapi: com.google.android.gm.sapi.SapiUiProvider
08-30 07:07:16.997  1164  1212 I chatty  : uid=1000(system) ActivityManager expire 23 lines
08-30 07:08:00.081  1164  1995 I chatty  : uid=1000(system) Binder:1164_7 expire 7 lines
08-30 07:08:00.082  1164  3241 I chatty  : uid=1000(system) Binder:1164_10 expire 3 lines
08-30 07:11:39.925  1164  1220 I chatty  : uid=1000(system) PowerManagerSer expire 8 lines
08-30 07:11:39.952  1164  1218 I chatty  : uid=1000(system) android.display expire 6 lines
08-30 07:17:17.390  1164  8174 I chatty  : uid=1000(system) Binder:1164_1F expire 2 lines
08-30 07:18:54.827  1164  2859 I chatty  : uid=1000(system) Binder:1164_D expire 1 line
08-30 07:19:29.551  1164  1210 I chatty  : uid=1000(system) ActivityManager expire 1 line
08-30 07:19:29.598  1164  1994 I chatty  : uid=1000(system) Binder:1164_6 expire 7 lines
08-30 07:22:23.708  1164  3381 I chatty  : uid=1000(system) Binder:1164_16 expire 2 lines
08-30 07:22:27.062  1164  3362 I chatty  : uid=1000(system) Binder:1164_13 expire 5 lines
08-30 07:28:02.673  1164  2858 I chatty  : uid=1000(system) Binder:1164_C expire 7 lines
08-30 07:49:33.206  1164  1677 I chatty  : uid=1000(system) Binder:1164_4 expire 6 lines
08-30 07:52:03.575  1164  2789 I chatty  : uid=1000(system) backup expire 2 lines
08-30 07:52:30.284  1164  1209 I chatty  : uid=1000(system) android.bg expire 1 line
08-30 07:53:00.013  1164  1164 I chatty  : uid=1000 system_server expire 17 lines
08-30 07:54:44.197  1164  1212 I chatty  : uid=1000(system) ActivityManager expire 11 lines
08-30 07:54:46.461  1164  3235 I chatty  : uid=1000(system) Binder:1164_F expire 1 line
08-30 07:54:47.806  1164  3381 I chatty  : uid=1000(system) Binder:1164_16 expire 5 lines
08-30 07:55:00.253  1164 18099 I chatty  : uid=1000(system) Binder:1164_20 expire 5 lines
08-30 07:55:00.266  1164  3371 I chatty  : uid=1000(system) Binder:1164_15 expire 9 lines
08-30 07:55:00.266  1164  1216 I chatty  : uid=1000(system) android.fg expire 5 lines
08-30 07:55:00.297  1164  1456 I chatty  : uid=1000(system) android.anim expire 1 line
08-30 07:55:00.367  1164  1220 I chatty  : uid=1000(system) PowerManagerSer expire 13 lines
08-30 07:55:00.384  1164  3363 I chatty  : uid=1000(system) Binder:1164_14 expire 3 lines
08-30 07:55:00.389  1164  1214 I chatty  : uid=1000(system) batterystats-wo expire 1 line
08-30 07:55:00.403  1164  1218 I chatty  : uid=1000(system) android.display expire 7 lines
08-30 07:55:03.779  1164  2176 I chatty  : uid=1000(system) Binder:1164_9 expire 8 lines
08-30 07:55:03.792  1164  3347 I chatty  : uid=1000(system) Binder:1164_12 expire 2 lines
08-30 07:55:03.846  1164  2855 I chatty  : uid=1000(system) Binder:1164_B expire 6 lines
08-30 07:55:03.847  1164  4965 I chatty  : uid=1000(system) Binder:1164_1D expire 3 lines
08-30 07:55:03.847  1164  1994 I chatty  : uid=1000(system) Binder:1164_6 expire 1 line
08-30 07:55:09.645  2806 23964 I AlwaysOnHotwordDetector: onRecognitionPaused
08-30 07:55:09.687  1164  1164 I chatty  : uid=1000 system_server expire 15 lines
08-30 07:55:09.899  2806 23964 I AlwaysOnHotwordDetector: onRecognitionResumed
08-30 07:55:19.571 32550 32550 E SchedPolicy: set_timerslack_ns write failed: Operation not permitted
08-30 07:55:19.600  1164  3396 I chatty  : uid=1000(system) Binder:1164_19 expire 1 line
08-30 07:55:19.858 32550 32550 E SchedPolicy: set_timerslack_ns write failed: Operation not permitted
08-30 07:55:21.447  1164  1995 I chatty  : uid=1000(system) Binder:1164_7 expire 1 line
08-30 07:55:22.979  1164  1164 I chatty  : uid=1000 system_server expire 26 lines
08-30 07:55:25.670  1164  1546 I chatty  : uid=1000(system) ConnectivitySer expire 30 lines
08-30 07:55:28.993  1164  1506 I chatty  : uid=1000(system) InputReader expire 2 lines
08-30 07:55:34.812  1164  1482 I chatty  : uid=1000(system) AlarmManager expire 1 line
08-30 07:55:39.829  1164  3397 I chatty  : uid=1000(system) Binder:1164_1A expire 4 lines
08-30 07:55:50.946   703   718 D NetlinkEvent: Unknown ifindex 77 in RTM_DELADDR
08-30 07:55:51.549  1164  3362 I chatty  : uid=1000(system) Binder:1164_13 expire 1 line
08-30 07:55:57.552  1164  1212 I chatty  : uid=1000(system) ActivityManager expire 6 lines
08-30 07:56:05.636  1164  3723 I chatty  : uid=1000(system) Binder:1164_1B expire 1 line
08-30 07:59:32.065  1164  2858 I chatty  : uid=1000(system) Binder:1164_C expire 1 line
08-30 07:59:35.591  1164  2003 I chatty  : uid=1000(system) Binder:1164_8 expire 8 lines
08-30 08:00:00.321  1164  2176 I chatty  : uid=1000(system) Binder:1164_9 expire 3 lines
08-30 08:00:00.321  1164  1220 I chatty  : uid=1000(system) PowerManagerSer expire 21 lines
08-30 08:00:00.321  1164  1216 I chatty  : uid=1000(system) android.fg expire 9 lines
08-30 08:00:00.324  1164  1164 I chatty  : uid=1000 system_server expire 59 lines
08-30 08:00:00.347  1164  1218 I chatty  : uid=1000(system) android.display expire 6 lines
08-30 08:00:00.732  1164  4965 I chatty  : uid=1000(system) Binder:1164_1D expire 3 lines
08-30 08:00:04.499  1164  1460 I chatty  : uid=1000(system) HwBinder:1164_1 expire 1 line
08-30 08:00:06.172  1164  1210 I chatty  : uid=1000(system) ActivityManager expire 19 lines
08-30 08:00:06.204  1164  1209 I chatty  : uid=1000(system) android.bg expire 10 lines
08-30 08:00:06.215  2806 23964 I AlwaysOnHotwordDetector: onRecognitionPaused
08-30 08:00:06.219  1164  1214 I chatty  : uid=1000(system) batterystats-wo expire 4 lines
08-30 08:00:06.475  1164  1211 I chatty  : uid=1000(system) android.ui expire 4 lines
08-30 08:00:06.560  1164  3371 I chatty  : uid=1000(system) Binder:1164_15 expire 2 lines
08-30 08:00:06.572  1164  2855 I chatty  : uid=1000(system) Binder:1164_B expire 2 lines
08-30 08:00:20.247  1164  3362 I chatty  : uid=1000(system) Binder:1164_13 expire 3 lines
08-30 08:00:20.314  1164  1212 I chatty  : uid=1000(system) ActivityManager expire 7 lines
08-30 08:00:20.757  1164  1190 I chatty  : uid=1000(system) Binder:1164_1 expire 1 line
08-30 08:00:21.391  1164  1995 I chatty  : uid=1000(system) Binder:1164_7 expire 1 line
08-30 08:02:03.948  1164  1560 I chatty  : uid=1000(system) Binder:1164_3 expire 5 lines
08-30 08:02:04.034  1164  3725 I chatty  : uid=1000(system) Binder:1164_1C expire 1 line
08-30 08:02:04.070  1164  1994 I chatty  : uid=1000(system) Binder:1164_6 expire 5 lines
08-30 08:02:04.219  1164  1680 I chatty  : uid=1000(system) Binder:1164_5 expire 4 lines
08-30 08:02:12.282  1164  1506 I chatty  : uid=1000(system) InputReader expire 2 lines
08-30 08:02:13.117  1164  3347 I chatty  : uid=1000(system) Binder:1164_12 expire 1 line
08-30 08:02:13.200  1164  8174 I chatty  : uid=1000(system) Binder:1164_1F expire 5 lines
08-30 08:08:16.731  1164  3397 I chatty  : uid=1000(system) Binder:1164_1A expire 2 lines
08-30 08:08:16.809  1164  3363 I chatty  : uid=1000(system) Binder:1164_14 expire 5 lines
08-30 08:08:26.687 31504 31504 D ActivityThread: Loading provider com.google.android.gm.sapi: com.google.android.gm.sapi.SapiUiProvider
08-30 08:08:50.322  1164  1994 I chatty  : uid=1000(system) Binder:1164_6 expire 5 lines
08-30 08:08:51.345  1164  1212 I chatty  : uid=1000(system) ActivityManager expire 10 lines
08-30 08:08:51.576  1164  2003 I chatty  : uid=1000(system) Binder:1164_8 expire 6 lines
08-30 08:08:53.415  1164  1210 I chatty  : uid=1000(system) ActivityManager expire 11 lines
08-30 08:09:00.347  1164  1164 I chatty  : uid=1000 system_server expire 19 lines
08-30 08:09:01.839  1164  1995 I chatty  : uid=1000(system) Binder:1164_7 expire 7 lines
08-30 08:09:01.845  1164  3347 I chatty  : uid=1000(system) Binder:1164_12 expire 2 lines
08-30 08:09:01.853  1164  6197 I chatty  : uid=1000(system) Binder:1164_1E expire 3 lines
08-30 08:10:12.897  1164  2858 I chatty  : uid=1000(system) Binder:1164_C expire 4 lines
08-30 08:10:12.925  1164  3235 I chatty  : uid=1000(system) Binder:1164_F expire 3 lines
08-30 08:10:12.969  1164  4965 I chatty  : uid=1000(system) Binder:1164_1D expire 4 lines
08-30 08:10:13.010  1164  3396 I chatty  : uid=1000(system) Binder:1164_19 expire 6 lines
08-30 08:10:13.012  1164  2176 I chatty  : uid=1000(system) Binder:1164_9 expire 2 lines
08-30 08:10:13.144  1164  1546 I chatty  : uid=1000(system) ConnectivitySer expire 1 line
08-30 08:10:13.290  1164  1192 I chatty  : uid=1000(system) Binder:1164_2 expire 1 line
08-30 08:10:13.290  1164  1560 I chatty  : uid=1000(system) Binder:1164_3 expire 1 line
08-30 08:10:13.290  1164  3381 I chatty  : uid=1000(system) Binder:1164_16 expire 2 lines
08-30 08:10:13.320  1164  3371 I chatty  : uid=1000(system) Binder:1164_15 expire 9 lines
08-30 08:10:13.332  1164  1218 I chatty  : uid=1000(system) android.display expire 3 lines
08-30 08:10:24.506  1164  2855 I chatty  : uid=1000(system) Binder:1164_B expire 1 line
08-30 08:10:25.527  1164  3277 I chatty  : uid=1000(system) Binder:1164_11 expire 2 lines
08-30 08:11:27.261  1164  1214 I chatty  : uid=1000(system) batterystats-wo expire 6 lines
08-30 08:11:44.402  1164  1677 I chatty  : uid=1000(system) Binder:1164_4 expire 1 line
08-30 08:13:31.234  1164  2861 I chatty  : uid=1000(system) Binder:1164_E expire 3 lines
08-30 08:13:33.343  1164  3395 I chatty  : uid=1000(system) Binder:1164_18 expire 1 line
08-30 08:13:33.583  1348  1348 D ActivityThread: Loading provider com.google.android.gm.sapi: com.google.android.gm.sapi.SapiUiProvider
08-30 08:13:33.744  1164  1212 I chatty  : uid=1000(system) ActivityManager expire 10 lines
08-30 08:14:03.328  1164  1220 I chatty  : uid=1000(system) PowerManagerSer expire 9 lines
08-30 08:14:03.329  1164  1164 I chatty  : uid=1000 system_server expire 30 lines
08-30 08:14:04.014  1164 18099 I chatty  : uid=1000(system) Binder:1164_20 expire 4 lines
08-30 08:14:04.148  1164  1216 I chatty  : uid=1000(system) android.fg expire 3 lines
08-30 08:14:04.238  1164  3725 I chatty  : uid=1000(system) Binder:1164_1C expire 6 lines
08-30 08:19:29.760  1164  8174 I chatty  : uid=1000(system) Binder:1164_1F expire 2 lines
08-30 08:19:30.104  1164  1190 I chatty  : uid=1000(system) Binder:1164_1 expire 3 lines
08-30 08:27:06.587  1164  1506 I chatty  : uid=1000(system) InputReader expire 1 line
08-30 08:27:06.888  1164  3241 I chatty  : uid=1000(system) Binder:1164_10 expire 4 lines
08-30 08:27:09.804  1688  1688 V DeadZone: consuming errant click: (726.0,35.0)
08-30 08:27:09.804  1688  1688 V DeadZone: consuming errant click: (726.0,35.0)
08-30 08:27:11.874  1164  1505 I chatty  : uid=1000(system) InputDispatcher expire 2 lines
08-30 08:27:13.506  1164  1212 I chatty  : uid=1000(system) ActivityManager expire 15 lines
08-30 08:27:14.149  1164  2003 I chatty  : uid=1000(system) Binder:1164_8 expire 8 lines
08-30 08:27:14.905  1164  3241 I chatty  : uid=1000(system) Binder:1164_10 expire 3 lines
08-30 08:27:15.138  1164 18099 I chatty  : uid=1000(system) Binder:1164_20 expire 6 lines
08-30 08:27:24.599  1164  1164 I chatty  : uid=1000 system_server expire 10 lines
08-30 08:27:43.832  1164  1546 I chatty  : uid=1000(system) ConnectivitySer expire 7 lines
08-30 08:27:49.344  1164  1220 I chatty  : uid=1000(system) PowerManagerSer expire 9 lines
08-30 08:27:49.901  1164  1218 I chatty  : uid=1000(system) android.display expire 2 lines
08-30 08:27:50.050  1164  1216 I chatty  : uid=1000(system) android.fg expire 7 lines
08-30 08:27:50.103  2736  2736 E SchedPolicy: set_timerslack_ns write failed: Operation not permitted
08-30 08:27:50.135  1164  1995 I chatty  : uid=1000(system) Binder:1164_7 expire 1 line
08-30 08:27:50.151  1164  3725 I chatty  : uid=1000(system) Binder:1164_1C expire 1 line
08-30 08:27:50.195  1164  1210 I chatty  : uid=1000(system) ActivityManager expire 9 lines
08-30 08:27:50.248  1164  8174 I chatty  : uid=1000(system) Binder:1164_1F expire 9 lines
08-30 08:27:54.516  2736  2736 E SchedPolicy: set_timerslack_ns write failed: Operation not permitted
08-30 08:30:44.756  1164  1164 I chatty  : uid=1000 system_server expire 26 lines
08-30 08:46:29.313  1164  3396 I chatty  : uid=1000(system) Binder:1164_19 expire 1 line
08-30 08:46:29.833  2736  2736 E SchedPolicy: set_timerslack_ns write failed: Operation not permitted
08-30 08:46:29.834  1164  4965 I chatty  : uid=1000(system) Binder:1164_1D expire 2 lines
08-30 08:46:29.859  1164  1164 I chatty  : uid=1000 system_server expire 14 lines
08-30 08:46:29.874  1164  1209 I chatty  : uid=1000(system) android.bg expire 3 lines
08-30 08:46:30.018  1164  3385 I chatty  : uid=1000(system) Binder:1164_17 expire 13 lines
08-30 08:46:30.047  1164  3235 I chatty  : uid=1000(system) Binder:1164_F expire 4 lines
08-30 08:46:32.762  2736  2736 E SchedPolicy: set_timerslack_ns write failed: Operation not permitted
08-30 08:46:34.025  2736  2736 E SchedPolicy: set_timerslack_ns write failed: Operation not permitted
08-30 08:46:41.248  2736  2736 E SchedPolicy: set_timerslack_ns write failed: Operation not permitted
08-30 08:46:41.442  1164  1164 I chatty  : uid=1000 system_server expire 2 lines
08-30 08:46:42.439  1164  2845 I chatty  : uid=1000(system) Binder:1164_A expire 36 lines
08-30 08:46:43.677  2736  2736 E SchedPolicy: set_timerslack_ns write failed: Operation not permitted
08-30 08:46:44.254  1164  3385 I chatty  : uid=1000(system) Binder:1164_17 expire 3 lines
08-30 08:46:44.626  3736  3926 W ActivityThread: ClassLoader.getResources: The class loader returned by Thread.getContextClassLoader() may fail for processes that host multiple applications. You should explicitly specify a context class loader. For example: Thread.setContextClassLoader(getClass().getClassLoader());
08-30 08:46:46.181  1164  6197 I chatty  : uid=1000(system) Binder:1164_1E expire 2 lines
08-30 08:46:46.575  1164  1190 I chatty  : uid=1000(system) Binder:1164_1 expire 1 line
08-30 08:46:47.962  1164  3363 I chatty  : uid=1000(system) Binder:1164_14 expire 1 line
08-30 08:46:48.052  2736  2736 E SchedPolicy: set_timerslack_ns write failed: Operation not permitted
08-30 08:46:48.117  1164  1212 I chatty  : uid=1000(system) ActivityManager expire 2 lines
08-30 08:46:48.235  1164  2861 I chatty  : uid=1000(system) Binder:1164_E expire 3 lines
08-30 08:46:48.263  1164  1560 I chatty  : uid=1000(system) Binder:1164_3 expire 1 line
08-30 08:46:48.265  1164  3362 I chatty  : uid=1000(system) Binder:1164_13 expire 6 lines
08-30 08:46:48.287  1164  1560 I chatty  : uid=1000(system) Binder:1164_3 expire 10 lines
08-30 08:46:48.574  1164 18099 I chatty  : uid=1000(system) Binder:1164_20 expire 7 lines
08-30 08:46:48.769  1164  1212 I chatty  : uid=1000(system) ActivityManager expire 9 lines
08-30 08:46:48.805  2736  2736 E SchedPolicy: set_timerslack_ns write failed: Operation not permitted
08-30 08:46:49.248  1164  2861 I chatty  : uid=1000(system) Binder:1164_E expire 9 lines
08-30 08:46:50.616  1164  3396 I chatty  : uid=1000(system) Binder:1164_19 expire 4 lines
08-30 08:46:50.955  1164  2003 I chatty  : uid=1000(system) Binder:1164_8 expire 3 lines
08-30 08:46:54.056  1164  1164 I chatty  : uid=1000 system_server expire 20 lines
08-30 08:46:57.570  1164  3235 I chatty  : uid=1000(system) Binder:1164_F expire 3 lines
08-30 08:46:59.545  1164  2859 I chatty  : uid=1000(system) Binder:1164_D expire 1 line
08-30 08:46:59.565  1164  1214 I chatty  : uid=1000(system) batterystats-wo expire 9 lines
08-30 08:47:17.982  1164  1220 I chatty  : uid=1000(system) PowerManagerSer expire 11 lines
08-30 08:47:18.617  1164  1218 I chatty  : uid=1000(system) android.display expire 3 lines
08-30 08:47:18.759  1164  1216 I chatty  : uid=1000(system) android.fg expire 6 lines
08-30 08:47:18.790  2736  2736 E SchedPolicy: set_timerslack_ns write failed: Operation not permitted
08-30 08:47:18.825  1164  1995 I chatty  : uid=1000(system) Binder:1164_7 expire 3 lines
08-30 08:47:18.897  1164  1210 I chatty  : uid=1000(system) ActivityManager expire 10 lines
08-30 08:47:18.993  1164  3347 I chatty  : uid=1000(system) Binder:1164_12 expire 3 lines
08-30 08:47:23.121  2736  2736 E SchedPolicy: set_timerslack_ns write failed: Operation not permitted
08-30 08:48:44.837  1164  3371 I chatty  : uid=1000(system) Binder:1164_15 expire 5 lines
08-30 08:49:36.624  1164  2845 I chatty  : uid=1000(system) Binder:1164_A expire 1 line
08-30 08:49:38.348  1164  1211 I chatty  : uid=1000(system) android.ui expire 3 lines
08-30 08:53:17.839  1164  1209 I chatty  : uid=1000(system) android.bg expire 1 line
08-30 08:55:51.167  1164  3385 I chatty  : uid=1000(system) Binder:1164_17 expire 8 lines
08-30 08:55:51.625  1164  1680 I chatty  : uid=1000(system) Binder:1164_5 expire 1 line
08-30 08:55:51.785  2736  2736 E SchedPolicy: set_timerslack_ns write failed: Operation not permitted
08-30 08:55:53.554  1164  1164 I chatty  : uid=1000 system_server expire 13 lines
08-30 08:55:54.930  2736  2736 E SchedPolicy: set_timerslack_ns write failed: Operation not permitted
08-30 08:55:56.014  2736  2736 E SchedPolicy: set_timerslack_ns write failed: Operation not permitted
08-30 08:56:02.078  1164  1505 I chatty  : uid=1000(system) InputDispatcher expire 1 line
08-30 08:56:02.129  2736  2736 E SchedPolicy: set_timerslack_ns write failed: Operation not permitted
08-30 08:56:03.631  1164  3725 I chatty  : uid=1000(system) Binder:1164_1C expire 3 lines
08-30 08:56:04.827  1164  1548 I chatty  : uid=1000(system) NsdService expire 10 lines
08-30 08:56:56.109 14653 14653 E SchedPolicy: set_timerslack_ns write failed: Operation not permitted
08-30 08:57:22.285  1164  1210 I chatty  : uid=1000(system) ActivityManager expire 6 lines
08-30 08:58:42.513  1164  1546 I chatty  : uid=1000(system) ConnectivitySer expire 2 lines
08-30 08:58:43.983 14653 14653 E SchedPolicy: set_timerslack_ns write failed: Operation not permitted
08-30 08:58:44.156  1164  1220 I chatty  : uid=1000(system) PowerManagerSer expire 3 lines
08-30 08:58:44.292  1164  1164 I chatty  : uid=1000 system_server expire 18 lines
08-30 09:01:53.201  1164  2861 I chatty  : uid=1000(system) Binder:1164_E expire 6 lines
08-30 09:03:07.788  1164  1214 I chatty  : uid=1000(system) batterystats-wo expire 1 line
08-30 09:03:24.813  1164  1220 I chatty  : uid=1000(system) PowerManagerSer expire 10 lines
08-30 09:03:24.846  1164  1218 I chatty  : uid=1000(system) android.display expire 6 lines
08-30 09:03:24.888  1164  1995 I chatty  : uid=1000(system) Binder:1164_7 expire 4 lines
08-30 09:03:24.914  1164  1210 I chatty  : uid=1000(system) ActivityManager expire 10 lines
08-30 09:03:24.972  1164  3725 I chatty  : uid=1000(system) Binder:1164_1C expire 2 lines
08-30 09:03:25.216  1164  1560 I chatty  : uid=1000(system) Binder:1164_3 expire 9 lines
08-30 09:03:25.232  1164  3235 I chatty  : uid=1000(system) Binder:1164_F expire 2 lines
08-30 09:03:25.313  1164  3362 I chatty  : uid=1000(system) Binder:1164_13 expire 1 line
08-30 09:03:25.360  1164  1680 I chatty  : uid=1000(system) Binder:1164_5 expire 4 lines
08-30 09:03:28.252  1164  1505 I chatty  : uid=1000(system) InputDispatcher expire 2 lines
08-30 09:03:32.303  1164  4965 I chatty  : uid=1000(system) Binder:1164_1D expire 3 lines
08-30 09:03:32.349  1164  3723 I chatty  : uid=1000(system) Binder:1164_1B expire 8 lines
08-30 09:03:32.452  2736  2736 E SchedPolicy: set_timerslack_ns write failed: Operation not permitted
08-30 09:03:32.498  1164  1164 I chatty  : uid=1000 system_server expire 10 lines
08-30 09:03:35.589  2736  2736 E SchedPolicy: set_timerslack_ns write failed: Operation not permitted
08-30 09:03:36.495  2736  2736 E SchedPolicy: set_timerslack_ns write failed: Operation not permitted
08-30 09:03:37.720  2736  2736 E SchedPolicy: set_timerslack_ns write failed: Operation not permitted
08-30 09:03:38.846  1164  1212 I chatty  : uid=1000(system) ActivityManager expire 7 lines
08-30 09:03:50.858  1164  1216 I chatty  : uid=1000(system) android.fg expire 8 lines
08-30 09:04:02.528  1164  3385 I chatty  : uid=1000(system) Binder:1164_17 expire 6 lines
08-30 09:04:04.835  1164  3347 I chatty  : uid=1000(system) Binder:1164_12 expire 6 lines
08-30 09:04:49.988  6045  6045 E SchedPolicy: set_timerslack_ns write failed: Operation not permitted
08-30 09:04:50.075  6045  6045 E SchedPolicy: set_timerslack_ns write failed: Operation not permitted
08-30 09:04:50.141  1164  1164 I chatty  : uid=1000 system_server expire 12 lines
08-30 09:04:54.341  6045  6045 E SchedPolicy: set_timerslack_ns write failed: Operation not permitted
08-30 09:05:29.330  1164  1210 I chatty  : uid=1000(system) ActivityManager expire 12 lines
08-30 09:05:35.379  1164  1190 I chatty  : uid=1000(system) Binder:1164_1 expire 2 lines
08-30 09:05:35.380  1164 18099 I chatty  : uid=1000(system) Binder:1164_20 expire 2 lines
08-30 09:05:35.791  6045  6045 E SchedPolicy: set_timerslack_ns write failed: Operation not permitted
08-30 09:05:35.806  1164  1220 I chatty  : uid=1000(system) PowerManagerSer expire 9 lines
08-30 09:05:35.934  1164  1164 I chatty  : uid=1000 system_server expire 11 lines
08-30 09:05:36.050  1164  3371 I chatty  : uid=1000(system) Binder:1164_15 expire 1 line
08-30 09:06:07.481  6045  6045 E SchedPolicy: set_timerslack_ns write failed: Operation not permitted
08-30 09:06:07.563  6045  6045 E SchedPolicy: set_timerslack_ns write failed: Operation not permitted
08-30 09:06:11.836  6045  6045 E SchedPolicy: set_timerslack_ns write failed: Operation not permitted
08-30 09:07:21.275  1164  1164 I chatty  : uid=1000 system_server expire 7 lines
08-30 09:07:21.340  1164  2845 I chatty  : uid=1000(system) Binder:1164_A expire 1 line
08-30 09:07:21.368  1164  1210 I chatty  : uid=1000(system) ActivityManager expire 10 lines
08-30 09:07:21.657  1164  3347 I chatty  : uid=1000(system) Binder:1164_12 expire 3 lines
08-30 09:07:21.743  1164  1560 I chatty  : uid=1000(system) Binder:1164_3 expire 4 lines
08-30 09:07:21.804  6045  6045 E SchedPolicy: set_timerslack_ns write failed: Operation not permitted
08-30 09:07:21.813  1164  1220 I chatty  : uid=1000(system) PowerManagerSer expire 10 lines
08-30 09:07:26.800  1164  1164 I chatty  : uid=1000 system_server expire 15 lines
08-30 09:07:43.077  1164  3362 I chatty  : uid=1000(system) Binder:1164_13 expire 1 line
08-30 09:07:53.701  1164  1218 I chatty  : uid=1000(system) android.display expire 4 lines
08-30 09:07:53.719  1164  3235 I chatty  : uid=1000(system) Binder:1164_F expire 6 lines
08-30 09:07:53.850  1164  1216 I chatty  : uid=1000(system) android.fg expire 6 lines
08-30 09:07:53.881  6045  6045 E SchedPolicy: set_timerslack_ns write failed: Operation not permitted
08-30 09:07:53.916  1164  1994 I chatty  : uid=1000(system) Binder:1164_6 expire 2 lines
08-30 09:07:53.938  6045  6045 E SchedPolicy: set_timerslack_ns write failed: Operation not permitted
08-30 09:07:54.030  1164  3381 I chatty  : uid=1000(system) Binder:1164_16 expire 3 lines
08-30 09:07:54.091  1164  3371 I chatty  : uid=1000(system) Binder:1164_15 expire 3 lines
08-30 09:07:58.186  1164  1680 I chatty  : uid=1000(system) Binder:1164_5 expire 2 lines
08-30 09:07:58.255  6045  6045 E SchedPolicy: set_timerslack_ns write failed: Operation not permitted
08-30 09:08:10.031  1164  1546 I chatty  : uid=1000(system) ConnectivitySer expire 27 lines
08-30 09:08:38.537  6045  6045 E SchedPolicy: set_timerslack_ns write failed: Operation not permitted
08-30 09:08:38.537  1164  1220 I chatty  : uid=1000(system) PowerManagerSer expire 8 lines
08-30 09:08:38.582  1164  8174 I chatty  : uid=1000(system) Binder:1164_1F expire 3 lines
08-30 09:08:41.712  1164  3277 I chatty  : uid=1000(system) Binder:1164_11 expire 6 lines
08-30 09:08:41.715  1164  1210 I chatty  : uid=1000(system) ActivityManager expire 21 lines
08-30 09:08:41.734  1164  3395 I chatty  : uid=1000(system) Binder:1164_18 expire 2 lines
08-30 09:08:41.984  1164  1164 I chatty  : uid=1000 system_server expire 22 lines
08-30 09:09:05.614  1164  1190 I chatty  : uid=1000(system) Binder:1164_1 expire 4 lines
08-30 09:09:17.277   703   718 D NetlinkEvent: Unknown ifindex 78 in RTM_DELADDR
08-30 09:09:27.815  1164 18099 I chatty  : uid=1000(system) Binder:1164_20 expire 1 line
08-30 09:09:41.519  1164  1677 I chatty  : uid=1000(system) Binder:1164_4 expire 1 line
08-30 09:09:41.525  1164  3397 I chatty  : uid=1000(system) Binder:1164_1A expire 1 line
08-30 09:09:41.528  1164  1530 I chatty  : uid=1000(system) NetworkPolicy expire 2 lines
08-30 09:09:41.558  1164  2176 I chatty  : uid=1000(system) Binder:1164_9 expire 1 line
08-30 09:09:41.670  1164  1212 I chatty  : uid=1000(system) ActivityManager expire 1 line
08-30 09:09:51.914  1164  3241 I chatty  : uid=1000(system) Binder:1164_10 expire 1 line
08-30 09:09:52.078  6045  6045 E SchedPolicy: set_timerslack_ns write failed: Operation not permitted
08-30 09:09:52.149  1164  1164 I chatty  : uid=1000 system_server expire 6 lines
08-30 09:09:52.152   922   922 W wificond: Skip match ssid for pno scan: One Medical Guest, BOXPARK FREE WIFI, Marriott_CONFERENCE, Madelines iPhone, wifi43-5G, 201Lobby, De Brabantse Aap, De Prins, _Kefairport-FreeWifi, Gatwick FREE Wi-Fi, JOE & THE JUICE, _ST PANCRAS FREE, Anne Frank House, Verona Guest, Blacksheep FREE WiFi, OnePlus3, DerwentGuest, _Free Islington, ChaiFi, TheContinentalBar_FREE_WIFI, EurostarTrainsWiFi, Free Wifi Heineken, Amstelring_Gast, Phutakun, ARKET Free WiFi, Mocomuseum Guest, Airport_Free_WiFi_, ATT088, EVA-WiFi, OCEAN GARDEN, YURIS APARTEMENT1, WARE WARE, Viroth-Hotel, V-Design Downstair, Saint-Honore, serene4, Tocotoco Free Wifi, serene2, NIA-MegaNet FreeWifi, visigoth
08-30 09:09:52.152   922   922 I wificond: Pno scan started
08-30 09:09:52.163  6045  6045 E SchedPolicy: set_timerslack_ns write failed: Operation not permitted
08-30 09:09:52.184  1164  3363 I chatty  : uid=1000(system) Binder:1164_14 expire 1 line
08-30 09:09:52.185  1164  1210 I chatty  : uid=1000(system) ActivityManager expire 11 lines
08-30 09:09:56.475  6045  6045 E SchedPolicy: set_timerslack_ns write failed: Operation not permitted
08-30 09:10:25.524  1164  1190 I chatty  : uid=1000(system) Binder:1164_1 expire 1 line
08-30 09:10:25.844  1164  1164 I chatty  : uid=1000 system_server expire 67 lines
08-30 09:10:25.881   922   922 I wificond: Pno scan stopped
08-30 09:10:25.899  1164  3395 I chatty  : uid=1000(system) Binder:1164_18 expire 1 line
08-30 09:10:25.924  1164  3235 I chatty  : uid=1000(system) Binder:1164_F expire 1 line
08-30 09:10:25.995  6045  6045 E SchedPolicy: set_timerslack_ns write failed: Operation not permitted
08-30 09:10:26.006  1164  1220 I chatty  : uid=1000(system) PowerManagerSer expire 15 lines
08-30 09:10:26.024  1164  2176 I chatty  : uid=1000(system) Binder:1164_9 expire 2 lines
08-30 09:10:26.089  1164  1994 I chatty  : uid=1000(system) Binder:1164_6 expire 2 lines
08-30 09:10:26.276  1164  3363 I chatty  : uid=1000(system) Binder:1164_14 expire 1 line
08-30 09:10:26.307  1164  3277 I chatty  : uid=1000(system) Binder:1164_11 expire 4 lines
08-30 09:10:27.093  1164  1505 I chatty  : uid=1000(system) InputDispatcher expire 4 lines
08-30 09:10:27.126  6045  6045 E SchedPolicy: set_timerslack_ns write failed: Operation not permitted
08-30 09:10:31.201  1164  3241 I chatty  : uid=1000(system) Binder:1164_10 expire 1 line
08-30 09:10:32.711  1164  6197 I chatty  : uid=1000(system) Binder:1164_1E expire 3 lines
08-30 09:10:32.779  1164  1212 I chatty  : uid=1000(system) ActivityManager expire 7 lines
08-30 09:10:32.796  1164  1456 I chatty  : uid=1000(system) android.anim expire 2 lines
08-30 09:10:33.620  1164  1560 I chatty  : uid=1000(system) Binder:1164_3 expire 4 lines
